[2026-02-26T02:17:21.946+0000] {taskinstance.py:1956} INFO - Dependencies all met for dep_context=non-requeueable deps ti=<TaskInstance: risk_analysis_v1.train_gradient_boosting manual__2026-02-26T02:17:09.775483+00:00 [queued]>
[2026-02-26T02:17:21.959+0000] {taskinstance.py:1956} INFO - Dependencies all met for dep_context=requeueable deps ti=<TaskInstance: risk_analysis_v1.train_gradient_boosting manual__2026-02-26T02:17:09.775483+00:00 [queued]>
[2026-02-26T02:17:21.960+0000] {taskinstance.py:2170} INFO - Starting attempt 1 of 1
[2026-02-26T02:17:21.994+0000] {taskinstance.py:2191} INFO - Executing <Task(PythonOperator): train_gradient_boosting> on 2026-02-26 02:17:09.775483+00:00
[2026-02-26T02:17:22.004+0000] {standard_task_runner.py:60} INFO - Started process 241 to run task
[2026-02-26T02:17:22.008+0000] {standard_task_runner.py:87} INFO - Running: ['***', 'tasks', 'run', 'risk_analysis_v1', 'train_gradient_boosting', 'manual__2026-02-26T02:17:09.775483+00:00', '--job-id', '6', '--raw', '--subdir', 'DAGS_FOLDER/pipeline.py', '--cfg-path', '/tmp/tmpxtly2ld4']
[2026-02-26T02:17:22.013+0000] {standard_task_runner.py:88} INFO - Job 6: Subtask train_gradient_boosting
[2026-02-26T02:17:22.101+0000] {task_command.py:423} INFO - Running <TaskInstance: risk_analysis_v1.train_gradient_boosting manual__2026-02-26T02:17:09.775483+00:00 [running]> on host 69721e20b09b
[2026-02-26T02:17:22.235+0000] {taskinstance.py:2480} INFO - Exporting env vars: AIRFLOW_CTX_DAG_OWNER='***' AIRFLOW_CTX_DAG_ID='risk_analysis_v1' AIRFLOW_CTX_TASK_ID='train_gradient_boosting' AIRFLOW_CTX_EXECUTION_DATE='2026-02-26T02:17:09.775483+00:00' AIRFLOW_CTX_TRY_NUMBER='1' AIRFLOW_CTX_DAG_RUN_ID='manual__2026-02-26T02:17:09.775483+00:00'
[2026-02-26T02:17:22.237+0000] {etl_logic.py:24} INFO - Reading local CSV...
[2026-02-26T02:17:23.081+0000] {etl_logic.py:37} INFO - Fetching World Bank Data...
[2026-02-26T02:17:24.358+0000] {etl_logic.py:46} INFO - ETL Complete. Rows: 27508
[2026-02-26T02:17:24.363+0000] {ml_logic.py:15} INFO - Начинаем подготовку данных для модели: gb
[2026-02-26T02:17:24.410+0000] {ml_logic.py:44} INFO - Обучение модели...
[2026-02-26T02:17:27.495+0000] {ml_logic.py:52} INFO - ==========================================
[2026-02-26T02:17:27.497+0000] {ml_logic.py:53} INFO - РЕЗУЛЬТАТЫ МОДЕЛИ GB:
[2026-02-26T02:17:27.498+0000] {ml_logic.py:54} INFO - Точность (Accuracy): 87.24%
[2026-02-26T02:17:27.499+0000] {ml_logic.py:55} INFO - ==========================================
[2026-02-26T02:17:29.902+0000] {s3_tools.py:54} INFO - ✅ Uploaded model to s3://jasonstatham/models/gb_classifier.joblib
[2026-02-26T02:17:30.947+0000] {s3_tools.py:54} INFO - ✅ Uploaded model to s3://jasonstatham/models/gb_columns.joblib
[2026-02-26T02:17:30.958+0000] {python.py:201} INFO - Done. Returned value was: None
[2026-02-26T02:17:30.978+0000] {taskinstance.py:1138} INFO - Marking task as SUCCESS. dag_id=risk_analysis_v1, task_id=train_gradient_boosting, execution_date=20260226T021709, start_date=20260226T021721, end_date=20260226T021730
[2026-02-26T02:17:31.025+0000] {local_task_job_runner.py:234} INFO - Task exited with return code 0
[2026-02-26T02:17:31.047+0000] {taskinstance.py:3280} INFO - 0 downstream tasks scheduled from follow-on schedule check
