[2026-02-26T02:12:16.324+0000] {taskinstance.py:1956} INFO - Dependencies all met for dep_context=non-requeueable deps ti=<TaskInstance: risk_analysis_v1.extract_aviation manual__2026-02-26T02:12:13.179982+00:00 [queued]>
[2026-02-26T02:12:16.344+0000] {taskinstance.py:1956} INFO - Dependencies all met for dep_context=requeueable deps ti=<TaskInstance: risk_analysis_v1.extract_aviation manual__2026-02-26T02:12:13.179982+00:00 [queued]>
[2026-02-26T02:12:16.346+0000] {taskinstance.py:2170} INFO - Starting attempt 1 of 1
[2026-02-26T02:12:16.385+0000] {taskinstance.py:2191} INFO - Executing <Task(PythonOperator): extract_aviation> on 2026-02-26 02:12:13.179982+00:00
[2026-02-26T02:12:16.397+0000] {standard_task_runner.py:60} INFO - Started process 2628 to run task
[2026-02-26T02:12:16.402+0000] {standard_task_runner.py:87} INFO - Running: ['***', 'tasks', 'run', 'risk_analysis_v1', 'extract_aviation', 'manual__2026-02-26T02:12:13.179982+00:00', '--job-id', '3', '--raw', '--subdir', 'DAGS_FOLDER/pipeline.py', '--cfg-path', '/tmp/tmpks75r62r']
[2026-02-26T02:12:16.411+0000] {standard_task_runner.py:88} INFO - Job 3: Subtask extract_aviation
[2026-02-26T02:12:16.515+0000] {task_command.py:423} INFO - Running <TaskInstance: risk_analysis_v1.extract_aviation manual__2026-02-26T02:12:13.179982+00:00 [running]> on host 9b4f5fd5f7ec
[2026-02-26T02:12:16.667+0000] {taskinstance.py:2480} INFO - Exporting env vars: AIRFLOW_CTX_DAG_OWNER='***' AIRFLOW_CTX_DAG_ID='risk_analysis_v1' AIRFLOW_CTX_TASK_ID='extract_aviation' AIRFLOW_CTX_EXECUTION_DATE='2026-02-26T02:12:13.179982+00:00' AIRFLOW_CTX_TRY_NUMBER='1' AIRFLOW_CTX_DAG_RUN_ID='manual__2026-02-26T02:12:13.179982+00:00'
[2026-02-26T02:12:16.669+0000] {gulia_part.py:53} INFO - Парсинг Aviation Safety: https://aviation-safety.net/database/year/2024/1...
[2026-02-26T02:12:20.269+0000] {taskinstance.py:2698} ERROR - Task failed with exception
Traceback (most recent call last):
  File "/home/airflow/.local/lib/python3.8/site-packages/airflow/models/taskinstance.py", line 433, in _execute_task
    result = execute_callable(context=context, **execute_callable_kwargs)
  File "/home/airflow/.local/lib/python3.8/site-packages/airflow/operators/python.py", line 199, in execute
    return_value = self.execute_callable()
  File "/home/airflow/.local/lib/python3.8/site-packages/airflow/operators/python.py", line 216, in execute_callable
    return self.python_callable(*self.op_args, **self.op_kwargs)
  File "/opt/airflow/src/gulia_part.py", line 76, in extract_aviation
    upload_df_csv(df, "raw/aircraft/aviation_safety_raw.csv")
  File "/opt/airflow/src/s3_tools.py", line 45, in upload_df_csv
    s3.put_object(Bucket=bucket, Key=key, Body=csv_buffer.getvalue())
  File "/home/airflow/.local/lib/python3.8/site-packages/botocore/client.py", line 553, in _api_call
    return self._make_api_call(operation_name, kwargs)
  File "/home/airflow/.local/lib/python3.8/site-packages/botocore/client.py", line 1009, in _make_api_call
    raise error_class(parsed_response, operation_name)
botocore.exceptions.ClientError: An error occurred (RequestTimeTooSkewed) when calling the PutObject operation: The difference between the request time and the current time is too large.
[2026-02-26T02:12:20.466+0000] {taskinstance.py:1138} INFO - Marking task as FAILED. dag_id=risk_analysis_v1, task_id=extract_aviation, execution_date=20260226T021213, start_date=20260226T021216, end_date=20260226T021220
[2026-02-26T02:12:20.497+0000] {standard_task_runner.py:107} ERROR - Failed to execute job 3 for task extract_aviation (An error occurred (RequestTimeTooSkewed) when calling the PutObject operation: The difference between the request time and the current time is too large.; 2628)
[2026-02-26T02:12:20.528+0000] {local_task_job_runner.py:234} INFO - Task exited with return code 1
[2026-02-26T02:12:20.592+0000] {taskinstance.py:3280} INFO - 0 downstream tasks scheduled from follow-on schedule check
