[2026-02-26T03:41:12.829+0000] {taskinstance.py:1956} INFO - Dependencies all met for dep_context=non-requeueable deps ti=<TaskInstance: risk_analysis_v1.transform_and_load_to_processed manual__2026-02-26T03:34:34.514297+00:00 [queued]>
[2026-02-26T03:41:12.845+0000] {taskinstance.py:1956} INFO - Dependencies all met for dep_context=requeueable deps ti=<TaskInstance: risk_analysis_v1.transform_and_load_to_processed manual__2026-02-26T03:34:34.514297+00:00 [queued]>
[2026-02-26T03:41:12.846+0000] {taskinstance.py:2170} INFO - Starting attempt 1 of 1
[2026-02-26T03:41:12.871+0000] {taskinstance.py:2191} INFO - Executing <Task(PythonOperator): transform_and_load_to_processed> on 2026-02-26 03:34:34.514297+00:00
[2026-02-26T03:41:12.884+0000] {standard_task_runner.py:60} INFO - Started process 573 to run task
[2026-02-26T03:41:12.889+0000] {standard_task_runner.py:87} INFO - Running: ['***', 'tasks', 'run', 'risk_analysis_v1', 'transform_and_load_to_processed', 'manual__2026-02-26T03:34:34.514297+00:00', '--job-id', '8', '--raw', '--subdir', 'DAGS_FOLDER/pipeline.py', '--cfg-path', '/tmp/tmplghdq5t7']
[2026-02-26T03:41:12.893+0000] {standard_task_runner.py:88} INFO - Job 8: Subtask transform_and_load_to_processed
[2026-02-26T03:41:12.962+0000] {task_command.py:423} INFO - Running <TaskInstance: risk_analysis_v1.transform_and_load_to_processed manual__2026-02-26T03:34:34.514297+00:00 [running]> on host ace062d30d52
[2026-02-26T03:41:13.074+0000] {taskinstance.py:2480} INFO - Exporting env vars: AIRFLOW_CTX_DAG_OWNER='***' AIRFLOW_CTX_DAG_ID='risk_analysis_v1' AIRFLOW_CTX_TASK_ID='transform_and_load_to_processed' AIRFLOW_CTX_EXECUTION_DATE='2026-02-26T03:34:34.514297+00:00' AIRFLOW_CTX_TRY_NUMBER='1' AIRFLOW_CTX_DAG_RUN_ID='manual__2026-02-26T03:34:34.514297+00:00'
[2026-02-26T03:41:13.078+0000] {gulia_part.py:213} INFO - Чтение сырых данных...
[2026-02-26T03:41:13.079+0000] {gulia_part.py:217} INFO - Поиск EM-DAT в S3...
[2026-02-26T03:41:13.456+0000] {s3_tools.py:68} INFO - Чтение CSV из s3://jasonstatham/raw/emdat.csv...
[2026-02-26T03:41:39.911+0000] {logging_mixin.py:188} INFO - ТАК ЗДЕСЬ ВРОДЕ ВСЕ НОРМ ЕСЛИ МЕНЯ НЕТУ ТЕБЕ ПИЗДЕС
[2026-02-26T03:41:39.913+0000] {gulia_part.py:225} INFO - Поиск GTD в S3...
[2026-02-26T03:41:39.923+0000] {s3_tools.py:68} INFO - Чтение CSV из s3://jasonstatham/raw/gtd.csv...
[2026-02-26T03:41:44.644+0000] {s3_tools.py:68} INFO - Чтение CSV из s3://jasonstatham/raw/noaa/earthquakes_raw.csv...
[2026-02-26T03:41:47.555+0000] {s3_tools.py:68} INFO - Чтение CSV из s3://jasonstatham/raw/noaa/tsunamis_raw.csv...
[2026-02-26T03:41:49.998+0000] {s3_tools.py:68} INFO - Чтение CSV из s3://jasonstatham/raw/noaa/volcanoes_raw.csv...
[2026-02-26T03:41:51.795+0000] {s3_tools.py:68} INFO - Чтение CSV из s3://jasonstatham/raw/aircraft/aviation_safety_raw.csv...
[2026-02-26T03:41:52.852+0000] {gulia_part.py:142} INFO - Трансформация данных GTD...
[2026-02-26T03:41:53.999+0000] {gulia_part.py:178} INFO - Трансформация данных Aviation...
[2026-02-26T03:41:57.906+0000] {s3_tools.py:36} INFO - ✅ Uploaded Parquet to s3://jasonstatham/processed/global_risks_clean.parquet
[2026-02-26T03:41:57.911+0000] {gulia_part.py:254} INFO - ETL завершен! Собрано записей: 173339.
[2026-02-26T03:41:57.936+0000] {python.py:201} INFO - Done. Returned value was: None
[2026-02-26T03:41:57.960+0000] {taskinstance.py:1138} INFO - Marking task as SUCCESS. dag_id=risk_analysis_v1, task_id=transform_and_load_to_processed, execution_date=20260226T033434, start_date=20260226T034112, end_date=20260226T034157
[2026-02-26T03:41:58.044+0000] {local_task_job_runner.py:234} INFO - Task exited with return code 0
[2026-02-26T03:41:58.074+0000] {taskinstance.py:3280} INFO - 0 downstream tasks scheduled from follow-on schedule check
