[2026-02-26T08:35:56.223+0000] {taskinstance.py:1956} INFO - Dependencies all met for dep_context=non-requeueable deps ti=<TaskInstance: risk_analysis_v1.transform_and_load_to_processed manual__2026-02-26T08:32:56.878795+00:00 [queued]>
[2026-02-26T08:35:56.241+0000] {taskinstance.py:1956} INFO - Dependencies all met for dep_context=requeueable deps ti=<TaskInstance: risk_analysis_v1.transform_and_load_to_processed manual__2026-02-26T08:32:56.878795+00:00 [queued]>
[2026-02-26T08:35:56.243+0000] {taskinstance.py:2170} INFO - Starting attempt 1 of 1
[2026-02-26T08:35:56.268+0000] {taskinstance.py:2191} INFO - Executing <Task(PythonOperator): transform_and_load_to_processed> on 2026-02-26 08:32:56.878795+00:00
[2026-02-26T08:35:56.283+0000] {standard_task_runner.py:60} INFO - Started process 462 to run task
[2026-02-26T08:35:56.287+0000] {standard_task_runner.py:87} INFO - Running: ['***', 'tasks', 'run', 'risk_analysis_v1', 'transform_and_load_to_processed', 'manual__2026-02-26T08:32:56.878795+00:00', '--job-id', '8', '--raw', '--subdir', 'DAGS_FOLDER/pipeline.py', '--cfg-path', '/tmp/tmppyhypz1r']
[2026-02-26T08:35:56.291+0000] {standard_task_runner.py:88} INFO - Job 8: Subtask transform_and_load_to_processed
[2026-02-26T08:35:56.374+0000] {task_command.py:423} INFO - Running <TaskInstance: risk_analysis_v1.transform_and_load_to_processed manual__2026-02-26T08:32:56.878795+00:00 [running]> on host 8c775956fb74
[2026-02-26T08:35:56.507+0000] {taskinstance.py:2480} INFO - Exporting env vars: AIRFLOW_CTX_DAG_OWNER='***' AIRFLOW_CTX_DAG_ID='risk_analysis_v1' AIRFLOW_CTX_TASK_ID='transform_and_load_to_processed' AIRFLOW_CTX_EXECUTION_DATE='2026-02-26T08:32:56.878795+00:00' AIRFLOW_CTX_TRY_NUMBER='1' AIRFLOW_CTX_DAG_RUN_ID='manual__2026-02-26T08:32:56.878795+00:00'
[2026-02-26T08:35:56.510+0000] {gulia_part.py:247} INFO - Чтение сырых данных...
[2026-02-26T08:35:56.511+0000] {gulia_part.py:250} INFO - Поиск EM-DAT в S3...
[2026-02-26T08:35:56.970+0000] {s3_tools.py:67} INFO - Чтение CSV из s3://jasonstatham/raw/emdat.csv...
[2026-02-26T08:36:07.328+0000] {logging_mixin.py:188} INFO - ТАК ЗДЕСЬ ВРОДЕ ВСЕ НОРМ ЕСЛИ МЕНЯ НЕТУ ТЕБЕ ПИЗДЕС
[2026-02-26T08:36:07.331+0000] {gulia_part.py:257} INFO - Поиск GTD в S3...
[2026-02-26T08:36:07.342+0000] {s3_tools.py:67} INFO - Чтение CSV из s3://jasonstatham/raw/gtd.csv...
[2026-02-26T08:36:14.844+0000] {s3_tools.py:67} INFO - Чтение CSV из s3://jasonstatham/raw/noaa/earthquakes_raw.csv...
[2026-02-26T08:36:17.646+0000] {s3_tools.py:67} INFO - Чтение CSV из s3://jasonstatham/raw/noaa/tsunamis_raw.csv...
[2026-02-26T08:36:19.888+0000] {s3_tools.py:67} INFO - Чтение CSV из s3://jasonstatham/raw/noaa/volcanoes_raw.csv...
[2026-02-26T08:36:21.721+0000] {s3_tools.py:67} INFO - Чтение CSV из s3://jasonstatham/raw/aircraft/aviation_safety_raw.csv...
[2026-02-26T08:36:22.564+0000] {gulia_part.py:182} INFO - Трансформация данных GTD...
[2026-02-26T08:36:23.700+0000] {gulia_part.py:215} INFO - Трансформация данных Aviation...
[2026-02-26T08:36:26.700+0000] {s3_tools.py:35} INFO - ✅ Uploaded Parquet to s3://jasonstatham/processed/global_risks_clean.parquet
[2026-02-26T08:36:26.705+0000] {gulia_part.py:285} INFO - ETL завершен! Собрано записей: 173339.
[2026-02-26T08:36:26.720+0000] {python.py:201} INFO - Done. Returned value was: None
[2026-02-26T08:36:26.742+0000] {taskinstance.py:1138} INFO - Marking task as SUCCESS. dag_id=risk_analysis_v1, task_id=transform_and_load_to_processed, execution_date=20260226T083256, start_date=20260226T083556, end_date=20260226T083626
[2026-02-26T08:36:26.805+0000] {local_task_job_runner.py:234} INFO - Task exited with return code 0
[2026-02-26T08:36:26.837+0000] {taskinstance.py:3280} INFO - 0 downstream tasks scheduled from follow-on schedule check
