[2026-02-25T22:42:34.462+0000] {processor.py:161} INFO - Started process (PID=65) to work on /opt/airflow/dags/pipeline.py
[2026-02-25T22:42:34.464+0000] {processor.py:830} INFO - Processing file /opt/airflow/dags/pipeline.py for tasks to queue
[2026-02-25T22:42:34.467+0000] {logging_mixin.py:188} INFO - [2026-02-25T22:42:34.466+0000] {dagbag.py:538} INFO - Filling up the DagBag from /opt/airflow/dags/pipeline.py
[2026-02-25T22:42:42.398+0000] {processor.py:840} INFO - DAG(s) 'risk_analysis_v1' retrieved from /opt/airflow/dags/pipeline.py
[2026-02-25T22:42:43.404+0000] {logging_mixin.py:188} INFO - [2026-02-25T22:42:43.391+0000] {override.py:1769} INFO - Created Permission View: can edit on DAG:risk_analysis_v1
[2026-02-25T22:42:43.484+0000] {logging_mixin.py:188} INFO - [2026-02-25T22:42:43.483+0000] {override.py:1769} INFO - Created Permission View: can delete on DAG:risk_analysis_v1
[2026-02-25T22:42:43.547+0000] {logging_mixin.py:188} INFO - [2026-02-25T22:42:43.546+0000] {override.py:1769} INFO - Created Permission View: can read on DAG:risk_analysis_v1
[2026-02-25T22:42:43.553+0000] {logging_mixin.py:188} INFO - [2026-02-25T22:42:43.552+0000] {dag.py:3036} INFO - Sync 1 DAGs
[2026-02-25T22:42:43.602+0000] {logging_mixin.py:188} WARNING - /home/airflow/.local/lib/python3.8/site-packages/airflow/models/dag.py:3574 DeprecationWarning: The dag_concurrency option in [core] has been renamed to max_active_tasks_per_dag - the old setting has been used, but please update your config.
[2026-02-25T22:42:43.608+0000] {logging_mixin.py:188} INFO - [2026-02-25T22:42:43.604+0000] {dag.py:3058} INFO - Creating ORM DAG for risk_analysis_v1
[2026-02-25T22:42:43.610+0000] {logging_mixin.py:188} INFO - [2026-02-25T22:42:43.610+0000] {dag.py:3823} INFO - Setting next_dagrun for risk_analysis_v1 to None, run_after=None
[2026-02-25T22:42:43.688+0000] {processor.py:183} INFO - Processing /opt/airflow/dags/pipeline.py took 9.239 seconds
[2026-02-25T22:43:14.446+0000] {processor.py:161} INFO - Started process (PID=88) to work on /opt/airflow/dags/pipeline.py
[2026-02-25T22:43:14.452+0000] {processor.py:830} INFO - Processing file /opt/airflow/dags/pipeline.py for tasks to queue
[2026-02-25T22:43:14.456+0000] {logging_mixin.py:188} INFO - [2026-02-25T22:43:14.454+0000] {dagbag.py:538} INFO - Filling up the DagBag from /opt/airflow/dags/pipeline.py
[2026-02-25T22:43:19.028+0000] {processor.py:840} INFO - DAG(s) 'risk_analysis_v1' retrieved from /opt/airflow/dags/pipeline.py
[2026-02-25T22:43:19.159+0000] {logging_mixin.py:188} INFO - [2026-02-25T22:43:19.157+0000] {dag.py:3036} INFO - Sync 1 DAGs
[2026-02-25T22:43:19.213+0000] {logging_mixin.py:188} INFO - [2026-02-25T22:43:19.212+0000] {dag.py:3823} INFO - Setting next_dagrun for risk_analysis_v1 to None, run_after=None
[2026-02-25T22:43:19.340+0000] {processor.py:183} INFO - Processing /opt/airflow/dags/pipeline.py took 4.906 seconds
[2026-02-25T22:43:50.289+0000] {processor.py:161} INFO - Started process (PID=111) to work on /opt/airflow/dags/pipeline.py
[2026-02-25T22:43:50.292+0000] {processor.py:830} INFO - Processing file /opt/airflow/dags/pipeline.py for tasks to queue
[2026-02-25T22:43:50.300+0000] {logging_mixin.py:188} INFO - [2026-02-25T22:43:50.298+0000] {dagbag.py:538} INFO - Filling up the DagBag from /opt/airflow/dags/pipeline.py
[2026-02-25T22:43:52.136+0000] {processor.py:840} INFO - DAG(s) 'risk_analysis_v1' retrieved from /opt/airflow/dags/pipeline.py
[2026-02-25T22:43:52.178+0000] {logging_mixin.py:188} INFO - [2026-02-25T22:43:52.176+0000] {dag.py:3036} INFO - Sync 1 DAGs
[2026-02-25T22:43:52.197+0000] {logging_mixin.py:188} INFO - [2026-02-25T22:43:52.197+0000] {dag.py:3823} INFO - Setting next_dagrun for risk_analysis_v1 to None, run_after=None
[2026-02-25T22:43:52.231+0000] {processor.py:183} INFO - Processing /opt/airflow/dags/pipeline.py took 1.949 seconds
[2026-02-25T22:44:22.668+0000] {processor.py:161} INFO - Started process (PID=134) to work on /opt/airflow/dags/pipeline.py
[2026-02-25T22:44:22.681+0000] {processor.py:830} INFO - Processing file /opt/airflow/dags/pipeline.py for tasks to queue
[2026-02-25T22:44:22.683+0000] {logging_mixin.py:188} INFO - [2026-02-25T22:44:22.683+0000] {dagbag.py:538} INFO - Filling up the DagBag from /opt/airflow/dags/pipeline.py
[2026-02-25T22:44:24.898+0000] {processor.py:840} INFO - DAG(s) 'risk_analysis_v1' retrieved from /opt/airflow/dags/pipeline.py
[2026-02-25T22:44:24.951+0000] {logging_mixin.py:188} INFO - [2026-02-25T22:44:24.951+0000] {dag.py:3036} INFO - Sync 1 DAGs
[2026-02-25T22:44:24.977+0000] {logging_mixin.py:188} INFO - [2026-02-25T22:44:24.976+0000] {dag.py:3823} INFO - Setting next_dagrun for risk_analysis_v1 to None, run_after=None
[2026-02-25T22:44:25.016+0000] {processor.py:183} INFO - Processing /opt/airflow/dags/pipeline.py took 2.363 seconds
[2026-02-25T22:44:55.625+0000] {processor.py:161} INFO - Started process (PID=157) to work on /opt/airflow/dags/pipeline.py
[2026-02-25T22:44:55.629+0000] {processor.py:830} INFO - Processing file /opt/airflow/dags/pipeline.py for tasks to queue
[2026-02-25T22:44:55.635+0000] {logging_mixin.py:188} INFO - [2026-02-25T22:44:55.634+0000] {dagbag.py:538} INFO - Filling up the DagBag from /opt/airflow/dags/pipeline.py
[2026-02-25T22:44:58.912+0000] {processor.py:840} INFO - DAG(s) 'risk_analysis_v1' retrieved from /opt/airflow/dags/pipeline.py
[2026-02-25T22:44:59.008+0000] {logging_mixin.py:188} INFO - [2026-02-25T22:44:59.002+0000] {dag.py:3036} INFO - Sync 1 DAGs
[2026-02-25T22:44:59.070+0000] {logging_mixin.py:188} INFO - [2026-02-25T22:44:59.070+0000] {dag.py:3823} INFO - Setting next_dagrun for risk_analysis_v1 to None, run_after=None
[2026-02-25T22:44:59.164+0000] {processor.py:183} INFO - Processing /opt/airflow/dags/pipeline.py took 3.553 seconds
[2026-02-25T22:45:30.155+0000] {processor.py:161} INFO - Started process (PID=180) to work on /opt/airflow/dags/pipeline.py
[2026-02-25T22:45:30.159+0000] {processor.py:830} INFO - Processing file /opt/airflow/dags/pipeline.py for tasks to queue
[2026-02-25T22:45:30.163+0000] {logging_mixin.py:188} INFO - [2026-02-25T22:45:30.162+0000] {dagbag.py:538} INFO - Filling up the DagBag from /opt/airflow/dags/pipeline.py
[2026-02-25T22:45:35.136+0000] {processor.py:840} INFO - DAG(s) 'risk_analysis_v1' retrieved from /opt/airflow/dags/pipeline.py
[2026-02-25T22:45:35.414+0000] {logging_mixin.py:188} INFO - [2026-02-25T22:45:35.401+0000] {dag.py:3036} INFO - Sync 1 DAGs
[2026-02-25T22:45:35.572+0000] {logging_mixin.py:188} INFO - [2026-02-25T22:45:35.571+0000] {dag.py:3823} INFO - Setting next_dagrun for risk_analysis_v1 to None, run_after=None
[2026-02-25T22:45:35.891+0000] {processor.py:183} INFO - Processing /opt/airflow/dags/pipeline.py took 5.742 seconds
[2026-02-25T22:46:07.589+0000] {processor.py:161} INFO - Started process (PID=203) to work on /opt/airflow/dags/pipeline.py
[2026-02-25T22:46:07.602+0000] {processor.py:830} INFO - Processing file /opt/airflow/dags/pipeline.py for tasks to queue
[2026-02-25T22:46:07.626+0000] {logging_mixin.py:188} INFO - [2026-02-25T22:46:07.616+0000] {dagbag.py:538} INFO - Filling up the DagBag from /opt/airflow/dags/pipeline.py
[2026-02-25T22:46:15.292+0000] {processor.py:840} INFO - DAG(s) 'risk_analysis_v1' retrieved from /opt/airflow/dags/pipeline.py
[2026-02-25T22:46:15.570+0000] {logging_mixin.py:188} INFO - [2026-02-25T22:46:15.549+0000] {dag.py:3036} INFO - Sync 1 DAGs
[2026-02-25T22:46:15.762+0000] {logging_mixin.py:188} INFO - [2026-02-25T22:46:15.758+0000] {dag.py:3823} INFO - Setting next_dagrun for risk_analysis_v1 to None, run_after=None
[2026-02-25T22:46:16.027+0000] {processor.py:183} INFO - Processing /opt/airflow/dags/pipeline.py took 8.585 seconds
[2026-02-25T22:46:46.510+0000] {processor.py:161} INFO - Started process (PID=226) to work on /opt/airflow/dags/pipeline.py
[2026-02-25T22:46:46.513+0000] {processor.py:830} INFO - Processing file /opt/airflow/dags/pipeline.py for tasks to queue
[2026-02-25T22:46:46.529+0000] {logging_mixin.py:188} INFO - [2026-02-25T22:46:46.526+0000] {dagbag.py:538} INFO - Filling up the DagBag from /opt/airflow/dags/pipeline.py
[2026-02-25T22:46:51.370+0000] {processor.py:840} INFO - DAG(s) 'risk_analysis_v1' retrieved from /opt/airflow/dags/pipeline.py
[2026-02-25T22:46:51.652+0000] {logging_mixin.py:188} INFO - [2026-02-25T22:46:51.649+0000] {dag.py:3036} INFO - Sync 1 DAGs
[2026-02-25T22:46:51.771+0000] {logging_mixin.py:188} INFO - [2026-02-25T22:46:51.763+0000] {dag.py:3823} INFO - Setting next_dagrun for risk_analysis_v1 to None, run_after=None
[2026-02-25T22:46:51.976+0000] {processor.py:183} INFO - Processing /opt/airflow/dags/pipeline.py took 5.524 seconds
[2026-02-25T22:47:22.928+0000] {processor.py:161} INFO - Started process (PID=249) to work on /opt/airflow/dags/pipeline.py
[2026-02-25T22:47:22.940+0000] {processor.py:830} INFO - Processing file /opt/airflow/dags/pipeline.py for tasks to queue
[2026-02-25T22:47:22.950+0000] {logging_mixin.py:188} INFO - [2026-02-25T22:47:22.948+0000] {dagbag.py:538} INFO - Filling up the DagBag from /opt/airflow/dags/pipeline.py
[2026-02-25T22:47:29.351+0000] {processor.py:840} INFO - DAG(s) 'risk_analysis_v1' retrieved from /opt/airflow/dags/pipeline.py
[2026-02-25T22:47:29.580+0000] {logging_mixin.py:188} INFO - [2026-02-25T22:47:29.577+0000] {dag.py:3036} INFO - Sync 1 DAGs
[2026-02-25T22:47:29.711+0000] {logging_mixin.py:188} INFO - [2026-02-25T22:47:29.710+0000] {dag.py:3823} INFO - Setting next_dagrun for risk_analysis_v1 to None, run_after=None
[2026-02-25T22:47:29.846+0000] {processor.py:183} INFO - Processing /opt/airflow/dags/pipeline.py took 6.949 seconds
[2026-02-25T22:48:00.949+0000] {processor.py:161} INFO - Started process (PID=272) to work on /opt/airflow/dags/pipeline.py
[2026-02-25T22:48:00.966+0000] {processor.py:830} INFO - Processing file /opt/airflow/dags/pipeline.py for tasks to queue
[2026-02-25T22:48:00.989+0000] {logging_mixin.py:188} INFO - [2026-02-25T22:48:00.981+0000] {dagbag.py:538} INFO - Filling up the DagBag from /opt/airflow/dags/pipeline.py
[2026-02-25T22:48:10.121+0000] {processor.py:840} INFO - DAG(s) 'risk_analysis_v1' retrieved from /opt/airflow/dags/pipeline.py
[2026-02-25T22:48:10.197+0000] {logging_mixin.py:188} INFO - [2026-02-25T22:48:10.195+0000] {dag.py:3036} INFO - Sync 1 DAGs
[2026-02-25T22:48:10.230+0000] {logging_mixin.py:188} INFO - [2026-02-25T22:48:10.229+0000] {dag.py:3823} INFO - Setting next_dagrun for risk_analysis_v1 to None, run_after=None
[2026-02-25T22:48:10.330+0000] {processor.py:183} INFO - Processing /opt/airflow/dags/pipeline.py took 9.492 seconds
[2026-02-25T22:48:40.802+0000] {processor.py:161} INFO - Started process (PID=295) to work on /opt/airflow/dags/pipeline.py
[2026-02-25T22:48:40.808+0000] {processor.py:830} INFO - Processing file /opt/airflow/dags/pipeline.py for tasks to queue
[2026-02-25T22:48:40.811+0000] {logging_mixin.py:188} INFO - [2026-02-25T22:48:40.810+0000] {dagbag.py:538} INFO - Filling up the DagBag from /opt/airflow/dags/pipeline.py
[2026-02-25T22:48:44.192+0000] {processor.py:840} INFO - DAG(s) 'risk_analysis_v1' retrieved from /opt/airflow/dags/pipeline.py
[2026-02-25T22:48:44.268+0000] {logging_mixin.py:188} INFO - [2026-02-25T22:48:44.266+0000] {dag.py:3036} INFO - Sync 1 DAGs
[2026-02-25T22:48:44.292+0000] {logging_mixin.py:188} INFO - [2026-02-25T22:48:44.292+0000] {dag.py:3823} INFO - Setting next_dagrun for risk_analysis_v1 to None, run_after=None
[2026-02-25T22:48:44.364+0000] {processor.py:183} INFO - Processing /opt/airflow/dags/pipeline.py took 3.581 seconds
[2026-02-25T22:49:14.646+0000] {processor.py:161} INFO - Started process (PID=318) to work on /opt/airflow/dags/pipeline.py
[2026-02-25T22:49:14.653+0000] {processor.py:830} INFO - Processing file /opt/airflow/dags/pipeline.py for tasks to queue
[2026-02-25T22:49:14.658+0000] {logging_mixin.py:188} INFO - [2026-02-25T22:49:14.657+0000] {dagbag.py:538} INFO - Filling up the DagBag from /opt/airflow/dags/pipeline.py
[2026-02-25T22:49:18.402+0000] {processor.py:840} INFO - DAG(s) 'risk_analysis_v1' retrieved from /opt/airflow/dags/pipeline.py
[2026-02-25T22:49:18.450+0000] {logging_mixin.py:188} INFO - [2026-02-25T22:49:18.449+0000] {dag.py:3036} INFO - Sync 1 DAGs
[2026-02-25T22:49:18.483+0000] {logging_mixin.py:188} INFO - [2026-02-25T22:49:18.482+0000] {dag.py:3823} INFO - Setting next_dagrun for risk_analysis_v1 to None, run_after=None
[2026-02-25T22:49:18.548+0000] {processor.py:183} INFO - Processing /opt/airflow/dags/pipeline.py took 3.914 seconds
[2026-02-25T22:52:55.662+0000] {processor.py:161} INFO - Started process (PID=64) to work on /opt/airflow/dags/pipeline.py
[2026-02-25T22:52:55.664+0000] {processor.py:830} INFO - Processing file /opt/airflow/dags/pipeline.py for tasks to queue
[2026-02-25T22:52:55.671+0000] {logging_mixin.py:188} INFO - [2026-02-25T22:52:55.670+0000] {dagbag.py:538} INFO - Filling up the DagBag from /opt/airflow/dags/pipeline.py
[2026-02-25T22:53:00.175+0000] {processor.py:840} INFO - DAG(s) 'risk_analysis_v1' retrieved from /opt/airflow/dags/pipeline.py
[2026-02-25T22:53:00.488+0000] {logging_mixin.py:188} INFO - [2026-02-25T22:53:00.487+0000] {override.py:1769} INFO - Created Permission View: can delete on DAG:risk_analysis_v1
[2026-02-25T22:53:00.503+0000] {logging_mixin.py:188} INFO - [2026-02-25T22:53:00.503+0000] {override.py:1769} INFO - Created Permission View: can read on DAG:risk_analysis_v1
[2026-02-25T22:53:00.514+0000] {logging_mixin.py:188} INFO - [2026-02-25T22:53:00.513+0000] {override.py:1769} INFO - Created Permission View: can edit on DAG:risk_analysis_v1
[2026-02-25T22:53:00.515+0000] {logging_mixin.py:188} INFO - [2026-02-25T22:53:00.515+0000] {dag.py:3036} INFO - Sync 1 DAGs
[2026-02-25T22:53:00.532+0000] {logging_mixin.py:188} WARNING - /home/airflow/.local/lib/python3.8/site-packages/airflow/models/dag.py:3574 DeprecationWarning: The dag_concurrency option in [core] has been renamed to max_active_tasks_per_dag - the old setting has been used, but please update your config.
[2026-02-25T22:53:00.534+0000] {logging_mixin.py:188} INFO - [2026-02-25T22:53:00.534+0000] {dag.py:3058} INFO - Creating ORM DAG for risk_analysis_v1
[2026-02-25T22:53:00.536+0000] {logging_mixin.py:188} INFO - [2026-02-25T22:53:00.535+0000] {dag.py:3823} INFO - Setting next_dagrun for risk_analysis_v1 to None, run_after=None
[2026-02-25T22:53:00.570+0000] {processor.py:183} INFO - Processing /opt/airflow/dags/pipeline.py took 4.918 seconds
[2026-02-25T22:56:11.727+0000] {processor.py:161} INFO - Started process (PID=65) to work on /opt/airflow/dags/pipeline.py
[2026-02-25T22:56:11.729+0000] {processor.py:830} INFO - Processing file /opt/airflow/dags/pipeline.py for tasks to queue
[2026-02-25T22:56:11.731+0000] {logging_mixin.py:188} INFO - [2026-02-25T22:56:11.730+0000] {dagbag.py:538} INFO - Filling up the DagBag from /opt/airflow/dags/pipeline.py
[2026-02-25T22:56:14.640+0000] {processor.py:840} INFO - DAG(s) 'risk_analysis_v1' retrieved from /opt/airflow/dags/pipeline.py
[2026-02-25T22:56:14.938+0000] {logging_mixin.py:188} INFO - [2026-02-25T22:56:14.937+0000] {override.py:1769} INFO - Created Permission View: can edit on DAG:risk_analysis_v1
[2026-02-25T22:56:14.953+0000] {logging_mixin.py:188} INFO - [2026-02-25T22:56:14.953+0000] {override.py:1769} INFO - Created Permission View: can read on DAG:risk_analysis_v1
[2026-02-25T22:56:14.963+0000] {logging_mixin.py:188} INFO - [2026-02-25T22:56:14.963+0000] {override.py:1769} INFO - Created Permission View: can delete on DAG:risk_analysis_v1
[2026-02-25T22:56:14.965+0000] {logging_mixin.py:188} INFO - [2026-02-25T22:56:14.964+0000] {dag.py:3036} INFO - Sync 1 DAGs
[2026-02-25T22:56:14.981+0000] {logging_mixin.py:188} WARNING - /home/airflow/.local/lib/python3.8/site-packages/airflow/models/dag.py:3574 DeprecationWarning: The dag_concurrency option in [core] has been renamed to max_active_tasks_per_dag - the old setting has been used, but please update your config.
[2026-02-25T22:56:14.983+0000] {logging_mixin.py:188} INFO - [2026-02-25T22:56:14.982+0000] {dag.py:3058} INFO - Creating ORM DAG for risk_analysis_v1
[2026-02-25T22:56:14.984+0000] {logging_mixin.py:188} INFO - [2026-02-25T22:56:14.984+0000] {dag.py:3823} INFO - Setting next_dagrun for risk_analysis_v1 to None, run_after=None
[2026-02-25T22:56:15.010+0000] {processor.py:183} INFO - Processing /opt/airflow/dags/pipeline.py took 3.288 seconds
[2026-02-25T22:56:45.140+0000] {processor.py:161} INFO - Started process (PID=88) to work on /opt/airflow/dags/pipeline.py
[2026-02-25T22:56:45.142+0000] {processor.py:830} INFO - Processing file /opt/airflow/dags/pipeline.py for tasks to queue
[2026-02-25T22:56:45.144+0000] {logging_mixin.py:188} INFO - [2026-02-25T22:56:45.143+0000] {dagbag.py:538} INFO - Filling up the DagBag from /opt/airflow/dags/pipeline.py
[2026-02-25T22:56:47.100+0000] {processor.py:840} INFO - DAG(s) 'risk_analysis_v1' retrieved from /opt/airflow/dags/pipeline.py
[2026-02-25T22:56:47.140+0000] {logging_mixin.py:188} INFO - [2026-02-25T22:56:47.139+0000] {dag.py:3036} INFO - Sync 1 DAGs
[2026-02-25T22:56:47.161+0000] {logging_mixin.py:188} INFO - [2026-02-25T22:56:47.160+0000] {dag.py:3823} INFO - Setting next_dagrun for risk_analysis_v1 to None, run_after=None
[2026-02-25T22:56:47.191+0000] {processor.py:183} INFO - Processing /opt/airflow/dags/pipeline.py took 2.057 seconds
[2026-02-25T22:57:17.429+0000] {processor.py:161} INFO - Started process (PID=198) to work on /opt/airflow/dags/pipeline.py
[2026-02-25T22:57:17.431+0000] {processor.py:830} INFO - Processing file /opt/airflow/dags/pipeline.py for tasks to queue
[2026-02-25T22:57:17.434+0000] {logging_mixin.py:188} INFO - [2026-02-25T22:57:17.433+0000] {dagbag.py:538} INFO - Filling up the DagBag from /opt/airflow/dags/pipeline.py
[2026-02-25T22:57:21.293+0000] {processor.py:840} INFO - DAG(s) 'risk_analysis_v1' retrieved from /opt/airflow/dags/pipeline.py
[2026-02-25T22:57:21.367+0000] {logging_mixin.py:188} INFO - [2026-02-25T22:57:21.365+0000] {dag.py:3036} INFO - Sync 1 DAGs
[2026-02-25T22:57:21.398+0000] {logging_mixin.py:188} INFO - [2026-02-25T22:57:21.398+0000] {dag.py:3823} INFO - Setting next_dagrun for risk_analysis_v1 to None, run_after=None
[2026-02-25T22:57:21.451+0000] {processor.py:183} INFO - Processing /opt/airflow/dags/pipeline.py took 4.039 seconds
[2026-02-25T22:57:51.762+0000] {processor.py:161} INFO - Started process (PID=253) to work on /opt/airflow/dags/pipeline.py
[2026-02-25T22:57:51.763+0000] {processor.py:830} INFO - Processing file /opt/airflow/dags/pipeline.py for tasks to queue
[2026-02-25T22:57:51.764+0000] {logging_mixin.py:188} INFO - [2026-02-25T22:57:51.764+0000] {dagbag.py:538} INFO - Filling up the DagBag from /opt/airflow/dags/pipeline.py
[2026-02-25T22:57:53.487+0000] {processor.py:840} INFO - DAG(s) 'risk_analysis_v1' retrieved from /opt/airflow/dags/pipeline.py
[2026-02-25T22:57:53.535+0000] {logging_mixin.py:188} INFO - [2026-02-25T22:57:53.534+0000] {dag.py:3036} INFO - Sync 1 DAGs
[2026-02-25T22:57:53.557+0000] {logging_mixin.py:188} INFO - [2026-02-25T22:57:53.557+0000] {dag.py:3823} INFO - Setting next_dagrun for risk_analysis_v1 to None, run_after=None
[2026-02-25T22:57:53.595+0000] {processor.py:183} INFO - Processing /opt/airflow/dags/pipeline.py took 1.837 seconds
[2026-02-25T22:58:23.993+0000] {processor.py:161} INFO - Started process (PID=276) to work on /opt/airflow/dags/pipeline.py
[2026-02-25T22:58:23.994+0000] {processor.py:830} INFO - Processing file /opt/airflow/dags/pipeline.py for tasks to queue
[2026-02-25T22:58:23.996+0000] {logging_mixin.py:188} INFO - [2026-02-25T22:58:23.995+0000] {dagbag.py:538} INFO - Filling up the DagBag from /opt/airflow/dags/pipeline.py
[2026-02-25T22:58:24.934+0000] {processor.py:840} INFO - DAG(s) 'risk_analysis_v1' retrieved from /opt/airflow/dags/pipeline.py
[2026-02-25T22:58:24.967+0000] {logging_mixin.py:188} INFO - [2026-02-25T22:58:24.967+0000] {dag.py:3036} INFO - Sync 1 DAGs
[2026-02-25T22:58:24.979+0000] {logging_mixin.py:188} INFO - [2026-02-25T22:58:24.979+0000] {dag.py:3823} INFO - Setting next_dagrun for risk_analysis_v1 to None, run_after=None
[2026-02-25T22:58:25.003+0000] {processor.py:183} INFO - Processing /opt/airflow/dags/pipeline.py took 1.016 seconds
