[2026-02-26T01:04:16.750+0000] {taskinstance.py:1956} INFO - Dependencies all met for dep_context=non-requeueable deps ti=<TaskInstance: risk_analysis_v1.train_gradient_boosting manual__2026-02-26T01:04:03.209939+00:00 [queued]>
[2026-02-26T01:04:16.765+0000] {taskinstance.py:1956} INFO - Dependencies all met for dep_context=requeueable deps ti=<TaskInstance: risk_analysis_v1.train_gradient_boosting manual__2026-02-26T01:04:03.209939+00:00 [queued]>
[2026-02-26T01:04:16.766+0000] {taskinstance.py:2170} INFO - Starting attempt 1 of 1
[2026-02-26T01:04:16.790+0000] {taskinstance.py:2191} INFO - Executing <Task(PythonOperator): train_gradient_boosting> on 2026-02-26 01:04:03.209939+00:00
[2026-02-26T01:04:16.801+0000] {standard_task_runner.py:60} INFO - Started process 268 to run task
[2026-02-26T01:04:16.805+0000] {standard_task_runner.py:87} INFO - Running: ['***', 'tasks', 'run', 'risk_analysis_v1', 'train_gradient_boosting', 'manual__2026-02-26T01:04:03.209939+00:00', '--job-id', '5', '--raw', '--subdir', 'DAGS_FOLDER/pipeline.py', '--cfg-path', '/tmp/tmp11o4c6w7']
[2026-02-26T01:04:16.810+0000] {standard_task_runner.py:88} INFO - Job 5: Subtask train_gradient_boosting
[2026-02-26T01:04:16.948+0000] {task_command.py:423} INFO - Running <TaskInstance: risk_analysis_v1.train_gradient_boosting manual__2026-02-26T01:04:03.209939+00:00 [running]> on host 93f70f4b1fcc
[2026-02-26T01:04:17.129+0000] {taskinstance.py:2480} INFO - Exporting env vars: AIRFLOW_CTX_DAG_OWNER='***' AIRFLOW_CTX_DAG_ID='risk_analysis_v1' AIRFLOW_CTX_TASK_ID='train_gradient_boosting' AIRFLOW_CTX_EXECUTION_DATE='2026-02-26T01:04:03.209939+00:00' AIRFLOW_CTX_TRY_NUMBER='1' AIRFLOW_CTX_DAG_RUN_ID='manual__2026-02-26T01:04:03.209939+00:00'
[2026-02-26T01:04:17.133+0000] {etl_logic.py:24} INFO - Reading local CSV...
[2026-02-26T01:04:18.739+0000] {etl_logic.py:37} INFO - Fetching World Bank Data...
[2026-02-26T01:04:19.912+0000] {etl_logic.py:46} INFO - ETL Complete. Rows: 27508
[2026-02-26T01:04:19.918+0000] {ml_logic.py:15} INFO - Начинаем подготовку данных для модели: gb
[2026-02-26T01:04:19.966+0000] {ml_logic.py:44} INFO - Обучение модели...
[2026-02-26T01:04:22.637+0000] {ml_logic.py:52} INFO - ==========================================
[2026-02-26T01:04:22.639+0000] {ml_logic.py:53} INFO - РЕЗУЛЬТАТЫ МОДЕЛИ GB:
[2026-02-26T01:04:22.640+0000] {ml_logic.py:54} INFO - Точность (Accuracy): 86.88%
[2026-02-26T01:04:22.641+0000] {ml_logic.py:55} INFO - ==========================================
[2026-02-26T01:04:25.181+0000] {s3_tools.py:54} INFO - ✅ Uploaded model to s3://jasonstatham/models/gb_classifier.joblib
[2026-02-26T01:04:26.230+0000] {s3_tools.py:54} INFO - ✅ Uploaded model to s3://jasonstatham/models/gb_columns.joblib
[2026-02-26T01:04:26.239+0000] {python.py:201} INFO - Done. Returned value was: None
[2026-02-26T01:04:26.254+0000] {taskinstance.py:1138} INFO - Marking task as SUCCESS. dag_id=risk_analysis_v1, task_id=train_gradient_boosting, execution_date=20260226T010403, start_date=20260226T010416, end_date=20260226T010426
[2026-02-26T01:04:26.305+0000] {local_task_job_runner.py:234} INFO - Task exited with return code 0
[2026-02-26T01:04:26.330+0000] {taskinstance.py:3280} INFO - 0 downstream tasks scheduled from follow-on schedule check
