[2026-02-26T01:27:51.103+0000] {taskinstance.py:1956} INFO - Dependencies all met for dep_context=non-requeueable deps ti=<TaskInstance: risk_analysis_v1.train_random_forest manual__2026-02-26T01:27:39.030571+00:00 [queued]>
[2026-02-26T01:27:51.122+0000] {taskinstance.py:1956} INFO - Dependencies all met for dep_context=requeueable deps ti=<TaskInstance: risk_analysis_v1.train_random_forest manual__2026-02-26T01:27:39.030571+00:00 [queued]>
[2026-02-26T01:27:51.123+0000] {taskinstance.py:2170} INFO - Starting attempt 1 of 1
[2026-02-26T01:27:51.144+0000] {taskinstance.py:2191} INFO - Executing <Task(PythonOperator): train_random_forest> on 2026-02-26 01:27:39.030571+00:00
[2026-02-26T01:27:51.170+0000] {standard_task_runner.py:87} INFO - Running: ['***', 'tasks', 'run', 'risk_analysis_v1', 'train_random_forest', 'manual__2026-02-26T01:27:39.030571+00:00', '--job-id', '6', '--raw', '--subdir', 'DAGS_FOLDER/pipeline.py', '--cfg-path', '/tmp/tmpf3d5rcrm']
[2026-02-26T01:27:51.169+0000] {standard_task_runner.py:60} INFO - Started process 241 to run task
[2026-02-26T01:27:51.174+0000] {standard_task_runner.py:88} INFO - Job 6: Subtask train_random_forest
[2026-02-26T01:27:51.262+0000] {task_command.py:423} INFO - Running <TaskInstance: risk_analysis_v1.train_random_forest manual__2026-02-26T01:27:39.030571+00:00 [running]> on host fdaf6e298d76
[2026-02-26T01:27:51.393+0000] {taskinstance.py:2480} INFO - Exporting env vars: AIRFLOW_CTX_DAG_OWNER='***' AIRFLOW_CTX_DAG_ID='risk_analysis_v1' AIRFLOW_CTX_TASK_ID='train_random_forest' AIRFLOW_CTX_EXECUTION_DATE='2026-02-26T01:27:39.030571+00:00' AIRFLOW_CTX_TRY_NUMBER='1' AIRFLOW_CTX_DAG_RUN_ID='manual__2026-02-26T01:27:39.030571+00:00'
[2026-02-26T01:27:51.398+0000] {etl_logic.py:24} INFO - Reading local CSV...
[2026-02-26T01:27:52.307+0000] {etl_logic.py:37} INFO - Fetching World Bank Data...
[2026-02-26T01:27:53.282+0000] {etl_logic.py:46} INFO - ETL Complete. Rows: 27508
[2026-02-26T01:27:53.288+0000] {ml_logic.py:15} INFO - Начинаем подготовку данных для модели: rf
[2026-02-26T01:27:53.343+0000] {ml_logic.py:44} INFO - Обучение модели...
[2026-02-26T01:27:56.916+0000] {ml_logic.py:52} INFO - ==========================================
[2026-02-26T01:27:56.919+0000] {ml_logic.py:53} INFO - РЕЗУЛЬТАТЫ МОДЕЛИ RF:
[2026-02-26T01:27:56.920+0000] {ml_logic.py:54} INFO - Точность (Accuracy): 85.13%
[2026-02-26T01:27:56.921+0000] {ml_logic.py:55} INFO - ==========================================
[2026-02-26T01:28:03.595+0000] {s3_tools.py:54} INFO - ✅ Uploaded model to s3://jasonstatham/models/rf_classifier.joblib
[2026-02-26T01:28:04.716+0000] {s3_tools.py:54} INFO - ✅ Uploaded model to s3://jasonstatham/models/rf_columns.joblib
[2026-02-26T01:28:04.731+0000] {python.py:201} INFO - Done. Returned value was: None
[2026-02-26T01:28:04.750+0000] {taskinstance.py:1138} INFO - Marking task as SUCCESS. dag_id=risk_analysis_v1, task_id=train_random_forest, execution_date=20260226T012739, start_date=20260226T012751, end_date=20260226T012804
[2026-02-26T01:28:04.825+0000] {local_task_job_runner.py:234} INFO - Task exited with return code 0
[2026-02-26T01:28:04.850+0000] {taskinstance.py:3280} INFO - 0 downstream tasks scheduled from follow-on schedule check
