[2026-02-26T01:50:22.463+0000] {taskinstance.py:1956} INFO - Dependencies all met for dep_context=non-requeueable deps ti=<TaskInstance: risk_analysis_v1.train_logistic_regression manual__2026-02-26T01:50:09.526253+00:00 [queued]>
[2026-02-26T01:50:22.479+0000] {taskinstance.py:1956} INFO - Dependencies all met for dep_context=requeueable deps ti=<TaskInstance: risk_analysis_v1.train_logistic_regression manual__2026-02-26T01:50:09.526253+00:00 [queued]>
[2026-02-26T01:50:22.480+0000] {taskinstance.py:2170} INFO - Starting attempt 1 of 1
[2026-02-26T01:50:22.504+0000] {taskinstance.py:2191} INFO - Executing <Task(PythonOperator): train_logistic_regression> on 2026-02-26 01:50:09.526253+00:00
[2026-02-26T01:50:22.516+0000] {standard_task_runner.py:60} INFO - Started process 265 to run task
[2026-02-26T01:50:22.520+0000] {standard_task_runner.py:87} INFO - Running: ['***', 'tasks', 'run', 'risk_analysis_v1', 'train_logistic_regression', 'manual__2026-02-26T01:50:09.526253+00:00', '--job-id', '7', '--raw', '--subdir', 'DAGS_FOLDER/pipeline.py', '--cfg-path', '/tmp/tmp9g_u74xa']
[2026-02-26T01:50:22.523+0000] {standard_task_runner.py:88} INFO - Job 7: Subtask train_logistic_regression
[2026-02-26T01:50:22.611+0000] {task_command.py:423} INFO - Running <TaskInstance: risk_analysis_v1.train_logistic_regression manual__2026-02-26T01:50:09.526253+00:00 [running]> on host 7cb9054393e5
[2026-02-26T01:50:22.733+0000] {taskinstance.py:2480} INFO - Exporting env vars: AIRFLOW_CTX_DAG_OWNER='***' AIRFLOW_CTX_DAG_ID='risk_analysis_v1' AIRFLOW_CTX_TASK_ID='train_logistic_regression' AIRFLOW_CTX_EXECUTION_DATE='2026-02-26T01:50:09.526253+00:00' AIRFLOW_CTX_TRY_NUMBER='1' AIRFLOW_CTX_DAG_RUN_ID='manual__2026-02-26T01:50:09.526253+00:00'
[2026-02-26T01:50:22.737+0000] {etl_logic.py:24} INFO - Reading local CSV...
[2026-02-26T01:50:23.533+0000] {etl_logic.py:37} INFO - Fetching World Bank Data...
[2026-02-26T01:50:25.519+0000] {etl_logic.py:46} INFO - ETL Complete. Rows: 27508
[2026-02-26T01:50:25.524+0000] {ml_logic.py:15} INFO - Начинаем подготовку данных для модели: lr
[2026-02-26T01:50:25.577+0000] {ml_logic.py:44} INFO - Обучение модели...
[2026-02-26T01:50:26.661+0000] {ml_logic.py:52} INFO - ==========================================
[2026-02-26T01:50:26.662+0000] {ml_logic.py:53} INFO - РЕЗУЛЬТАТЫ МОДЕЛИ LR:
[2026-02-26T01:50:26.693+0000] {ml_logic.py:54} INFO - Точность (Accuracy): 86.90%
[2026-02-26T01:50:26.707+0000] {ml_logic.py:55} INFO - ==========================================
[2026-02-26T01:50:27.937+0000] {s3_tools.py:54} INFO - ✅ Uploaded model to s3://jasonstatham/models/lr_classifier.joblib
[2026-02-26T01:50:28.955+0000] {s3_tools.py:54} INFO - ✅ Uploaded model to s3://jasonstatham/models/lr_columns.joblib
[2026-02-26T01:50:28.963+0000] {python.py:201} INFO - Done. Returned value was: None
[2026-02-26T01:50:28.977+0000] {taskinstance.py:1138} INFO - Marking task as SUCCESS. dag_id=risk_analysis_v1, task_id=train_logistic_regression, execution_date=20260226T015009, start_date=20260226T015022, end_date=20260226T015028
[2026-02-26T01:50:29.060+0000] {local_task_job_runner.py:234} INFO - Task exited with return code 0
[2026-02-26T01:50:29.089+0000] {taskinstance.py:3280} INFO - 0 downstream tasks scheduled from follow-on schedule check
