[2026-02-26T01:04:16.915+0000] {taskinstance.py:1956} INFO - Dependencies all met for dep_context=non-requeueable deps ti=<TaskInstance: risk_analysis_v1.train_logistic_regression manual__2026-02-26T01:04:03.209939+00:00 [queued]>
[2026-02-26T01:04:16.982+0000] {taskinstance.py:1956} INFO - Dependencies all met for dep_context=requeueable deps ti=<TaskInstance: risk_analysis_v1.train_logistic_regression manual__2026-02-26T01:04:03.209939+00:00 [queued]>
[2026-02-26T01:04:16.984+0000] {taskinstance.py:2170} INFO - Starting attempt 1 of 1
[2026-02-26T01:04:17.028+0000] {taskinstance.py:2191} INFO - Executing <Task(PythonOperator): train_logistic_regression> on 2026-02-26 01:04:03.209939+00:00
[2026-02-26T01:04:17.046+0000] {standard_task_runner.py:60} INFO - Started process 287 to run task
[2026-02-26T01:04:17.053+0000] {standard_task_runner.py:87} INFO - Running: ['***', 'tasks', 'run', 'risk_analysis_v1', 'train_logistic_regression', 'manual__2026-02-26T01:04:03.209939+00:00', '--job-id', '7', '--raw', '--subdir', 'DAGS_FOLDER/pipeline.py', '--cfg-path', '/tmp/tmp4pqnet9z']
[2026-02-26T01:04:17.058+0000] {standard_task_runner.py:88} INFO - Job 7: Subtask train_logistic_regression
[2026-02-26T01:04:17.152+0000] {task_command.py:423} INFO - Running <TaskInstance: risk_analysis_v1.train_logistic_regression manual__2026-02-26T01:04:03.209939+00:00 [running]> on host 93f70f4b1fcc
[2026-02-26T01:04:17.528+0000] {taskinstance.py:2480} INFO - Exporting env vars: AIRFLOW_CTX_DAG_OWNER='***' AIRFLOW_CTX_DAG_ID='risk_analysis_v1' AIRFLOW_CTX_TASK_ID='train_logistic_regression' AIRFLOW_CTX_EXECUTION_DATE='2026-02-26T01:04:03.209939+00:00' AIRFLOW_CTX_TRY_NUMBER='1' AIRFLOW_CTX_DAG_RUN_ID='manual__2026-02-26T01:04:03.209939+00:00'
[2026-02-26T01:04:17.544+0000] {etl_logic.py:24} INFO - Reading local CSV...
[2026-02-26T01:04:18.951+0000] {etl_logic.py:37} INFO - Fetching World Bank Data...
[2026-02-26T01:04:20.326+0000] {etl_logic.py:46} INFO - ETL Complete. Rows: 27508
[2026-02-26T01:04:20.332+0000] {ml_logic.py:15} INFO - Начинаем подготовку данных для модели: lr
[2026-02-26T01:04:20.379+0000] {ml_logic.py:44} INFO - Обучение модели...
[2026-02-26T01:04:21.598+0000] {ml_logic.py:52} INFO - ==========================================
[2026-02-26T01:04:21.605+0000] {ml_logic.py:53} INFO - РЕЗУЛЬТАТЫ МОДЕЛИ LR:
[2026-02-26T01:04:21.607+0000] {ml_logic.py:54} INFO - Точность (Accuracy): 86.90%
[2026-02-26T01:04:21.607+0000] {ml_logic.py:55} INFO - ==========================================
[2026-02-26T01:04:23.023+0000] {s3_tools.py:54} INFO - ✅ Uploaded model to s3://jasonstatham/models/lr_classifier.joblib
[2026-02-26T01:04:24.279+0000] {s3_tools.py:54} INFO - ✅ Uploaded model to s3://jasonstatham/models/lr_columns.joblib
[2026-02-26T01:04:24.288+0000] {python.py:201} INFO - Done. Returned value was: None
[2026-02-26T01:04:24.304+0000] {taskinstance.py:1138} INFO - Marking task as SUCCESS. dag_id=risk_analysis_v1, task_id=train_logistic_regression, execution_date=20260226T010403, start_date=20260226T010416, end_date=20260226T010424
[2026-02-26T01:04:24.380+0000] {local_task_job_runner.py:234} INFO - Task exited with return code 0
[2026-02-26T01:04:24.411+0000] {taskinstance.py:3280} INFO - 0 downstream tasks scheduled from follow-on schedule check
