[2026-02-26T08:32:59.690+0000] {taskinstance.py:1956} INFO - Dependencies all met for dep_context=non-requeueable deps ti=<TaskInstance: risk_analysis_v1.extract_aviation manual__2026-02-26T08:32:56.878795+00:00 [queued]>
[2026-02-26T08:32:59.704+0000] {taskinstance.py:1956} INFO - Dependencies all met for dep_context=requeueable deps ti=<TaskInstance: risk_analysis_v1.extract_aviation manual__2026-02-26T08:32:56.878795+00:00 [queued]>
[2026-02-26T08:32:59.705+0000] {taskinstance.py:2170} INFO - Starting attempt 1 of 1
[2026-02-26T08:32:59.727+0000] {taskinstance.py:2191} INFO - Executing <Task(PythonOperator): extract_aviation> on 2026-02-26 08:32:56.878795+00:00
[2026-02-26T08:32:59.737+0000] {standard_task_runner.py:60} INFO - Started process 192 to run task
[2026-02-26T08:32:59.742+0000] {standard_task_runner.py:87} INFO - Running: ['***', 'tasks', 'run', 'risk_analysis_v1', 'extract_aviation', 'manual__2026-02-26T08:32:56.878795+00:00', '--job-id', '2', '--raw', '--subdir', 'DAGS_FOLDER/pipeline.py', '--cfg-path', '/tmp/tmphtvp2118']
[2026-02-26T08:32:59.747+0000] {standard_task_runner.py:88} INFO - Job 2: Subtask extract_aviation
[2026-02-26T08:32:59.836+0000] {task_command.py:423} INFO - Running <TaskInstance: risk_analysis_v1.extract_aviation manual__2026-02-26T08:32:56.878795+00:00 [running]> on host 8c775956fb74
[2026-02-26T08:32:59.972+0000] {taskinstance.py:2480} INFO - Exporting env vars: AIRFLOW_CTX_DAG_OWNER='***' AIRFLOW_CTX_DAG_ID='risk_analysis_v1' AIRFLOW_CTX_TASK_ID='extract_aviation' AIRFLOW_CTX_EXECUTION_DATE='2026-02-26T08:32:56.878795+00:00' AIRFLOW_CTX_TRY_NUMBER='1' AIRFLOW_CTX_DAG_RUN_ID='manual__2026-02-26T08:32:56.878795+00:00'
[2026-02-26T08:32:59.975+0000] {logging_mixin.py:188} INFO - Парсинг: 1990 год, страница 1 (https://aviation-safety.net/database/year/1990/1)
[2026-02-26T08:33:01.634+0000] {logging_mixin.py:188} INFO - Парсинг: 1990 год, страница 2 (https://aviation-safety.net/database/year/1990/2)
[2026-02-26T08:33:02.869+0000] {logging_mixin.py:188} INFO - Парсинг: 1990 год, страница 3 (https://aviation-safety.net/database/year/1990/3)
[2026-02-26T08:33:03.715+0000] {logging_mixin.py:188} INFO - Парсинг: 1990 год, страница 4 (https://aviation-safety.net/database/year/1990/4)
[2026-02-26T08:33:04.997+0000] {logging_mixin.py:188} INFO - Парсинг: 1991 год, страница 1 (https://aviation-safety.net/database/year/1991/1)
[2026-02-26T08:33:06.123+0000] {logging_mixin.py:188} INFO - Парсинг: 1991 год, страница 2 (https://aviation-safety.net/database/year/1991/2)
[2026-02-26T08:33:07.396+0000] {logging_mixin.py:188} INFO - Парсинг: 1991 год, страница 3 (https://aviation-safety.net/database/year/1991/3)
[2026-02-26T08:33:08.281+0000] {logging_mixin.py:188} INFO - Парсинг: 1991 год, страница 4 (https://aviation-safety.net/database/year/1991/4)
[2026-02-26T08:33:09.509+0000] {logging_mixin.py:188} INFO - Парсинг: 1992 год, страница 1 (https://aviation-safety.net/database/year/1992/1)
[2026-02-26T08:33:10.759+0000] {logging_mixin.py:188} INFO - Парсинг: 1992 год, страница 2 (https://aviation-safety.net/database/year/1992/2)
[2026-02-26T08:33:11.882+0000] {logging_mixin.py:188} INFO - Парсинг: 1992 год, страница 3 (https://aviation-safety.net/database/year/1992/3)
[2026-02-26T08:33:13.133+0000] {logging_mixin.py:188} INFO - Парсинг: 1992 год, страница 4 (https://aviation-safety.net/database/year/1992/4)
[2026-02-26T08:33:13.960+0000] {logging_mixin.py:188} INFO - Парсинг: 1992 год, страница 5 (https://aviation-safety.net/database/year/1992/5)
[2026-02-26T08:33:14.918+0000] {logging_mixin.py:188} INFO - Парсинг: 1993 год, страница 1 (https://aviation-safety.net/database/year/1993/1)
[2026-02-26T08:33:16.041+0000] {logging_mixin.py:188} INFO - Парсинг: 1993 год, страница 2 (https://aviation-safety.net/database/year/1993/2)
[2026-02-26T08:33:17.229+0000] {logging_mixin.py:188} INFO - Парсинг: 1993 год, страница 3 (https://aviation-safety.net/database/year/1993/3)
[2026-02-26T08:33:18.419+0000] {logging_mixin.py:188} INFO - Парсинг: 1993 год, страница 4 (https://aviation-safety.net/database/year/1993/4)
[2026-02-26T08:33:19.498+0000] {logging_mixin.py:188} INFO - Парсинг: 1993 год, страница 5 (https://aviation-safety.net/database/year/1993/5)
[2026-02-26T08:33:21.469+0000] {logging_mixin.py:188} INFO - Парсинг: 1994 год, страница 1 (https://aviation-safety.net/database/year/1994/1)
[2026-02-26T08:33:23.948+0000] {logging_mixin.py:188} INFO - Парсинг: 1994 год, страница 2 (https://aviation-safety.net/database/year/1994/2)
[2026-02-26T08:33:25.139+0000] {logging_mixin.py:188} INFO - Парсинг: 1994 год, страница 3 (https://aviation-safety.net/database/year/1994/3)
[2026-02-26T08:33:26.283+0000] {logging_mixin.py:188} INFO - Парсинг: 1994 год, страница 4 (https://aviation-safety.net/database/year/1994/4)
[2026-02-26T08:33:27.416+0000] {logging_mixin.py:188} INFO - Парсинг: 1995 год, страница 1 (https://aviation-safety.net/database/year/1995/1)
[2026-02-26T08:33:28.528+0000] {logging_mixin.py:188} INFO - Парсинг: 1995 год, страница 2 (https://aviation-safety.net/database/year/1995/2)
[2026-02-26T08:33:29.851+0000] {logging_mixin.py:188} INFO - Парсинг: 1995 год, страница 3 (https://aviation-safety.net/database/year/1995/3)
[2026-02-26T08:33:31.041+0000] {logging_mixin.py:188} INFO - Парсинг: 1995 год, страница 4 (https://aviation-safety.net/database/year/1995/4)
[2026-02-26T08:33:31.949+0000] {logging_mixin.py:188} INFO - Парсинг: 1995 год, страница 5 (https://aviation-safety.net/database/year/1995/5)
[2026-02-26T08:33:33.210+0000] {logging_mixin.py:188} INFO - Парсинг: 1996 год, страница 1 (https://aviation-safety.net/database/year/1996/1)
[2026-02-26T08:33:34.308+0000] {logging_mixin.py:188} INFO - Парсинг: 1996 год, страница 2 (https://aviation-safety.net/database/year/1996/2)
[2026-02-26T08:33:35.514+0000] {logging_mixin.py:188} INFO - Парсинг: 1996 год, страница 3 (https://aviation-safety.net/database/year/1996/3)
[2026-02-26T08:33:36.426+0000] {logging_mixin.py:188} INFO - Парсинг: 1996 год, страница 4 (https://aviation-safety.net/database/year/1996/4)
[2026-02-26T08:33:37.325+0000] {logging_mixin.py:188} INFO - Парсинг: 1996 год, страница 5 (https://aviation-safety.net/database/year/1996/5)
[2026-02-26T08:33:38.161+0000] {logging_mixin.py:188} INFO - Парсинг: 1997 год, страница 1 (https://aviation-safety.net/database/year/1997/1)
[2026-02-26T08:33:39.100+0000] {logging_mixin.py:188} INFO - Парсинг: 1997 год, страница 2 (https://aviation-safety.net/database/year/1997/2)
[2026-02-26T08:33:40.035+0000] {logging_mixin.py:188} INFO - Парсинг: 1997 год, страница 3 (https://aviation-safety.net/database/year/1997/3)
[2026-02-26T08:33:41.050+0000] {logging_mixin.py:188} INFO - Парсинг: 1997 год, страница 4 (https://aviation-safety.net/database/year/1997/4)
[2026-02-26T08:33:41.972+0000] {logging_mixin.py:188} INFO - Парсинг: 1997 год, страница 5 (https://aviation-safety.net/database/year/1997/5)
[2026-02-26T08:33:42.781+0000] {logging_mixin.py:188} INFO - Парсинг: 1998 год, страница 1 (https://aviation-safety.net/database/year/1998/1)
[2026-02-26T08:33:44.313+0000] {logging_mixin.py:188} INFO - Парсинг: 1998 год, страница 2 (https://aviation-safety.net/database/year/1998/2)
[2026-02-26T08:33:45.514+0000] {logging_mixin.py:188} INFO - Парсинг: 1998 год, страница 3 (https://aviation-safety.net/database/year/1998/3)
[2026-02-26T08:33:46.816+0000] {logging_mixin.py:188} INFO - Парсинг: 1998 год, страница 4 (https://aviation-safety.net/database/year/1998/4)
[2026-02-26T08:33:47.398+0000] {logging_mixin.py:188} INFO - Парсинг: 1998 год, страница 5 (https://aviation-safety.net/database/year/1998/5)
[2026-02-26T08:33:48.410+0000] {logging_mixin.py:188} INFO - Парсинг: 1999 год, страница 1 (https://aviation-safety.net/database/year/1999/1)
[2026-02-26T08:33:49.698+0000] {logging_mixin.py:188} INFO - Парсинг: 1999 год, страница 2 (https://aviation-safety.net/database/year/1999/2)
[2026-02-26T08:33:50.664+0000] {logging_mixin.py:188} INFO - Парсинг: 1999 год, страница 3 (https://aviation-safety.net/database/year/1999/3)
[2026-02-26T08:33:51.915+0000] {logging_mixin.py:188} INFO - Парсинг: 1999 год, страница 4 (https://aviation-safety.net/database/year/1999/4)
[2026-02-26T08:33:52.865+0000] {logging_mixin.py:188} INFO - Парсинг: 1999 год, страница 5 (https://aviation-safety.net/database/year/1999/5)
[2026-02-26T08:33:53.834+0000] {logging_mixin.py:188} INFO - Парсинг: 2000 год, страница 1 (https://aviation-safety.net/database/year/2000/1)
[2026-02-26T08:33:54.801+0000] {logging_mixin.py:188} INFO - Парсинг: 2000 год, страница 2 (https://aviation-safety.net/database/year/2000/2)
[2026-02-26T08:33:55.907+0000] {logging_mixin.py:188} INFO - Парсинг: 2000 год, страница 3 (https://aviation-safety.net/database/year/2000/3)
[2026-02-26T08:33:57.129+0000] {logging_mixin.py:188} INFO - Парсинг: 2000 год, страница 4 (https://aviation-safety.net/database/year/2000/4)
[2026-02-26T08:33:57.968+0000] {logging_mixin.py:188} INFO - Парсинг: 2000 год, страница 5 (https://aviation-safety.net/database/year/2000/5)
[2026-02-26T08:33:59.365+0000] {logging_mixin.py:188} INFO - Парсинг: 2001 год, страница 1 (https://aviation-safety.net/database/year/2001/1)
[2026-02-26T08:34:00.335+0000] {logging_mixin.py:188} INFO - Парсинг: 2001 год, страница 2 (https://aviation-safety.net/database/year/2001/2)
[2026-02-26T08:34:01.264+0000] {logging_mixin.py:188} INFO - Парсинг: 2001 год, страница 3 (https://aviation-safety.net/database/year/2001/3)
[2026-02-26T08:34:02.402+0000] {logging_mixin.py:188} INFO - Парсинг: 2001 год, страница 4 (https://aviation-safety.net/database/year/2001/4)
[2026-02-26T08:34:03.196+0000] {logging_mixin.py:188} INFO - Парсинг: 2001 год, страница 5 (https://aviation-safety.net/database/year/2001/5)
[2026-02-26T08:34:04.178+0000] {logging_mixin.py:188} INFO - Парсинг: 2002 год, страница 1 (https://aviation-safety.net/database/year/2002/1)
[2026-02-26T08:34:05.105+0000] {logging_mixin.py:188} INFO - Парсинг: 2002 год, страница 2 (https://aviation-safety.net/database/year/2002/2)
[2026-02-26T08:34:06.296+0000] {logging_mixin.py:188} INFO - Парсинг: 2002 год, страница 3 (https://aviation-safety.net/database/year/2002/3)
[2026-02-26T08:34:07.411+0000] {logging_mixin.py:188} INFO - Парсинг: 2002 год, страница 4 (https://aviation-safety.net/database/year/2002/4)
[2026-02-26T08:34:08.324+0000] {logging_mixin.py:188} INFO - Парсинг: 2003 год, страница 1 (https://aviation-safety.net/database/year/2003/1)
[2026-02-26T08:34:09.695+0000] {logging_mixin.py:188} INFO - Парсинг: 2003 год, страница 2 (https://aviation-safety.net/database/year/2003/2)
[2026-02-26T08:34:11.050+0000] {logging_mixin.py:188} INFO - Парсинг: 2003 год, страница 3 (https://aviation-safety.net/database/year/2003/3)
[2026-02-26T08:34:12.255+0000] {logging_mixin.py:188} INFO - Парсинг: 2003 год, страница 4 (https://aviation-safety.net/database/year/2003/4)
[2026-02-26T08:34:13.084+0000] {logging_mixin.py:188} INFO - Парсинг: 2004 год, страница 1 (https://aviation-safety.net/database/year/2004/1)
[2026-02-26T08:34:14.233+0000] {logging_mixin.py:188} INFO - Парсинг: 2004 год, страница 2 (https://aviation-safety.net/database/year/2004/2)
[2026-02-26T08:34:15.245+0000] {logging_mixin.py:188} INFO - Парсинг: 2004 год, страница 3 (https://aviation-safety.net/database/year/2004/3)
[2026-02-26T08:34:16.397+0000] {logging_mixin.py:188} INFO - Парсинг: 2004 год, страница 4 (https://aviation-safety.net/database/year/2004/4)
[2026-02-26T08:34:17.285+0000] {logging_mixin.py:188} INFO - Парсинг: 2005 год, страница 1 (https://aviation-safety.net/database/year/2005/1)
[2026-02-26T08:34:18.438+0000] {logging_mixin.py:188} INFO - Парсинг: 2005 год, страница 2 (https://aviation-safety.net/database/year/2005/2)
[2026-02-26T08:34:19.777+0000] {logging_mixin.py:188} INFO - Парсинг: 2005 год, страница 3 (https://aviation-safety.net/database/year/2005/3)
[2026-02-26T08:34:21.409+0000] {logging_mixin.py:188} INFO - Парсинг: 2005 год, страница 4 (https://aviation-safety.net/database/year/2005/4)
[2026-02-26T08:34:22.599+0000] {logging_mixin.py:188} INFO - Парсинг: 2006 год, страница 1 (https://aviation-safety.net/database/year/2006/1)
[2026-02-26T08:34:23.520+0000] {logging_mixin.py:188} INFO - Парсинг: 2006 год, страница 2 (https://aviation-safety.net/database/year/2006/2)
[2026-02-26T08:34:25.061+0000] {logging_mixin.py:188} INFO - Парсинг: 2006 год, страница 3 (https://aviation-safety.net/database/year/2006/3)
[2026-02-26T08:34:27.537+0000] {logging_mixin.py:188} INFO - Парсинг: 2006 год, страница 4 (https://aviation-safety.net/database/year/2006/4)
[2026-02-26T08:34:28.633+0000] {logging_mixin.py:188} INFO - Парсинг: 2006 год, страница 5 (https://aviation-safety.net/database/year/2006/5)
[2026-02-26T08:34:29.569+0000] {logging_mixin.py:188} INFO - Парсинг: 2007 год, страница 1 (https://aviation-safety.net/database/year/2007/1)
[2026-02-26T08:34:30.899+0000] {logging_mixin.py:188} INFO - Парсинг: 2007 год, страница 2 (https://aviation-safety.net/database/year/2007/2)
[2026-02-26T08:34:31.985+0000] {logging_mixin.py:188} INFO - Парсинг: 2007 год, страница 3 (https://aviation-safety.net/database/year/2007/3)
[2026-02-26T08:34:32.993+0000] {logging_mixin.py:188} INFO - Парсинг: 2007 год, страница 4 (https://aviation-safety.net/database/year/2007/4)
[2026-02-26T08:34:33.874+0000] {logging_mixin.py:188} INFO - Парсинг: 2008 год, страница 1 (https://aviation-safety.net/database/year/2008/1)
[2026-02-26T08:34:34.984+0000] {logging_mixin.py:188} INFO - Парсинг: 2008 год, страница 2 (https://aviation-safety.net/database/year/2008/2)
[2026-02-26T08:34:35.993+0000] {logging_mixin.py:188} INFO - Парсинг: 2008 год, страница 3 (https://aviation-safety.net/database/year/2008/3)
[2026-02-26T08:34:37.017+0000] {logging_mixin.py:188} INFO - Парсинг: 2008 год, страница 4 (https://aviation-safety.net/database/year/2008/4)
[2026-02-26T08:34:38.101+0000] {logging_mixin.py:188} INFO - Парсинг: 2009 год, страница 1 (https://aviation-safety.net/database/year/2009/1)
[2026-02-26T08:34:39.729+0000] {logging_mixin.py:188} INFO - Парсинг: 2009 год, страница 2 (https://aviation-safety.net/database/year/2009/2)
[2026-02-26T08:34:40.955+0000] {logging_mixin.py:188} INFO - Парсинг: 2009 год, страница 3 (https://aviation-safety.net/database/year/2009/3)
[2026-02-26T08:34:41.948+0000] {logging_mixin.py:188} INFO - Парсинг: 2009 год, страница 4 (https://aviation-safety.net/database/year/2009/4)
[2026-02-26T08:34:42.768+0000] {logging_mixin.py:188} INFO - Парсинг: 2010 год, страница 1 (https://aviation-safety.net/database/year/2010/1)
[2026-02-26T08:34:43.815+0000] {logging_mixin.py:188} INFO - Парсинг: 2010 год, страница 2 (https://aviation-safety.net/database/year/2010/2)
[2026-02-26T08:34:44.960+0000] {logging_mixin.py:188} INFO - Парсинг: 2010 год, страница 3 (https://aviation-safety.net/database/year/2010/3)
[2026-02-26T08:34:45.843+0000] {logging_mixin.py:188} INFO - Парсинг: 2010 год, страница 4 (https://aviation-safety.net/database/year/2010/4)
[2026-02-26T08:34:46.773+0000] {logging_mixin.py:188} INFO - Парсинг: 2011 год, страница 1 (https://aviation-safety.net/database/year/2011/1)
[2026-02-26T08:34:47.937+0000] {logging_mixin.py:188} INFO - Парсинг: 2011 год, страница 2 (https://aviation-safety.net/database/year/2011/2)
[2026-02-26T08:34:48.856+0000] {logging_mixin.py:188} INFO - Парсинг: 2011 год, страница 3 (https://aviation-safety.net/database/year/2011/3)
[2026-02-26T08:34:49.827+0000] {logging_mixin.py:188} INFO - Парсинг: 2011 год, страница 4 (https://aviation-safety.net/database/year/2011/4)
[2026-02-26T08:34:50.640+0000] {logging_mixin.py:188} INFO - Парсинг: 2012 год, страница 1 (https://aviation-safety.net/database/year/2012/1)
[2026-02-26T08:34:51.981+0000] {logging_mixin.py:188} INFO - Парсинг: 2012 год, страница 2 (https://aviation-safety.net/database/year/2012/2)
[2026-02-26T08:34:53.126+0000] {logging_mixin.py:188} INFO - Парсинг: 2012 год, страница 3 (https://aviation-safety.net/database/year/2012/3)
[2026-02-26T08:34:54.255+0000] {logging_mixin.py:188} INFO - Парсинг: 2012 год, страница 4 (https://aviation-safety.net/database/year/2012/4)
[2026-02-26T08:34:55.261+0000] {logging_mixin.py:188} INFO - Парсинг: 2013 год, страница 1 (https://aviation-safety.net/database/year/2013/1)
[2026-02-26T08:34:56.131+0000] {logging_mixin.py:188} INFO - Парсинг: 2013 год, страница 2 (https://aviation-safety.net/database/year/2013/2)
[2026-02-26T08:34:57.379+0000] {logging_mixin.py:188} INFO - Парсинг: 2013 год, страница 3 (https://aviation-safety.net/database/year/2013/3)
[2026-02-26T08:34:58.456+0000] {logging_mixin.py:188} INFO - Парсинг: 2013 год, страница 4 (https://aviation-safety.net/database/year/2013/4)
[2026-02-26T08:34:59.665+0000] {logging_mixin.py:188} INFO - Парсинг: 2014 год, страница 1 (https://aviation-safety.net/database/year/2014/1)
[2026-02-26T08:35:00.601+0000] {logging_mixin.py:188} INFO - Парсинг: 2014 год, страница 2 (https://aviation-safety.net/database/year/2014/2)
[2026-02-26T08:35:01.666+0000] {logging_mixin.py:188} INFO - Парсинг: 2014 год, страница 3 (https://aviation-safety.net/database/year/2014/3)
[2026-02-26T08:35:03.780+0000] {logging_mixin.py:188} INFO - Парсинг: 2014 год, страница 4 (https://aviation-safety.net/database/year/2014/4)
[2026-02-26T08:35:04.558+0000] {logging_mixin.py:188} INFO - Парсинг: 2015 год, страница 1 (https://aviation-safety.net/database/year/2015/1)
[2026-02-26T08:35:06.036+0000] {logging_mixin.py:188} INFO - Парсинг: 2015 год, страница 2 (https://aviation-safety.net/database/year/2015/2)
[2026-02-26T08:35:07.170+0000] {logging_mixin.py:188} INFO - Парсинг: 2015 год, страница 3 (https://aviation-safety.net/database/year/2015/3)
[2026-02-26T08:35:08.166+0000] {logging_mixin.py:188} INFO - Парсинг: 2015 год, страница 4 (https://aviation-safety.net/database/year/2015/4)
[2026-02-26T08:35:09.426+0000] {logging_mixin.py:188} INFO - Парсинг: 2016 год, страница 1 (https://aviation-safety.net/database/year/2016/1)
[2026-02-26T08:35:10.545+0000] {logging_mixin.py:188} INFO - Парсинг: 2016 год, страница 2 (https://aviation-safety.net/database/year/2016/2)
[2026-02-26T08:35:11.891+0000] {logging_mixin.py:188} INFO - Парсинг: 2016 год, страница 3 (https://aviation-safety.net/database/year/2016/3)
[2026-02-26T08:35:13.062+0000] {logging_mixin.py:188} INFO - Парсинг: 2016 год, страница 4 (https://aviation-safety.net/database/year/2016/4)
[2026-02-26T08:35:14.117+0000] {logging_mixin.py:188} INFO - Парсинг: 2017 год, страница 1 (https://aviation-safety.net/database/year/2017/1)
[2026-02-26T08:35:15.351+0000] {logging_mixin.py:188} INFO - Парсинг: 2017 год, страница 2 (https://aviation-safety.net/database/year/2017/2)
[2026-02-26T08:35:16.298+0000] {logging_mixin.py:188} INFO - Парсинг: 2017 год, страница 3 (https://aviation-safety.net/database/year/2017/3)
[2026-02-26T08:35:17.243+0000] {logging_mixin.py:188} INFO - Парсинг: 2017 год, страница 4 (https://aviation-safety.net/database/year/2017/4)
[2026-02-26T08:35:18.214+0000] {logging_mixin.py:188} INFO - Парсинг: 2018 год, страница 1 (https://aviation-safety.net/database/year/2018/1)
[2026-02-26T08:35:19.426+0000] {logging_mixin.py:188} INFO - Парсинг: 2018 год, страница 2 (https://aviation-safety.net/database/year/2018/2)
[2026-02-26T08:35:20.586+0000] {logging_mixin.py:188} INFO - Парсинг: 2018 год, страница 3 (https://aviation-safety.net/database/year/2018/3)
[2026-02-26T08:35:21.664+0000] {logging_mixin.py:188} INFO - Парсинг: 2018 год, страница 4 (https://aviation-safety.net/database/year/2018/4)
[2026-02-26T08:35:23.224+0000] {logging_mixin.py:188} INFO - Парсинг: 2019 год, страница 1 (https://aviation-safety.net/database/year/2019/1)
[2026-02-26T08:35:24.346+0000] {logging_mixin.py:188} INFO - Парсинг: 2019 год, страница 2 (https://aviation-safety.net/database/year/2019/2)
[2026-02-26T08:35:25.279+0000] {logging_mixin.py:188} INFO - Парсинг: 2019 год, страница 3 (https://aviation-safety.net/database/year/2019/3)
[2026-02-26T08:35:26.041+0000] {logging_mixin.py:188} INFO - Парсинг: 2019 год, страница 4 (https://aviation-safety.net/database/year/2019/4)
[2026-02-26T08:35:27.120+0000] {logging_mixin.py:188} INFO - Парсинг: 2020 год, страница 1 (https://aviation-safety.net/database/year/2020/1)
[2026-02-26T08:35:28.101+0000] {logging_mixin.py:188} INFO - Парсинг: 2020 год, страница 2 (https://aviation-safety.net/database/year/2020/2)
[2026-02-26T08:35:29.112+0000] {logging_mixin.py:188} INFO - Парсинг: 2020 год, страница 3 (https://aviation-safety.net/database/year/2020/3)
[2026-02-26T08:35:29.951+0000] {logging_mixin.py:188} INFO - Парсинг: 2020 год, страница 4 (https://aviation-safety.net/database/year/2020/4)
[2026-02-26T08:35:30.959+0000] {logging_mixin.py:188} INFO - Парсинг: 2021 год, страница 1 (https://aviation-safety.net/database/year/2021/1)
[2026-02-26T08:35:31.861+0000] {logging_mixin.py:188} INFO - Парсинг: 2021 год, страница 2 (https://aviation-safety.net/database/year/2021/2)
[2026-02-26T08:35:32.956+0000] {logging_mixin.py:188} INFO - Парсинг: 2021 год, страница 3 (https://aviation-safety.net/database/year/2021/3)
[2026-02-26T08:35:34.012+0000] {logging_mixin.py:188} INFO - Парсинг: 2021 год, страница 4 (https://aviation-safety.net/database/year/2021/4)
[2026-02-26T08:35:35.107+0000] {logging_mixin.py:188} INFO - Парсинг: 2022 год, страница 1 (https://aviation-safety.net/database/year/2022/1)
[2026-02-26T08:35:36.405+0000] {logging_mixin.py:188} INFO - Парсинг: 2022 год, страница 2 (https://aviation-safety.net/database/year/2022/2)
[2026-02-26T08:35:37.365+0000] {logging_mixin.py:188} INFO - Парсинг: 2022 год, страница 3 (https://aviation-safety.net/database/year/2022/3)
[2026-02-26T08:35:38.324+0000] {logging_mixin.py:188} INFO - Парсинг: 2022 год, страница 4 (https://aviation-safety.net/database/year/2022/4)
[2026-02-26T08:35:39.303+0000] {logging_mixin.py:188} INFO - Парсинг: 2023 год, страница 1 (https://aviation-safety.net/database/year/2023/1)
[2026-02-26T08:35:40.505+0000] {logging_mixin.py:188} INFO - Парсинг: 2023 год, страница 2 (https://aviation-safety.net/database/year/2023/2)
[2026-02-26T08:35:41.755+0000] {logging_mixin.py:188} INFO - Парсинг: 2023 год, страница 3 (https://aviation-safety.net/database/year/2023/3)
[2026-02-26T08:35:42.544+0000] {logging_mixin.py:188} INFO - Парсинг: 2023 год, страница 4 (https://aviation-safety.net/database/year/2023/4)
[2026-02-26T08:35:43.503+0000] {logging_mixin.py:188} INFO - Парсинг: 2024 год, страница 1 (https://aviation-safety.net/database/year/2024/1)
[2026-02-26T08:35:44.541+0000] {logging_mixin.py:188} INFO - Парсинг: 2024 год, страница 2 (https://aviation-safety.net/database/year/2024/2)
[2026-02-26T08:35:45.758+0000] {logging_mixin.py:188} INFO - Парсинг: 2024 год, страница 3 (https://aviation-safety.net/database/year/2024/3)
[2026-02-26T08:35:46.753+0000] {logging_mixin.py:188} INFO - Парсинг: 2024 год, страница 4 (https://aviation-safety.net/database/year/2024/4)
[2026-02-26T08:35:48.025+0000] {logging_mixin.py:188} INFO - Парсинг: 2025 год, страница 1 (https://aviation-safety.net/database/year/2025/1)
[2026-02-26T08:35:49.103+0000] {logging_mixin.py:188} INFO - Парсинг: 2025 год, страница 2 (https://aviation-safety.net/database/year/2025/2)
[2026-02-26T08:35:50.504+0000] {logging_mixin.py:188} INFO - Парсинг: 2025 год, страница 3 (https://aviation-safety.net/database/year/2025/3)
[2026-02-26T08:35:51.588+0000] {logging_mixin.py:188} INFO - Парсинг: 2026 год, страница 1 (https://aviation-safety.net/database/year/2026/1)
[2026-02-26T08:35:52.482+0000] {logging_mixin.py:188} INFO - Парсинг: 2026 год, страница 2 (https://aviation-safety.net/database/year/2026/2)
[2026-02-26T08:35:53.399+0000] {python.py:201} INFO - Done. Returned value was:          acc. date                                    type  ...  Year       Date
0       2 Jan 1990        CASA/Nurtanio NC-212 Aviocar 200  ...  1990 1990-01-02
1       2 Jan 1990              McDonnell Douglas DC-10-10  ...  1990 1990-01-02
2       3 Jan 1990  Britten-Norman BN-2A Trislander Mk.III  ...  1990 1990-01-03
3       4 Jan 1990            Fairchild SA227-AC Metro III  ...  1990 1990-01-04
4       5 Jan 1990             Fokker F-28 Fellowship 4000  ...  1990 1990-01-05
...            ...                                     ...  ...   ...        ...
10018  13 Jan 2026                   Cessna 750 Citation X  ...  2026 2026-01-13
10019  10 Jan 2026            Cessna 208B Grand Caravan EX  ...  2026 2026-01-10
10020   6 Jan 2026               Cessna S550 Citation S/II  ...  2026 2026-01-06
10021   5 Jan 2026            Bombardier DHC-8-402Q Dash 8  ...  2026 2026-01-05
10022   2 Jan 2026                              ATR 72-500  ...  2026 2026-01-02

[10023 rows x 12 columns]
[2026-02-26T08:35:53.670+0000] {taskinstance.py:1138} INFO - Marking task as SUCCESS. dag_id=risk_analysis_v1, task_id=extract_aviation, execution_date=20260226T083256, start_date=20260226T083259, end_date=20260226T083553
[2026-02-26T08:35:53.741+0000] {local_task_job_runner.py:234} INFO - Task exited with return code 0
[2026-02-26T08:35:53.789+0000] {taskinstance.py:3280} INFO - 1 downstream tasks scheduled from follow-on schedule check
