[2026-02-26T02:21:21.736+0000] {taskinstance.py:1956} INFO - Dependencies all met for dep_context=non-requeueable deps ti=<TaskInstance: risk_analysis_v1.transform_and_load_to_processed manual__2026-02-26T02:17:09.775483+00:00 [queued]>
[2026-02-26T02:21:21.748+0000] {taskinstance.py:1956} INFO - Dependencies all met for dep_context=requeueable deps ti=<TaskInstance: risk_analysis_v1.transform_and_load_to_processed manual__2026-02-26T02:17:09.775483+00:00 [queued]>
[2026-02-26T02:21:21.749+0000] {taskinstance.py:2170} INFO - Starting attempt 1 of 1
[2026-02-26T02:21:21.769+0000] {taskinstance.py:2191} INFO - Executing <Task(PythonOperator): transform_and_load_to_processed> on 2026-02-26 02:17:09.775483+00:00
[2026-02-26T02:21:21.783+0000] {standard_task_runner.py:60} INFO - Started process 480 to run task
[2026-02-26T02:21:21.789+0000] {standard_task_runner.py:87} INFO - Running: ['***', 'tasks', 'run', 'risk_analysis_v1', 'transform_and_load_to_processed', 'manual__2026-02-26T02:17:09.775483+00:00', '--job-id', '8', '--raw', '--subdir', 'DAGS_FOLDER/pipeline.py', '--cfg-path', '/tmp/tmpfntxxs5d']
[2026-02-26T02:21:21.794+0000] {standard_task_runner.py:88} INFO - Job 8: Subtask transform_and_load_to_processed
[2026-02-26T02:21:21.867+0000] {task_command.py:423} INFO - Running <TaskInstance: risk_analysis_v1.transform_and_load_to_processed manual__2026-02-26T02:17:09.775483+00:00 [running]> on host 69721e20b09b
[2026-02-26T02:21:21.960+0000] {taskinstance.py:2480} INFO - Exporting env vars: AIRFLOW_CTX_DAG_OWNER='***' AIRFLOW_CTX_DAG_ID='risk_analysis_v1' AIRFLOW_CTX_TASK_ID='transform_and_load_to_processed' AIRFLOW_CTX_EXECUTION_DATE='2026-02-26T02:17:09.775483+00:00' AIRFLOW_CTX_TRY_NUMBER='1' AIRFLOW_CTX_DAG_RUN_ID='manual__2026-02-26T02:17:09.775483+00:00'
[2026-02-26T02:21:21.962+0000] {gulia_part.py:174} INFO - Чтение сырых данных...
[2026-02-26T02:21:21.963+0000] {gulia_part.py:178} INFO - Поиск EM-DAT в S3...
[2026-02-26T02:21:22.361+0000] {s3_tools.py:68} INFO - Чтение CSV из s3://jasonstatham/raw/emdat.csv...
[2026-02-26T02:21:29.240+0000] {logging_mixin.py:188} INFO - ТАК ЗДЕСЬ ВРОДЕ ВСЕ НОРМ ЕСЛИ МЕНЯ НЕТУ ТЕБЕ ПИЗДЕС
[2026-02-26T02:21:29.241+0000] {gulia_part.py:186} INFO - Поиск GTD в S3...
[2026-02-26T02:21:29.250+0000] {s3_tools.py:68} INFO - Чтение CSV из s3://jasonstatham/raw/gtd.csv...
[2026-02-26T02:21:36.961+0000] {s3_tools.py:68} INFO - Чтение CSV из s3://jasonstatham/raw/noaa/earthquakes_raw.csv...
[2026-02-26T02:21:39.628+0000] {s3_tools.py:68} INFO - Чтение CSV из s3://jasonstatham/raw/noaa/tsunamis_raw.csv...
[2026-02-26T02:21:41.609+0000] {s3_tools.py:68} INFO - Чтение CSV из s3://jasonstatham/raw/noaa/volcanoes_raw.csv...
[2026-02-26T02:21:43.666+0000] {s3_tools.py:68} INFO - Чтение CSV из s3://jasonstatham/raw/aircraft/aviation_safety_raw.csv...
[2026-02-26T02:21:44.458+0000] {taskinstance.py:2698} ERROR - Task failed with exception
Traceback (most recent call last):
  File "/home/airflow/.local/lib/python3.8/site-packages/airflow/models/taskinstance.py", line 433, in _execute_task
    result = execute_callable(context=context, **execute_callable_kwargs)
  File "/home/airflow/.local/lib/python3.8/site-packages/airflow/operators/python.py", line 199, in execute
    return_value = self.execute_callable()
  File "/home/airflow/.local/lib/python3.8/site-packages/airflow/operators/python.py", line 216, in execute_callable
    return self.python_callable(*self.op_args, **self.op_kwargs)
  File "/opt/airflow/src/gulia_part.py", line 199, in transform_and_load_processed
    clean_emdat = transform_emdat(raw_emdat)
  File "/opt/airflow/src/gulia_part.py", line 104, in transform_emdat
    df['Date'] = pd.to_datetime(df[[year_col, 'Start Month', 'Start Day']].rename(columns={year_col: 'year', 'Start Month': 'month', 'Start Day': 'day'}).fillna(1), errors='coerce')
  File "/home/airflow/.local/lib/python3.8/site-packages/pandas/core/frame.py", line 3767, in __getitem__
    indexer = self.columns._get_indexer_strict(key, "columns")[1]
  File "/home/airflow/.local/lib/python3.8/site-packages/pandas/core/indexes/base.py", line 5877, in _get_indexer_strict
    self._raise_if_missing(keyarr, indexer, axis_name)
  File "/home/airflow/.local/lib/python3.8/site-packages/pandas/core/indexes/base.py", line 5938, in _raise_if_missing
    raise KeyError(f"None of [{key}] are in the [{axis_name}]")
KeyError: "None of [Index(['Year', 'Start Month', 'Start Day'], dtype='object')] are in the [columns]"
[2026-02-26T02:21:44.488+0000] {taskinstance.py:1138} INFO - Marking task as FAILED. dag_id=risk_analysis_v1, task_id=transform_and_load_to_processed, execution_date=20260226T021709, start_date=20260226T022121, end_date=20260226T022144
[2026-02-26T02:21:44.512+0000] {standard_task_runner.py:107} ERROR - Failed to execute job 8 for task transform_and_load_to_processed ("None of [Index(['Year', 'Start Month', 'Start Day'], dtype='object')] are in the [columns]"; 480)
[2026-02-26T02:21:44.563+0000] {local_task_job_runner.py:234} INFO - Task exited with return code 1
[2026-02-26T02:21:44.581+0000] {taskinstance.py:3280} INFO - 0 downstream tasks scheduled from follow-on schedule check
