[2026-02-25T22:57:16.869+0000] {taskinstance.py:1956} INFO - Dependencies all met for dep_context=non-requeueable deps ti=<TaskInstance: risk_analysis_v1.train_gradient_boosting manual__2026-02-25T22:57:06.642898+00:00 [queued]>
[2026-02-25T22:57:16.882+0000] {taskinstance.py:1956} INFO - Dependencies all met for dep_context=requeueable deps ti=<TaskInstance: risk_analysis_v1.train_gradient_boosting manual__2026-02-25T22:57:06.642898+00:00 [queued]>
[2026-02-25T22:57:16.882+0000] {taskinstance.py:2170} INFO - Starting attempt 1 of 1
[2026-02-25T22:57:16.908+0000] {taskinstance.py:2191} INFO - Executing <Task(PythonOperator): train_gradient_boosting> on 2026-02-25 22:57:06.642898+00:00
[2026-02-25T22:57:16.918+0000] {standard_task_runner.py:60} INFO - Started process 195 to run task
[2026-02-25T22:57:16.922+0000] {standard_task_runner.py:87} INFO - Running: ['***', 'tasks', 'run', 'risk_analysis_v1', 'train_gradient_boosting', 'manual__2026-02-25T22:57:06.642898+00:00', '--job-id', '3', '--raw', '--subdir', 'DAGS_FOLDER/pipeline.py', '--cfg-path', '/tmp/tmpk1twbzf2']
[2026-02-25T22:57:16.927+0000] {standard_task_runner.py:88} INFO - Job 3: Subtask train_gradient_boosting
[2026-02-25T22:57:17.011+0000] {task_command.py:423} INFO - Running <TaskInstance: risk_analysis_v1.train_gradient_boosting manual__2026-02-25T22:57:06.642898+00:00 [running]> on host 46a40825409e
[2026-02-25T22:57:17.195+0000] {taskinstance.py:2480} INFO - Exporting env vars: AIRFLOW_CTX_DAG_OWNER='***' AIRFLOW_CTX_DAG_ID='risk_analysis_v1' AIRFLOW_CTX_TASK_ID='train_gradient_boosting' AIRFLOW_CTX_EXECUTION_DATE='2026-02-25T22:57:06.642898+00:00' AIRFLOW_CTX_TRY_NUMBER='1' AIRFLOW_CTX_DAG_RUN_ID='manual__2026-02-25T22:57:06.642898+00:00'
[2026-02-25T22:57:17.201+0000] {etl_logic.py:24} INFO - Reading local CSV...
[2026-02-25T22:57:17.310+0000] {etl_logic.py:37} INFO - Fetching World Bank Data...
[2026-02-25T22:57:18.328+0000] {etl_logic.py:46} INFO - ETL Complete. Rows: 6431
[2026-02-25T22:57:18.332+0000] {ml_logic.py:15} INFO - Начинаем подготовку данных для модели: gb
[2026-02-25T22:57:18.355+0000] {ml_logic.py:44} INFO - Обучение модели...
[2026-02-25T22:57:19.494+0000] {ml_logic.py:52} INFO - ==========================================
[2026-02-25T22:57:19.496+0000] {ml_logic.py:53} INFO - РЕЗУЛЬТАТЫ МОДЕЛИ GB:
[2026-02-25T22:57:19.497+0000] {ml_logic.py:54} INFO - Точность (Accuracy): 85.16%
[2026-02-25T22:57:19.499+0000] {ml_logic.py:55} INFO - ==========================================
[2026-02-25T22:57:22.545+0000] {s3_tools.py:38} INFO - Uploaded model models/gb_classifier.joblib
[2026-02-25T22:57:23.536+0000] {s3_tools.py:38} INFO - Uploaded model models/gb_columns.joblib
[2026-02-25T22:57:23.539+0000] {python.py:201} INFO - Done. Returned value was: None
[2026-02-25T22:57:23.551+0000] {taskinstance.py:1138} INFO - Marking task as SUCCESS. dag_id=risk_analysis_v1, task_id=train_gradient_boosting, execution_date=20260225T225706, start_date=20260225T225716, end_date=20260225T225723
[2026-02-25T22:57:23.599+0000] {local_task_job_runner.py:234} INFO - Task exited with return code 0
[2026-02-25T22:57:23.627+0000] {taskinstance.py:3280} INFO - 0 downstream tasks scheduled from follow-on schedule check
