[2026-02-26T08:50:09.412+0000] {taskinstance.py:1956} INFO - Dependencies all met for dep_context=non-requeueable deps ti=<TaskInstance: risk_analysis_v1.extract_aviation manual__2026-02-26T08:50:06.954196+00:00 [queued]>
[2026-02-26T08:50:09.429+0000] {taskinstance.py:1956} INFO - Dependencies all met for dep_context=requeueable deps ti=<TaskInstance: risk_analysis_v1.extract_aviation manual__2026-02-26T08:50:06.954196+00:00 [queued]>
[2026-02-26T08:50:09.430+0000] {taskinstance.py:2170} INFO - Starting attempt 1 of 1
[2026-02-26T08:50:09.454+0000] {taskinstance.py:2191} INFO - Executing <Task(PythonOperator): extract_aviation> on 2026-02-26 08:50:06.954196+00:00
[2026-02-26T08:50:09.466+0000] {standard_task_runner.py:60} INFO - Started process 168 to run task
[2026-02-26T08:50:09.470+0000] {standard_task_runner.py:87} INFO - Running: ['***', 'tasks', 'run', 'risk_analysis_v1', 'extract_aviation', 'manual__2026-02-26T08:50:06.954196+00:00', '--job-id', '2', '--raw', '--subdir', 'DAGS_FOLDER/pipeline.py', '--cfg-path', '/tmp/tmp7r0t4xwt']
[2026-02-26T08:50:09.478+0000] {standard_task_runner.py:88} INFO - Job 2: Subtask extract_aviation
[2026-02-26T08:50:09.606+0000] {task_command.py:423} INFO - Running <TaskInstance: risk_analysis_v1.extract_aviation manual__2026-02-26T08:50:06.954196+00:00 [running]> on host 4ebaa6433361
[2026-02-26T08:50:09.778+0000] {taskinstance.py:2480} INFO - Exporting env vars: AIRFLOW_CTX_DAG_OWNER='***' AIRFLOW_CTX_DAG_ID='risk_analysis_v1' AIRFLOW_CTX_TASK_ID='extract_aviation' AIRFLOW_CTX_EXECUTION_DATE='2026-02-26T08:50:06.954196+00:00' AIRFLOW_CTX_TRY_NUMBER='1' AIRFLOW_CTX_DAG_RUN_ID='manual__2026-02-26T08:50:06.954196+00:00'
[2026-02-26T08:50:09.785+0000] {logging_mixin.py:188} INFO - Парсинг: 1990 год, страница 1 (https://aviation-safety.net/database/year/1990/1)
[2026-02-26T08:50:11.782+0000] {logging_mixin.py:188} INFO - Парсинг: 1990 год, страница 2 (https://aviation-safety.net/database/year/1990/2)
[2026-02-26T08:50:12.962+0000] {logging_mixin.py:188} INFO - Парсинг: 1990 год, страница 3 (https://aviation-safety.net/database/year/1990/3)
[2026-02-26T08:50:14.255+0000] {logging_mixin.py:188} INFO - Парсинг: 1990 год, страница 4 (https://aviation-safety.net/database/year/1990/4)
[2026-02-26T08:50:15.521+0000] {logging_mixin.py:188} INFO - Парсинг: 1991 год, страница 1 (https://aviation-safety.net/database/year/1991/1)
[2026-02-26T08:50:16.794+0000] {logging_mixin.py:188} INFO - Парсинг: 1991 год, страница 2 (https://aviation-safety.net/database/year/1991/2)
[2026-02-26T08:50:18.143+0000] {logging_mixin.py:188} INFO - Парсинг: 1991 год, страница 3 (https://aviation-safety.net/database/year/1991/3)
[2026-02-26T08:50:19.830+0000] {logging_mixin.py:188} INFO - Парсинг: 1991 год, страница 4 (https://aviation-safety.net/database/year/1991/4)
[2026-02-26T08:50:21.265+0000] {logging_mixin.py:188} INFO - Парсинг: 1992 год, страница 1 (https://aviation-safety.net/database/year/1992/1)
[2026-02-26T08:50:22.362+0000] {logging_mixin.py:188} INFO - Парсинг: 1992 год, страница 2 (https://aviation-safety.net/database/year/1992/2)
[2026-02-26T08:50:23.482+0000] {logging_mixin.py:188} INFO - Парсинг: 1992 год, страница 3 (https://aviation-safety.net/database/year/1992/3)
[2026-02-26T08:50:24.624+0000] {logging_mixin.py:188} INFO - Парсинг: 1992 год, страница 4 (https://aviation-safety.net/database/year/1992/4)
[2026-02-26T08:50:25.802+0000] {logging_mixin.py:188} INFO - Парсинг: 1992 год, страница 5 (https://aviation-safety.net/database/year/1992/5)
[2026-02-26T08:50:26.913+0000] {logging_mixin.py:188} INFO - Парсинг: 1993 год, страница 1 (https://aviation-safety.net/database/year/1993/1)
[2026-02-26T08:50:28.060+0000] {logging_mixin.py:188} INFO - Парсинг: 1993 год, страница 2 (https://aviation-safety.net/database/year/1993/2)
[2026-02-26T08:50:29.262+0000] {logging_mixin.py:188} INFO - Парсинг: 1993 год, страница 3 (https://aviation-safety.net/database/year/1993/3)
[2026-02-26T08:50:31.069+0000] {logging_mixin.py:188} INFO - Парсинг: 1993 год, страница 4 (https://aviation-safety.net/database/year/1993/4)
[2026-02-26T08:50:32.928+0000] {logging_mixin.py:188} INFO - Парсинг: 1993 год, страница 5 (https://aviation-safety.net/database/year/1993/5)
[2026-02-26T08:50:33.569+0000] {logging_mixin.py:188} INFO - Парсинг: 1994 год, страница 1 (https://aviation-safety.net/database/year/1994/1)
[2026-02-26T08:50:35.145+0000] {logging_mixin.py:188} INFO - Парсинг: 1994 год, страница 2 (https://aviation-safety.net/database/year/1994/2)
[2026-02-26T08:50:36.178+0000] {logging_mixin.py:188} INFO - Парсинг: 1994 год, страница 3 (https://aviation-safety.net/database/year/1994/3)
[2026-02-26T08:50:37.456+0000] {logging_mixin.py:188} INFO - Парсинг: 1994 год, страница 4 (https://aviation-safety.net/database/year/1994/4)
[2026-02-26T08:50:38.669+0000] {logging_mixin.py:188} INFO - Парсинг: 1995 год, страница 1 (https://aviation-safety.net/database/year/1995/1)
[2026-02-26T08:50:39.709+0000] {logging_mixin.py:188} INFO - Парсинг: 1995 год, страница 2 (https://aviation-safety.net/database/year/1995/2)
[2026-02-26T08:50:41.200+0000] {logging_mixin.py:188} INFO - Парсинг: 1995 год, страница 3 (https://aviation-safety.net/database/year/1995/3)
[2026-02-26T08:50:42.214+0000] {logging_mixin.py:188} INFO - Парсинг: 1995 год, страница 4 (https://aviation-safety.net/database/year/1995/4)
[2026-02-26T08:50:43.118+0000] {logging_mixin.py:188} INFO - Парсинг: 1995 год, страница 5 (https://aviation-safety.net/database/year/1995/5)
[2026-02-26T08:50:44.092+0000] {logging_mixin.py:188} INFO - Парсинг: 1996 год, страница 1 (https://aviation-safety.net/database/year/1996/1)
[2026-02-26T08:50:45.124+0000] {logging_mixin.py:188} INFO - Парсинг: 1996 год, страница 2 (https://aviation-safety.net/database/year/1996/2)
[2026-02-26T08:50:46.293+0000] {logging_mixin.py:188} INFO - Парсинг: 1996 год, страница 3 (https://aviation-safety.net/database/year/1996/3)
[2026-02-26T08:50:47.389+0000] {logging_mixin.py:188} INFO - Парсинг: 1996 год, страница 4 (https://aviation-safety.net/database/year/1996/4)
[2026-02-26T08:50:48.729+0000] {logging_mixin.py:188} INFO - Парсинг: 1996 год, страница 5 (https://aviation-safety.net/database/year/1996/5)
[2026-02-26T08:50:50.036+0000] {logging_mixin.py:188} INFO - Парсинг: 1997 год, страница 1 (https://aviation-safety.net/database/year/1997/1)
[2026-02-26T08:50:51.365+0000] {logging_mixin.py:188} INFO - Парсинг: 1997 год, страница 2 (https://aviation-safety.net/database/year/1997/2)
[2026-02-26T08:50:52.311+0000] {logging_mixin.py:188} INFO - Парсинг: 1997 год, страница 3 (https://aviation-safety.net/database/year/1997/3)
[2026-02-26T08:50:53.244+0000] {logging_mixin.py:188} INFO - Парсинг: 1997 год, страница 4 (https://aviation-safety.net/database/year/1997/4)
[2026-02-26T08:50:54.243+0000] {logging_mixin.py:188} INFO - Парсинг: 1997 год, страница 5 (https://aviation-safety.net/database/year/1997/5)
[2026-02-26T08:50:55.358+0000] {logging_mixin.py:188} INFO - Парсинг: 1998 год, страница 1 (https://aviation-safety.net/database/year/1998/1)
[2026-02-26T08:50:56.563+0000] {logging_mixin.py:188} INFO - Парсинг: 1998 год, страница 2 (https://aviation-safety.net/database/year/1998/2)
[2026-02-26T08:50:57.619+0000] {logging_mixin.py:188} INFO - Парсинг: 1998 год, страница 3 (https://aviation-safety.net/database/year/1998/3)
[2026-02-26T08:50:59.049+0000] {logging_mixin.py:188} INFO - Парсинг: 1998 год, страница 4 (https://aviation-safety.net/database/year/1998/4)
[2026-02-26T08:51:00.320+0000] {logging_mixin.py:188} INFO - Парсинг: 1998 год, страница 5 (https://aviation-safety.net/database/year/1998/5)
[2026-02-26T08:51:01.504+0000] {logging_mixin.py:188} INFO - Парсинг: 1999 год, страница 1 (https://aviation-safety.net/database/year/1999/1)
[2026-02-26T08:51:02.866+0000] {logging_mixin.py:188} INFO - Парсинг: 1999 год, страница 2 (https://aviation-safety.net/database/year/1999/2)
[2026-02-26T08:51:04.004+0000] {logging_mixin.py:188} INFO - Парсинг: 1999 год, страница 3 (https://aviation-safety.net/database/year/1999/3)
[2026-02-26T08:51:05.293+0000] {logging_mixin.py:188} INFO - Парсинг: 1999 год, страница 4 (https://aviation-safety.net/database/year/1999/4)
[2026-02-26T08:51:06.269+0000] {logging_mixin.py:188} INFO - Парсинг: 1999 год, страница 5 (https://aviation-safety.net/database/year/1999/5)
[2026-02-26T08:51:07.250+0000] {logging_mixin.py:188} INFO - Парсинг: 2000 год, страница 1 (https://aviation-safety.net/database/year/2000/1)
[2026-02-26T08:51:08.484+0000] {logging_mixin.py:188} INFO - Парсинг: 2000 год, страница 2 (https://aviation-safety.net/database/year/2000/2)
[2026-02-26T08:51:09.542+0000] {logging_mixin.py:188} INFO - Парсинг: 2000 год, страница 3 (https://aviation-safety.net/database/year/2000/3)
[2026-02-26T08:51:11.099+0000] {logging_mixin.py:188} INFO - Парсинг: 2000 год, страница 4 (https://aviation-safety.net/database/year/2000/4)
[2026-02-26T08:51:11.869+0000] {logging_mixin.py:188} INFO - Парсинг: 2000 год, страница 5 (https://aviation-safety.net/database/year/2000/5)
[2026-02-26T08:51:13.088+0000] {logging_mixin.py:188} INFO - Парсинг: 2001 год, страница 1 (https://aviation-safety.net/database/year/2001/1)
[2026-02-26T08:51:14.042+0000] {logging_mixin.py:188} INFO - Парсинг: 2001 год, страница 2 (https://aviation-safety.net/database/year/2001/2)
[2026-02-26T08:51:15.090+0000] {logging_mixin.py:188} INFO - Парсинг: 2001 год, страница 3 (https://aviation-safety.net/database/year/2001/3)
[2026-02-26T08:51:16.461+0000] {logging_mixin.py:188} INFO - Парсинг: 2001 год, страница 4 (https://aviation-safety.net/database/year/2001/4)
[2026-02-26T08:51:17.284+0000] {logging_mixin.py:188} INFO - Парсинг: 2001 год, страница 5 (https://aviation-safety.net/database/year/2001/5)
[2026-02-26T08:51:18.186+0000] {logging_mixin.py:188} INFO - Парсинг: 2002 год, страница 1 (https://aviation-safety.net/database/year/2002/1)
[2026-02-26T08:51:19.354+0000] {logging_mixin.py:188} INFO - Парсинг: 2002 год, страница 2 (https://aviation-safety.net/database/year/2002/2)
[2026-02-26T08:51:20.366+0000] {logging_mixin.py:188} INFO - Парсинг: 2002 год, страница 3 (https://aviation-safety.net/database/year/2002/3)
[2026-02-26T08:51:21.285+0000] {logging_mixin.py:188} INFO - Парсинг: 2002 год, страница 4 (https://aviation-safety.net/database/year/2002/4)
[2026-02-26T08:51:22.439+0000] {logging_mixin.py:188} INFO - Парсинг: 2003 год, страница 1 (https://aviation-safety.net/database/year/2003/1)
[2026-02-26T08:51:23.768+0000] {logging_mixin.py:188} INFO - Парсинг: 2003 год, страница 2 (https://aviation-safety.net/database/year/2003/2)
[2026-02-26T08:51:24.938+0000] {logging_mixin.py:188} INFO - Парсинг: 2003 год, страница 3 (https://aviation-safety.net/database/year/2003/3)
[2026-02-26T08:51:26.172+0000] {logging_mixin.py:188} INFO - Парсинг: 2003 год, страница 4 (https://aviation-safety.net/database/year/2003/4)
[2026-02-26T08:51:27.091+0000] {logging_mixin.py:188} INFO - Парсинг: 2004 год, страница 1 (https://aviation-safety.net/database/year/2004/1)
[2026-02-26T08:51:28.352+0000] {logging_mixin.py:188} INFO - Парсинг: 2004 год, страница 2 (https://aviation-safety.net/database/year/2004/2)
[2026-02-26T08:51:29.190+0000] {logging_mixin.py:188} INFO - Парсинг: 2004 год, страница 3 (https://aviation-safety.net/database/year/2004/3)
[2026-02-26T08:51:30.053+0000] {logging_mixin.py:188} INFO - Парсинг: 2004 год, страница 4 (https://aviation-safety.net/database/year/2004/4)
[2026-02-26T08:51:31.142+0000] {logging_mixin.py:188} INFO - Парсинг: 2005 год, страница 1 (https://aviation-safety.net/database/year/2005/1)
[2026-02-26T08:51:32.236+0000] {logging_mixin.py:188} INFO - Парсинг: 2005 год, страница 2 (https://aviation-safety.net/database/year/2005/2)
[2026-02-26T08:51:33.279+0000] {logging_mixin.py:188} INFO - Парсинг: 2005 год, страница 3 (https://aviation-safety.net/database/year/2005/3)
[2026-02-26T08:51:34.629+0000] {logging_mixin.py:188} INFO - Парсинг: 2005 год, страница 4 (https://aviation-safety.net/database/year/2005/4)
[2026-02-26T08:51:35.813+0000] {logging_mixin.py:188} INFO - Парсинг: 2006 год, страница 1 (https://aviation-safety.net/database/year/2006/1)
[2026-02-26T08:51:37.150+0000] {logging_mixin.py:188} INFO - Парсинг: 2006 год, страница 2 (https://aviation-safety.net/database/year/2006/2)
[2026-02-26T08:51:38.484+0000] {logging_mixin.py:188} INFO - Парсинг: 2006 год, страница 3 (https://aviation-safety.net/database/year/2006/3)
[2026-02-26T08:51:39.508+0000] {logging_mixin.py:188} INFO - Парсинг: 2006 год, страница 4 (https://aviation-safety.net/database/year/2006/4)
[2026-02-26T08:51:40.320+0000] {logging_mixin.py:188} INFO - Парсинг: 2006 год, страница 5 (https://aviation-safety.net/database/year/2006/5)
[2026-02-26T08:51:41.443+0000] {logging_mixin.py:188} INFO - Парсинг: 2007 год, страница 1 (https://aviation-safety.net/database/year/2007/1)
[2026-02-26T08:51:42.728+0000] {logging_mixin.py:188} INFO - Парсинг: 2007 год, страница 2 (https://aviation-safety.net/database/year/2007/2)
[2026-02-26T08:51:43.924+0000] {logging_mixin.py:188} INFO - Парсинг: 2007 год, страница 3 (https://aviation-safety.net/database/year/2007/3)
[2026-02-26T08:51:45.034+0000] {logging_mixin.py:188} INFO - Парсинг: 2007 год, страница 4 (https://aviation-safety.net/database/year/2007/4)
[2026-02-26T08:51:46.257+0000] {logging_mixin.py:188} INFO - Парсинг: 2008 год, страница 1 (https://aviation-safety.net/database/year/2008/1)
[2026-02-26T08:51:47.364+0000] {logging_mixin.py:188} INFO - Парсинг: 2008 год, страница 2 (https://aviation-safety.net/database/year/2008/2)
[2026-02-26T08:51:48.768+0000] {logging_mixin.py:188} INFO - Парсинг: 2008 год, страница 3 (https://aviation-safety.net/database/year/2008/3)
[2026-02-26T08:51:49.999+0000] {logging_mixin.py:188} INFO - Парсинг: 2008 год, страница 4 (https://aviation-safety.net/database/year/2008/4)
[2026-02-26T08:51:51.166+0000] {logging_mixin.py:188} INFO - Парсинг: 2009 год, страница 1 (https://aviation-safety.net/database/year/2009/1)
[2026-02-26T08:51:52.459+0000] {logging_mixin.py:188} INFO - Парсинг: 2009 год, страница 2 (https://aviation-safety.net/database/year/2009/2)
[2026-02-26T08:51:53.471+0000] {logging_mixin.py:188} INFO - Парсинг: 2009 год, страница 3 (https://aviation-safety.net/database/year/2009/3)
[2026-02-26T08:51:54.925+0000] {logging_mixin.py:188} INFO - Парсинг: 2009 год, страница 4 (https://aviation-safety.net/database/year/2009/4)
[2026-02-26T08:51:55.982+0000] {logging_mixin.py:188} INFO - Парсинг: 2010 год, страница 1 (https://aviation-safety.net/database/year/2010/1)
[2026-02-26T08:51:56.950+0000] {logging_mixin.py:188} INFO - Парсинг: 2010 год, страница 2 (https://aviation-safety.net/database/year/2010/2)
[2026-02-26T08:51:58.093+0000] {logging_mixin.py:188} INFO - Парсинг: 2010 год, страница 3 (https://aviation-safety.net/database/year/2010/3)
[2026-02-26T08:51:59.281+0000] {logging_mixin.py:188} INFO - Парсинг: 2010 год, страница 4 (https://aviation-safety.net/database/year/2010/4)
[2026-02-26T08:52:00.384+0000] {logging_mixin.py:188} INFO - Парсинг: 2011 год, страница 1 (https://aviation-safety.net/database/year/2011/1)
[2026-02-26T08:52:01.441+0000] {logging_mixin.py:188} INFO - Парсинг: 2011 год, страница 2 (https://aviation-safety.net/database/year/2011/2)
[2026-02-26T08:52:02.899+0000] {logging_mixin.py:188} INFO - Парсинг: 2011 год, страница 3 (https://aviation-safety.net/database/year/2011/3)
[2026-02-26T08:52:03.763+0000] {logging_mixin.py:188} INFO - Парсинг: 2011 год, страница 4 (https://aviation-safety.net/database/year/2011/4)
[2026-02-26T08:52:04.789+0000] {logging_mixin.py:188} INFO - Парсинг: 2012 год, страница 1 (https://aviation-safety.net/database/year/2012/1)
[2026-02-26T08:52:06.095+0000] {logging_mixin.py:188} INFO - Парсинг: 2012 год, страница 2 (https://aviation-safety.net/database/year/2012/2)
[2026-02-26T08:52:07.218+0000] {logging_mixin.py:188} INFO - Парсинг: 2012 год, страница 3 (https://aviation-safety.net/database/year/2012/3)
[2026-02-26T08:52:08.415+0000] {logging_mixin.py:188} INFO - Парсинг: 2012 год, страница 4 (https://aviation-safety.net/database/year/2012/4)
[2026-02-26T08:52:09.169+0000] {logging_mixin.py:188} INFO - Парсинг: 2013 год, страница 1 (https://aviation-safety.net/database/year/2013/1)
[2026-02-26T08:52:10.253+0000] {logging_mixin.py:188} INFO - Парсинг: 2013 год, страница 2 (https://aviation-safety.net/database/year/2013/2)
[2026-02-26T08:52:11.449+0000] {logging_mixin.py:188} INFO - Парсинг: 2013 год, страница 3 (https://aviation-safety.net/database/year/2013/3)
[2026-02-26T08:52:12.306+0000] {logging_mixin.py:188} INFO - Парсинг: 2013 год, страница 4 (https://aviation-safety.net/database/year/2013/4)
[2026-02-26T08:52:13.289+0000] {logging_mixin.py:188} INFO - Парсинг: 2014 год, страница 1 (https://aviation-safety.net/database/year/2014/1)
[2026-02-26T08:52:14.405+0000] {logging_mixin.py:188} INFO - Парсинг: 2014 год, страница 2 (https://aviation-safety.net/database/year/2014/2)
[2026-02-26T08:52:15.454+0000] {logging_mixin.py:188} INFO - Парсинг: 2014 год, страница 3 (https://aviation-safety.net/database/year/2014/3)
[2026-02-26T08:52:16.442+0000] {logging_mixin.py:188} INFO - Парсинг: 2014 год, страница 4 (https://aviation-safety.net/database/year/2014/4)
[2026-02-26T08:52:17.356+0000] {logging_mixin.py:188} INFO - Парсинг: 2015 год, страница 1 (https://aviation-safety.net/database/year/2015/1)
[2026-02-26T08:52:18.903+0000] {logging_mixin.py:188} INFO - Парсинг: 2015 год, страница 2 (https://aviation-safety.net/database/year/2015/2)
[2026-02-26T08:52:20.081+0000] {logging_mixin.py:188} INFO - Парсинг: 2015 год, страница 3 (https://aviation-safety.net/database/year/2015/3)
[2026-02-26T08:52:21.162+0000] {logging_mixin.py:188} INFO - Парсинг: 2015 год, страница 4 (https://aviation-safety.net/database/year/2015/4)
[2026-02-26T08:52:22.283+0000] {logging_mixin.py:188} INFO - Парсинг: 2016 год, страница 1 (https://aviation-safety.net/database/year/2016/1)
[2026-02-26T08:52:23.253+0000] {logging_mixin.py:188} INFO - Парсинг: 2016 год, страница 2 (https://aviation-safety.net/database/year/2016/2)
[2026-02-26T08:52:24.354+0000] {logging_mixin.py:188} INFO - Парсинг: 2016 год, страница 3 (https://aviation-safety.net/database/year/2016/3)
[2026-02-26T08:52:25.610+0000] {logging_mixin.py:188} INFO - Парсинг: 2016 год, страница 4 (https://aviation-safety.net/database/year/2016/4)
[2026-02-26T08:52:26.689+0000] {logging_mixin.py:188} INFO - Парсинг: 2017 год, страница 1 (https://aviation-safety.net/database/year/2017/1)
[2026-02-26T08:52:27.943+0000] {logging_mixin.py:188} INFO - Парсинг: 2017 год, страница 2 (https://aviation-safety.net/database/year/2017/2)
[2026-02-26T08:52:29.136+0000] {logging_mixin.py:188} INFO - Парсинг: 2017 год, страница 3 (https://aviation-safety.net/database/year/2017/3)
[2026-02-26T08:52:30.255+0000] {logging_mixin.py:188} INFO - Парсинг: 2017 год, страница 4 (https://aviation-safety.net/database/year/2017/4)
[2026-02-26T08:52:31.724+0000] {logging_mixin.py:188} INFO - Парсинг: 2018 год, страница 1 (https://aviation-safety.net/database/year/2018/1)
[2026-02-26T08:52:32.909+0000] {logging_mixin.py:188} INFO - Парсинг: 2018 год, страница 2 (https://aviation-safety.net/database/year/2018/2)
[2026-02-26T08:52:34.231+0000] {logging_mixin.py:188} INFO - Парсинг: 2018 год, страница 3 (https://aviation-safety.net/database/year/2018/3)
[2026-02-26T08:52:35.433+0000] {logging_mixin.py:188} INFO - Парсинг: 2018 год, страница 4 (https://aviation-safety.net/database/year/2018/4)
[2026-02-26T08:52:37.041+0000] {logging_mixin.py:188} INFO - Парсинг: 2019 год, страница 1 (https://aviation-safety.net/database/year/2019/1)
[2026-02-26T08:52:38.037+0000] {logging_mixin.py:188} INFO - Парсинг: 2019 год, страница 2 (https://aviation-safety.net/database/year/2019/2)
[2026-02-26T08:52:39.318+0000] {logging_mixin.py:188} INFO - Парсинг: 2019 год, страница 3 (https://aviation-safety.net/database/year/2019/3)
[2026-02-26T08:52:40.486+0000] {logging_mixin.py:188} INFO - Парсинг: 2019 год, страница 4 (https://aviation-safety.net/database/year/2019/4)
[2026-02-26T08:52:41.648+0000] {logging_mixin.py:188} INFO - Парсинг: 2020 год, страница 1 (https://aviation-safety.net/database/year/2020/1)
[2026-02-26T08:52:42.896+0000] {logging_mixin.py:188} INFO - Парсинг: 2020 год, страница 2 (https://aviation-safety.net/database/year/2020/2)
[2026-02-26T08:52:44.070+0000] {logging_mixin.py:188} INFO - Парсинг: 2020 год, страница 3 (https://aviation-safety.net/database/year/2020/3)
[2026-02-26T08:52:44.924+0000] {logging_mixin.py:188} INFO - Парсинг: 2020 год, страница 4 (https://aviation-safety.net/database/year/2020/4)
[2026-02-26T08:52:46.163+0000] {logging_mixin.py:188} INFO - Парсинг: 2021 год, страница 1 (https://aviation-safety.net/database/year/2021/1)
[2026-02-26T08:52:47.224+0000] {logging_mixin.py:188} INFO - Парсинг: 2021 год, страница 2 (https://aviation-safety.net/database/year/2021/2)
[2026-02-26T08:52:48.438+0000] {logging_mixin.py:188} INFO - Парсинг: 2021 год, страница 3 (https://aviation-safety.net/database/year/2021/3)
[2026-02-26T08:52:49.391+0000] {logging_mixin.py:188} INFO - Парсинг: 2021 год, страница 4 (https://aviation-safety.net/database/year/2021/4)
[2026-02-26T08:52:50.775+0000] {logging_mixin.py:188} INFO - Парсинг: 2022 год, страница 1 (https://aviation-safety.net/database/year/2022/1)
[2026-02-26T08:52:52.170+0000] {logging_mixin.py:188} INFO - Парсинг: 2022 год, страница 2 (https://aviation-safety.net/database/year/2022/2)
[2026-02-26T08:52:53.324+0000] {logging_mixin.py:188} INFO - Парсинг: 2022 год, страница 3 (https://aviation-safety.net/database/year/2022/3)
[2026-02-26T08:52:54.428+0000] {logging_mixin.py:188} INFO - Парсинг: 2022 год, страница 4 (https://aviation-safety.net/database/year/2022/4)
[2026-02-26T08:52:55.759+0000] {logging_mixin.py:188} INFO - Парсинг: 2023 год, страница 1 (https://aviation-safety.net/database/year/2023/1)
[2026-02-26T08:52:56.846+0000] {logging_mixin.py:188} INFO - Парсинг: 2023 год, страница 2 (https://aviation-safety.net/database/year/2023/2)
[2026-02-26T08:52:58.136+0000] {logging_mixin.py:188} INFO - Парсинг: 2023 год, страница 3 (https://aviation-safety.net/database/year/2023/3)
[2026-02-26T08:52:59.276+0000] {logging_mixin.py:188} INFO - Парсинг: 2023 год, страница 4 (https://aviation-safety.net/database/year/2023/4)
[2026-02-26T08:53:00.385+0000] {logging_mixin.py:188} INFO - Парсинг: 2024 год, страница 1 (https://aviation-safety.net/database/year/2024/1)
[2026-02-26T08:53:01.295+0000] {logging_mixin.py:188} INFO - Парсинг: 2024 год, страница 2 (https://aviation-safety.net/database/year/2024/2)
[2026-02-26T08:53:02.395+0000] {logging_mixin.py:188} INFO - Парсинг: 2024 год, страница 3 (https://aviation-safety.net/database/year/2024/3)
[2026-02-26T08:53:03.103+0000] {logging_mixin.py:188} INFO - Парсинг: 2024 год, страница 4 (https://aviation-safety.net/database/year/2024/4)
[2026-02-26T08:53:04.141+0000] {logging_mixin.py:188} INFO - Парсинг: 2025 год, страница 1 (https://aviation-safety.net/database/year/2025/1)
[2026-02-26T08:53:05.210+0000] {logging_mixin.py:188} INFO - Парсинг: 2025 год, страница 2 (https://aviation-safety.net/database/year/2025/2)
[2026-02-26T08:53:06.692+0000] {logging_mixin.py:188} INFO - Парсинг: 2025 год, страница 3 (https://aviation-safety.net/database/year/2025/3)
[2026-02-26T08:53:07.662+0000] {logging_mixin.py:188} INFO - Парсинг: 2026 год, страница 1 (https://aviation-safety.net/database/year/2026/1)
[2026-02-26T08:53:08.513+0000] {logging_mixin.py:188} INFO - Парсинг: 2026 год, страница 2 (https://aviation-safety.net/database/year/2026/2)
[2026-02-26T08:53:13.395+0000] {s3_tools.py:46} INFO - ✅ Uploaded CSV to s3://jasonstatham/raw/aircraft/aviation_safety_raw.csv
[2026-02-26T08:53:13.417+0000] {python.py:201} INFO - Done. Returned value was: None
[2026-02-26T08:53:13.438+0000] {taskinstance.py:1138} INFO - Marking task as SUCCESS. dag_id=risk_analysis_v1, task_id=extract_aviation, execution_date=20260226T085006, start_date=20260226T085009, end_date=20260226T085313
[2026-02-26T08:53:13.527+0000] {local_task_job_runner.py:234} INFO - Task exited with return code 0
[2026-02-26T08:53:13.561+0000] {taskinstance.py:3280} INFO - 1 downstream tasks scheduled from follow-on schedule check
