[2026-02-26T03:21:25.530+0000] {taskinstance.py:1956} INFO - Dependencies all met for dep_context=non-requeueable deps ti=<TaskInstance: risk_analysis_v1.train_gradient_boosting manual__2026-02-26T03:20:44.531759+00:00 [queued]>
[2026-02-26T03:21:25.547+0000] {taskinstance.py:1956} INFO - Dependencies all met for dep_context=requeueable deps ti=<TaskInstance: risk_analysis_v1.train_gradient_boosting manual__2026-02-26T03:20:44.531759+00:00 [queued]>
[2026-02-26T03:21:25.548+0000] {taskinstance.py:2170} INFO - Starting attempt 1 of 1
[2026-02-26T03:21:25.572+0000] {taskinstance.py:2191} INFO - Executing <Task(PythonOperator): train_gradient_boosting> on 2026-02-26 03:20:44.531759+00:00
[2026-02-26T03:21:25.582+0000] {standard_task_runner.py:60} INFO - Started process 264 to run task
[2026-02-26T03:21:25.587+0000] {standard_task_runner.py:87} INFO - Running: ['***', 'tasks', 'run', 'risk_analysis_v1', 'train_gradient_boosting', 'manual__2026-02-26T03:20:44.531759+00:00', '--job-id', '5', '--raw', '--subdir', 'DAGS_FOLDER/pipeline.py', '--cfg-path', '/tmp/tmpqpenka7a']
[2026-02-26T03:21:25.593+0000] {standard_task_runner.py:88} INFO - Job 5: Subtask train_gradient_boosting
[2026-02-26T03:21:25.694+0000] {task_command.py:423} INFO - Running <TaskInstance: risk_analysis_v1.train_gradient_boosting manual__2026-02-26T03:20:44.531759+00:00 [running]> on host 4fa3cfc6d596
[2026-02-26T03:21:25.835+0000] {taskinstance.py:2480} INFO - Exporting env vars: AIRFLOW_CTX_DAG_OWNER='***' AIRFLOW_CTX_DAG_ID='risk_analysis_v1' AIRFLOW_CTX_TASK_ID='train_gradient_boosting' AIRFLOW_CTX_EXECUTION_DATE='2026-02-26T03:20:44.531759+00:00' AIRFLOW_CTX_TRY_NUMBER='1' AIRFLOW_CTX_DAG_RUN_ID='manual__2026-02-26T03:20:44.531759+00:00'
[2026-02-26T03:21:25.838+0000] {etl_logic.py:24} INFO - Reading local CSV...
[2026-02-26T03:21:26.897+0000] {etl_logic.py:37} INFO - Fetching World Bank Data...
[2026-02-26T03:21:28.941+0000] {etl_logic.py:46} INFO - ETL Complete. Rows: 27508
[2026-02-26T03:21:28.951+0000] {ml_logic.py:15} INFO - Начинаем подготовку данных для модели: gb
[2026-02-26T03:21:29.086+0000] {ml_logic.py:44} INFO - Обучение модели...
[2026-02-26T03:21:31.370+0000] {ml_logic.py:52} INFO - ==========================================
[2026-02-26T03:21:31.371+0000] {ml_logic.py:53} INFO - РЕЗУЛЬТАТЫ МОДЕЛИ GB:
[2026-02-26T03:21:31.372+0000] {ml_logic.py:54} INFO - Точность (Accuracy): 87.24%
[2026-02-26T03:21:31.373+0000] {ml_logic.py:55} INFO - ==========================================
[2026-02-26T03:21:33.891+0000] {s3_tools.py:54} INFO - ✅ Uploaded model to s3://jasonstatham/models/gb_classifier.joblib
[2026-02-26T03:21:34.990+0000] {s3_tools.py:54} INFO - ✅ Uploaded model to s3://jasonstatham/models/gb_columns.joblib
[2026-02-26T03:21:34.998+0000] {python.py:201} INFO - Done. Returned value was: None
[2026-02-26T03:21:35.016+0000] {taskinstance.py:1138} INFO - Marking task as SUCCESS. dag_id=risk_analysis_v1, task_id=train_gradient_boosting, execution_date=20260226T032044, start_date=20260226T032125, end_date=20260226T032135
[2026-02-26T03:21:35.097+0000] {local_task_job_runner.py:234} INFO - Task exited with return code 0
[2026-02-26T03:21:35.123+0000] {taskinstance.py:3280} INFO - 0 downstream tasks scheduled from follow-on schedule check
