[2026-02-26T01:04:16.786+0000] {taskinstance.py:1956} INFO - Dependencies all met for dep_context=non-requeueable deps ti=<TaskInstance: risk_analysis_v1.train_random_forest manual__2026-02-26T01:04:03.209939+00:00 [queued]>
[2026-02-26T01:04:16.804+0000] {taskinstance.py:1956} INFO - Dependencies all met for dep_context=requeueable deps ti=<TaskInstance: risk_analysis_v1.train_random_forest manual__2026-02-26T01:04:03.209939+00:00 [queued]>
[2026-02-26T01:04:16.805+0000] {taskinstance.py:2170} INFO - Starting attempt 1 of 1
[2026-02-26T01:04:16.827+0000] {taskinstance.py:2191} INFO - Executing <Task(PythonOperator): train_random_forest> on 2026-02-26 01:04:03.209939+00:00
[2026-02-26T01:04:16.839+0000] {standard_task_runner.py:60} INFO - Started process 269 to run task
[2026-02-26T01:04:16.845+0000] {standard_task_runner.py:87} INFO - Running: ['***', 'tasks', 'run', 'risk_analysis_v1', 'train_random_forest', 'manual__2026-02-26T01:04:03.209939+00:00', '--job-id', '6', '--raw', '--subdir', 'DAGS_FOLDER/pipeline.py', '--cfg-path', '/tmp/tmpvtb9vd33']
[2026-02-26T01:04:16.851+0000] {standard_task_runner.py:88} INFO - Job 6: Subtask train_random_forest
[2026-02-26T01:04:17.023+0000] {task_command.py:423} INFO - Running <TaskInstance: risk_analysis_v1.train_random_forest manual__2026-02-26T01:04:03.209939+00:00 [running]> on host 93f70f4b1fcc
[2026-02-26T01:04:17.167+0000] {taskinstance.py:2480} INFO - Exporting env vars: AIRFLOW_CTX_DAG_OWNER='***' AIRFLOW_CTX_DAG_ID='risk_analysis_v1' AIRFLOW_CTX_TASK_ID='train_random_forest' AIRFLOW_CTX_EXECUTION_DATE='2026-02-26T01:04:03.209939+00:00' AIRFLOW_CTX_TRY_NUMBER='1' AIRFLOW_CTX_DAG_RUN_ID='manual__2026-02-26T01:04:03.209939+00:00'
[2026-02-26T01:04:17.170+0000] {etl_logic.py:24} INFO - Reading local CSV...
[2026-02-26T01:04:18.864+0000] {etl_logic.py:37} INFO - Fetching World Bank Data...
[2026-02-26T01:04:20.414+0000] {etl_logic.py:46} INFO - ETL Complete. Rows: 27508
[2026-02-26T01:04:20.421+0000] {ml_logic.py:15} INFO - Начинаем подготовку данных для модели: rf
[2026-02-26T01:04:20.509+0000] {ml_logic.py:44} INFO - Обучение модели...
[2026-02-26T01:04:24.197+0000] {ml_logic.py:52} INFO - ==========================================
[2026-02-26T01:04:24.198+0000] {ml_logic.py:53} INFO - РЕЗУЛЬТАТЫ МОДЕЛИ RF:
[2026-02-26T01:04:24.199+0000] {ml_logic.py:54} INFO - Точность (Accuracy): 85.13%
[2026-02-26T01:04:24.200+0000] {ml_logic.py:55} INFO - ==========================================
[2026-02-26T01:04:32.201+0000] {s3_tools.py:54} INFO - ✅ Uploaded model to s3://jasonstatham/models/rf_classifier.joblib
[2026-02-26T01:04:33.447+0000] {s3_tools.py:54} INFO - ✅ Uploaded model to s3://jasonstatham/models/rf_columns.joblib
[2026-02-26T01:04:33.457+0000] {python.py:201} INFO - Done. Returned value was: None
[2026-02-26T01:04:33.476+0000] {taskinstance.py:1138} INFO - Marking task as SUCCESS. dag_id=risk_analysis_v1, task_id=train_random_forest, execution_date=20260226T010403, start_date=20260226T010416, end_date=20260226T010433
[2026-02-26T01:04:33.548+0000] {local_task_job_runner.py:234} INFO - Task exited with return code 0
[2026-02-26T01:04:33.573+0000] {taskinstance.py:3280} INFO - 0 downstream tasks scheduled from follow-on schedule check
