[2026-02-19T11:04:18.545+0000] {taskinstance.py:1956} INFO - Dependencies all met for dep_context=non-requeueable deps ti=<TaskInstance: risk_analysis_v1.train_logistic_regression manual__2026-02-19T11:04:11.035847+00:00 [queued]>
[2026-02-19T11:04:18.557+0000] {taskinstance.py:1956} INFO - Dependencies all met for dep_context=requeueable deps ti=<TaskInstance: risk_analysis_v1.train_logistic_regression manual__2026-02-19T11:04:11.035847+00:00 [queued]>
[2026-02-19T11:04:18.558+0000] {taskinstance.py:2170} INFO - Starting attempt 1 of 1
[2026-02-19T11:04:18.576+0000] {taskinstance.py:2191} INFO - Executing <Task(PythonOperator): train_logistic_regression> on 2026-02-19 11:04:11.035847+00:00
[2026-02-19T11:04:18.597+0000] {standard_task_runner.py:60} INFO - Started process 1555 to run task
[2026-02-19T11:04:18.602+0000] {standard_task_runner.py:87} INFO - Running: ['***', 'tasks', 'run', 'risk_analysis_v1', 'train_logistic_regression', 'manual__2026-02-19T11:04:11.035847+00:00', '--job-id', '11', '--raw', '--subdir', 'DAGS_FOLDER/pipeline.py', '--cfg-path', '/tmp/tmps_81i8er']
[2026-02-19T11:04:18.607+0000] {standard_task_runner.py:88} INFO - Job 11: Subtask train_logistic_regression
[2026-02-19T11:04:18.706+0000] {task_command.py:423} INFO - Running <TaskInstance: risk_analysis_v1.train_logistic_regression manual__2026-02-19T11:04:11.035847+00:00 [running]> on host 134557eaf6ed
[2026-02-19T11:04:18.852+0000] {taskinstance.py:2480} INFO - Exporting env vars: AIRFLOW_CTX_DAG_OWNER='***' AIRFLOW_CTX_DAG_ID='risk_analysis_v1' AIRFLOW_CTX_TASK_ID='train_logistic_regression' AIRFLOW_CTX_EXECUTION_DATE='2026-02-19T11:04:11.035847+00:00' AIRFLOW_CTX_TRY_NUMBER='1' AIRFLOW_CTX_DAG_RUN_ID='manual__2026-02-19T11:04:11.035847+00:00'
[2026-02-19T11:04:18.855+0000] {etl_logic.py:24} INFO - Reading local CSV...
[2026-02-19T11:04:18.904+0000] {etl_logic.py:37} INFO - Fetching World Bank Data...
[2026-02-19T11:04:20.522+0000] {etl_logic.py:46} INFO - ETL Complete. Rows: 6431
[2026-02-19T11:04:20.525+0000] {ml_logic.py:15} INFO - Начинаем подготовку данных для модели: lr
[2026-02-19T11:04:20.538+0000] {ml_logic.py:44} INFO - Обучение модели...
[2026-02-19T11:04:20.672+0000] {ml_logic.py:52} INFO - ==========================================
[2026-02-19T11:04:20.674+0000] {ml_logic.py:53} INFO - РЕЗУЛЬТАТЫ МОДЕЛИ LR:
[2026-02-19T11:04:20.675+0000] {ml_logic.py:54} INFO - Точность (Accuracy): 85.16%
[2026-02-19T11:04:20.676+0000] {ml_logic.py:55} INFO - ==========================================
[2026-02-19T11:04:22.015+0000] {s3_tools.py:38} INFO - Uploaded model models/lr_classifier.joblib
[2026-02-19T11:04:23.258+0000] {s3_tools.py:38} INFO - Uploaded model models/lr_columns.joblib
[2026-02-19T11:04:23.260+0000] {python.py:201} INFO - Done. Returned value was: None
[2026-02-19T11:04:23.272+0000] {taskinstance.py:1138} INFO - Marking task as SUCCESS. dag_id=risk_analysis_v1, task_id=train_logistic_regression, execution_date=20260219T110411, start_date=20260219T110418, end_date=20260219T110423
[2026-02-19T11:04:23.359+0000] {local_task_job_runner.py:234} INFO - Task exited with return code 0
[2026-02-19T11:04:23.380+0000] {taskinstance.py:3280} INFO - 0 downstream tasks scheduled from follow-on schedule check
