[2026-02-26T08:50:31.717+0000] {taskinstance.py:1956} INFO - Dependencies all met for dep_context=non-requeueable deps ti=<TaskInstance: risk_analysis_v1.train_logistic_regression manual__2026-02-26T08:50:06.954196+00:00 [queued]>
[2026-02-26T08:50:31.727+0000] {taskinstance.py:1956} INFO - Dependencies all met for dep_context=requeueable deps ti=<TaskInstance: risk_analysis_v1.train_logistic_regression manual__2026-02-26T08:50:06.954196+00:00 [queued]>
[2026-02-26T08:50:31.728+0000] {taskinstance.py:2170} INFO - Starting attempt 1 of 1
[2026-02-26T08:50:31.748+0000] {taskinstance.py:2191} INFO - Executing <Task(PythonOperator): train_logistic_regression> on 2026-02-26 08:50:06.954196+00:00
[2026-02-26T08:50:31.761+0000] {standard_task_runner.py:60} INFO - Started process 254 to run task
[2026-02-26T08:50:31.765+0000] {standard_task_runner.py:87} INFO - Running: ['***', 'tasks', 'run', 'risk_analysis_v1', 'train_logistic_regression', 'manual__2026-02-26T08:50:06.954196+00:00', '--job-id', '7', '--raw', '--subdir', 'DAGS_FOLDER/pipeline.py', '--cfg-path', '/tmp/tmp_spyvnl_']
[2026-02-26T08:50:31.769+0000] {standard_task_runner.py:88} INFO - Job 7: Subtask train_logistic_regression
[2026-02-26T08:50:31.846+0000] {task_command.py:423} INFO - Running <TaskInstance: risk_analysis_v1.train_logistic_regression manual__2026-02-26T08:50:06.954196+00:00 [running]> on host 4ebaa6433361
[2026-02-26T08:50:31.958+0000] {taskinstance.py:2480} INFO - Exporting env vars: AIRFLOW_CTX_DAG_OWNER='***' AIRFLOW_CTX_DAG_ID='risk_analysis_v1' AIRFLOW_CTX_TASK_ID='train_logistic_regression' AIRFLOW_CTX_EXECUTION_DATE='2026-02-26T08:50:06.954196+00:00' AIRFLOW_CTX_TRY_NUMBER='1' AIRFLOW_CTX_DAG_RUN_ID='manual__2026-02-26T08:50:06.954196+00:00'
[2026-02-26T08:50:31.961+0000] {etl_logic.py:24} INFO - Reading local CSV...
[2026-02-26T08:50:32.749+0000] {etl_logic.py:37} INFO - Fetching World Bank Data...
[2026-02-26T08:50:34.071+0000] {etl_logic.py:46} INFO - ETL Complete. Rows: 27508
[2026-02-26T08:50:34.076+0000] {ml_logic.py:15} INFO - Начинаем подготовку данных для модели: lr
[2026-02-26T08:50:34.128+0000] {ml_logic.py:44} INFO - Обучение модели...
[2026-02-26T08:50:35.071+0000] {ml_logic.py:52} INFO - ==========================================
[2026-02-26T08:50:35.073+0000] {ml_logic.py:53} INFO - РЕЗУЛЬТАТЫ МОДЕЛИ LR:
[2026-02-26T08:50:35.083+0000] {ml_logic.py:54} INFO - Точность (Accuracy): 86.90%
[2026-02-26T08:50:35.084+0000] {ml_logic.py:55} INFO - ==========================================
[2026-02-26T08:50:36.310+0000] {s3_tools.py:53} INFO - ✅ Uploaded model to s3://jasonstatham/models/lr_classifier.joblib
[2026-02-26T08:50:37.435+0000] {s3_tools.py:53} INFO - ✅ Uploaded model to s3://jasonstatham/models/lr_columns.joblib
[2026-02-26T08:50:37.446+0000] {python.py:201} INFO - Done. Returned value was: None
[2026-02-26T08:50:37.464+0000] {taskinstance.py:1138} INFO - Marking task as SUCCESS. dag_id=risk_analysis_v1, task_id=train_logistic_regression, execution_date=20260226T085006, start_date=20260226T085031, end_date=20260226T085037
[2026-02-26T08:50:37.543+0000] {local_task_job_runner.py:234} INFO - Task exited with return code 0
[2026-02-26T08:50:37.577+0000] {taskinstance.py:3280} INFO - 0 downstream tasks scheduled from follow-on schedule check
