[2026-02-26T08:20:02.220+0000] {taskinstance.py:1956} INFO - Dependencies all met for dep_context=non-requeueable deps ti=<TaskInstance: risk_analysis_v1.transform_and_load_to_processed manual__2026-02-26T08:17:01.788320+00:00 [queued]>
[2026-02-26T08:20:02.241+0000] {taskinstance.py:1956} INFO - Dependencies all met for dep_context=requeueable deps ti=<TaskInstance: risk_analysis_v1.transform_and_load_to_processed manual__2026-02-26T08:17:01.788320+00:00 [queued]>
[2026-02-26T08:20:02.244+0000] {taskinstance.py:2170} INFO - Starting attempt 1 of 1
[2026-02-26T08:20:02.285+0000] {taskinstance.py:2191} INFO - Executing <Task(PythonOperator): transform_and_load_to_processed> on 2026-02-26 08:17:01.788320+00:00
[2026-02-26T08:20:02.300+0000] {standard_task_runner.py:60} INFO - Started process 415 to run task
[2026-02-26T08:20:02.304+0000] {standard_task_runner.py:87} INFO - Running: ['***', 'tasks', 'run', 'risk_analysis_v1', 'transform_and_load_to_processed', 'manual__2026-02-26T08:17:01.788320+00:00', '--job-id', '8', '--raw', '--subdir', 'DAGS_FOLDER/pipeline.py', '--cfg-path', '/tmp/tmpwbmk1ke2']
[2026-02-26T08:20:02.307+0000] {standard_task_runner.py:88} INFO - Job 8: Subtask transform_and_load_to_processed
[2026-02-26T08:20:02.394+0000] {task_command.py:423} INFO - Running <TaskInstance: risk_analysis_v1.transform_and_load_to_processed manual__2026-02-26T08:17:01.788320+00:00 [running]> on host c52d17b382fd
[2026-02-26T08:20:02.539+0000] {taskinstance.py:2480} INFO - Exporting env vars: AIRFLOW_CTX_DAG_OWNER='***' AIRFLOW_CTX_DAG_ID='risk_analysis_v1' AIRFLOW_CTX_TASK_ID='transform_and_load_to_processed' AIRFLOW_CTX_EXECUTION_DATE='2026-02-26T08:17:01.788320+00:00' AIRFLOW_CTX_TRY_NUMBER='1' AIRFLOW_CTX_DAG_RUN_ID='manual__2026-02-26T08:17:01.788320+00:00'
[2026-02-26T08:20:02.542+0000] {gulia_part.py:247} INFO - Чтение сырых данных...
[2026-02-26T08:20:02.543+0000] {gulia_part.py:250} INFO - Поиск EM-DAT в S3...
[2026-02-26T08:20:02.971+0000] {s3_tools.py:67} INFO - Чтение CSV из s3://jasonstatham/raw/emdat.csv...
[2026-02-26T08:20:24.425+0000] {logging_mixin.py:188} INFO - ТАК ЗДЕСЬ ВРОДЕ ВСЕ НОРМ ЕСЛИ МЕНЯ НЕТУ ТЕБЕ ПИЗДЕС
[2026-02-26T08:20:24.427+0000] {gulia_part.py:257} INFO - Поиск GTD в S3...
[2026-02-26T08:20:24.437+0000] {s3_tools.py:67} INFO - Чтение CSV из s3://jasonstatham/raw/gtd.csv...
[2026-02-26T08:20:33.100+0000] {s3_tools.py:67} INFO - Чтение CSV из s3://jasonstatham/raw/noaa/earthquakes_raw.csv...
[2026-02-26T08:20:35.094+0000] {s3_tools.py:67} INFO - Чтение CSV из s3://jasonstatham/raw/noaa/tsunamis_raw.csv...
[2026-02-26T08:20:37.055+0000] {s3_tools.py:67} INFO - Чтение CSV из s3://jasonstatham/raw/noaa/volcanoes_raw.csv...
[2026-02-26T08:20:38.641+0000] {s3_tools.py:67} INFO - Чтение CSV из s3://jasonstatham/raw/aircraft/aviation_safety_raw.csv...
[2026-02-26T08:20:39.510+0000] {gulia_part.py:182} INFO - Трансформация данных GTD...
[2026-02-26T08:20:40.608+0000] {gulia_part.py:215} INFO - Трансформация данных Aviation...
[2026-02-26T08:20:40.618+0000] {taskinstance.py:2698} ERROR - Task failed with exception
Traceback (most recent call last):
  File "/home/airflow/.local/lib/python3.8/site-packages/pandas/core/indexes/base.py", line 3653, in get_loc
    return self._engine.get_loc(casted_key)
  File "pandas/_libs/index.pyx", line 147, in pandas._libs.index.IndexEngine.get_loc
  File "pandas/_libs/index.pyx", line 176, in pandas._libs.index.IndexEngine.get_loc
  File "pandas/_libs/hashtable_class_helper.pxi", line 7080, in pandas._libs.hashtable.PyObjectHashTable.get_item
  File "pandas/_libs/hashtable_class_helper.pxi", line 7088, in pandas._libs.hashtable.PyObjectHashTable.get_item
KeyError: 'year'

The above exception was the direct cause of the following exception:

Traceback (most recent call last):
  File "/home/airflow/.local/lib/python3.8/site-packages/airflow/models/taskinstance.py", line 433, in _execute_task
    result = execute_callable(context=context, **execute_callable_kwargs)
  File "/home/airflow/.local/lib/python3.8/site-packages/airflow/operators/python.py", line 199, in execute
    return_value = self.execute_callable()
  File "/home/airflow/.local/lib/python3.8/site-packages/airflow/operators/python.py", line 216, in execute_callable
    return self.python_callable(*self.op_args, **self.op_kwargs)
  File "/opt/airflow/src/gulia_part.py", line 274, in transform_and_load_processed
    clean_avia = transform_aviation(raw_avia)
  File "/opt/airflow/src/gulia_part.py", line 235, in transform_aviation
    'Year': df['year'], # Исправлено: обращаемся к 'year' с маленькой буквы
  File "/home/airflow/.local/lib/python3.8/site-packages/pandas/core/frame.py", line 3761, in __getitem__
    indexer = self.columns.get_loc(key)
  File "/home/airflow/.local/lib/python3.8/site-packages/pandas/core/indexes/base.py", line 3655, in get_loc
    raise KeyError(key) from err
KeyError: 'year'
[2026-02-26T08:20:40.651+0000] {taskinstance.py:1138} INFO - Marking task as FAILED. dag_id=risk_analysis_v1, task_id=transform_and_load_to_processed, execution_date=20260226T081701, start_date=20260226T082002, end_date=20260226T082040
[2026-02-26T08:20:40.693+0000] {standard_task_runner.py:107} ERROR - Failed to execute job 8 for task transform_and_load_to_processed ('year'; 415)
[2026-02-26T08:20:40.733+0000] {local_task_job_runner.py:234} INFO - Task exited with return code 1
[2026-02-26T08:20:40.761+0000] {taskinstance.py:3280} INFO - 0 downstream tasks scheduled from follow-on schedule check
