[2026-02-26T03:21:25.740+0000] {taskinstance.py:1956} INFO - Dependencies all met for dep_context=non-requeueable deps ti=<TaskInstance: risk_analysis_v1.train_random_forest manual__2026-02-26T03:20:44.531759+00:00 [queued]>
[2026-02-26T03:21:25.754+0000] {taskinstance.py:1956} INFO - Dependencies all met for dep_context=requeueable deps ti=<TaskInstance: risk_analysis_v1.train_random_forest manual__2026-02-26T03:20:44.531759+00:00 [queued]>
[2026-02-26T03:21:25.756+0000] {taskinstance.py:2170} INFO - Starting attempt 1 of 1
[2026-02-26T03:21:25.784+0000] {taskinstance.py:2191} INFO - Executing <Task(PythonOperator): train_random_forest> on 2026-02-26 03:20:44.531759+00:00
[2026-02-26T03:21:25.797+0000] {standard_task_runner.py:60} INFO - Started process 266 to run task
[2026-02-26T03:21:25.803+0000] {standard_task_runner.py:87} INFO - Running: ['***', 'tasks', 'run', 'risk_analysis_v1', 'train_random_forest', 'manual__2026-02-26T03:20:44.531759+00:00', '--job-id', '7', '--raw', '--subdir', 'DAGS_FOLDER/pipeline.py', '--cfg-path', '/tmp/tmptk1izvqe']
[2026-02-26T03:21:25.810+0000] {standard_task_runner.py:88} INFO - Job 7: Subtask train_random_forest
[2026-02-26T03:21:25.932+0000] {task_command.py:423} INFO - Running <TaskInstance: risk_analysis_v1.train_random_forest manual__2026-02-26T03:20:44.531759+00:00 [running]> on host 4fa3cfc6d596
[2026-02-26T03:21:26.078+0000] {taskinstance.py:2480} INFO - Exporting env vars: AIRFLOW_CTX_DAG_OWNER='***' AIRFLOW_CTX_DAG_ID='risk_analysis_v1' AIRFLOW_CTX_TASK_ID='train_random_forest' AIRFLOW_CTX_EXECUTION_DATE='2026-02-26T03:20:44.531759+00:00' AIRFLOW_CTX_TRY_NUMBER='1' AIRFLOW_CTX_DAG_RUN_ID='manual__2026-02-26T03:20:44.531759+00:00'
[2026-02-26T03:21:26.082+0000] {etl_logic.py:24} INFO - Reading local CSV...
[2026-02-26T03:21:27.009+0000] {etl_logic.py:37} INFO - Fetching World Bank Data...
[2026-02-26T03:21:29.044+0000] {etl_logic.py:46} INFO - ETL Complete. Rows: 27508
[2026-02-26T03:21:29.077+0000] {ml_logic.py:15} INFO - Начинаем подготовку данных для модели: rf
[2026-02-26T03:21:29.245+0000] {ml_logic.py:44} INFO - Обучение модели...
[2026-02-26T03:21:32.464+0000] {ml_logic.py:52} INFO - ==========================================
[2026-02-26T03:21:32.465+0000] {ml_logic.py:53} INFO - РЕЗУЛЬТАТЫ МОДЕЛИ RF:
[2026-02-26T03:21:32.466+0000] {ml_logic.py:54} INFO - Точность (Accuracy): 86.35%
[2026-02-26T03:21:32.466+0000] {ml_logic.py:55} INFO - ==========================================
[2026-02-26T03:21:48.805+0000] {s3_tools.py:54} INFO - ✅ Uploaded model to s3://jasonstatham/models/rf_classifier.joblib
[2026-02-26T03:21:50.042+0000] {s3_tools.py:54} INFO - ✅ Uploaded model to s3://jasonstatham/models/rf_columns.joblib
[2026-02-26T03:21:50.065+0000] {python.py:201} INFO - Done. Returned value was: None
[2026-02-26T03:21:50.085+0000] {taskinstance.py:1138} INFO - Marking task as SUCCESS. dag_id=risk_analysis_v1, task_id=train_random_forest, execution_date=20260226T032044, start_date=20260226T032125, end_date=20260226T032150
[2026-02-26T03:21:50.133+0000] {local_task_job_runner.py:234} INFO - Task exited with return code 0
[2026-02-26T03:21:50.161+0000] {taskinstance.py:3280} INFO - 0 downstream tasks scheduled from follow-on schedule check
