[2026-02-19T10:42:18.462+0000] {taskinstance.py:1956} INFO - Dependencies all met for dep_context=non-requeueable deps ti=<TaskInstance: risk_analysis_v1.train_logistic_regression manual__2026-02-19T10:42:11.065797+00:00 [queued]>
[2026-02-19T10:42:18.477+0000] {taskinstance.py:1956} INFO - Dependencies all met for dep_context=requeueable deps ti=<TaskInstance: risk_analysis_v1.train_logistic_regression manual__2026-02-19T10:42:11.065797+00:00 [queued]>
[2026-02-19T10:42:18.478+0000] {taskinstance.py:2170} INFO - Starting attempt 1 of 1
[2026-02-19T10:42:18.499+0000] {taskinstance.py:2191} INFO - Executing <Task(PythonOperator): train_logistic_regression> on 2026-02-19 10:42:11.065797+00:00
[2026-02-19T10:42:18.514+0000] {standard_task_runner.py:60} INFO - Started process 564 to run task
[2026-02-19T10:42:18.520+0000] {standard_task_runner.py:87} INFO - Running: ['***', 'tasks', 'run', 'risk_analysis_v1', 'train_logistic_regression', 'manual__2026-02-19T10:42:11.065797+00:00', '--job-id', '8', '--raw', '--subdir', 'DAGS_FOLDER/pipeline.py', '--cfg-path', '/tmp/tmp74wryiaq']
[2026-02-19T10:42:18.525+0000] {standard_task_runner.py:88} INFO - Job 8: Subtask train_logistic_regression
[2026-02-19T10:42:18.603+0000] {task_command.py:423} INFO - Running <TaskInstance: risk_analysis_v1.train_logistic_regression manual__2026-02-19T10:42:11.065797+00:00 [running]> on host 134557eaf6ed
[2026-02-19T10:42:18.719+0000] {taskinstance.py:2480} INFO - Exporting env vars: AIRFLOW_CTX_DAG_OWNER='***' AIRFLOW_CTX_DAG_ID='risk_analysis_v1' AIRFLOW_CTX_TASK_ID='train_logistic_regression' AIRFLOW_CTX_EXECUTION_DATE='2026-02-19T10:42:11.065797+00:00' AIRFLOW_CTX_TRY_NUMBER='1' AIRFLOW_CTX_DAG_RUN_ID='manual__2026-02-19T10:42:11.065797+00:00'
[2026-02-19T10:42:18.722+0000] {etl_logic.py:24} INFO - Reading local CSV...
[2026-02-19T10:42:18.763+0000] {etl_logic.py:37} INFO - Fetching World Bank Data...
[2026-02-19T10:42:19.488+0000] {etl_logic.py:46} INFO - ETL Complete. Rows: 6431
[2026-02-19T10:42:19.492+0000] {ml_logic.py:15} INFO - Начинаем подготовку данных для модели: lr
[2026-02-19T10:42:19.508+0000] {ml_logic.py:44} INFO - Обучение модели...
[2026-02-19T10:42:19.607+0000] {ml_logic.py:52} INFO - ==========================================
[2026-02-19T10:42:19.614+0000] {ml_logic.py:53} INFO - РЕЗУЛЬТАТЫ МОДЕЛИ LR:
[2026-02-19T10:42:19.617+0000] {ml_logic.py:54} INFO - Точность (Accuracy): 85.16%
[2026-02-19T10:42:19.621+0000] {ml_logic.py:55} INFO - ==========================================
[2026-02-19T10:42:21.072+0000] {s3_tools.py:38} INFO - Uploaded model models/lr_classifier.joblib
[2026-02-19T10:42:22.200+0000] {s3_tools.py:38} INFO - Uploaded model models/lr_columns.joblib
[2026-02-19T10:42:22.204+0000] {python.py:201} INFO - Done. Returned value was: None
[2026-02-19T10:42:22.221+0000] {taskinstance.py:1138} INFO - Marking task as SUCCESS. dag_id=risk_analysis_v1, task_id=train_logistic_regression, execution_date=20260219T104211, start_date=20260219T104218, end_date=20260219T104222
[2026-02-19T10:42:22.307+0000] {local_task_job_runner.py:234} INFO - Task exited with return code 0
[2026-02-19T10:42:22.331+0000] {taskinstance.py:3280} INFO - 0 downstream tasks scheduled from follow-on schedule check
