[2026-02-26T03:09:57.281+0000] {taskinstance.py:1956} INFO - Dependencies all met for dep_context=non-requeueable deps ti=<TaskInstance: risk_analysis_v1.transform_and_load_to_processed manual__2026-02-26T03:06:30.911634+00:00 [queued]>
[2026-02-26T03:09:57.294+0000] {taskinstance.py:1956} INFO - Dependencies all met for dep_context=requeueable deps ti=<TaskInstance: risk_analysis_v1.transform_and_load_to_processed manual__2026-02-26T03:06:30.911634+00:00 [queued]>
[2026-02-26T03:09:57.295+0000] {taskinstance.py:2170} INFO - Starting attempt 1 of 1
[2026-02-26T03:09:57.317+0000] {taskinstance.py:2191} INFO - Executing <Task(PythonOperator): transform_and_load_to_processed> on 2026-02-26 03:06:30.911634+00:00
[2026-02-26T03:09:57.331+0000] {standard_task_runner.py:60} INFO - Started process 435 to run task
[2026-02-26T03:09:57.336+0000] {standard_task_runner.py:87} INFO - Running: ['***', 'tasks', 'run', 'risk_analysis_v1', 'transform_and_load_to_processed', 'manual__2026-02-26T03:06:30.911634+00:00', '--job-id', '8', '--raw', '--subdir', 'DAGS_FOLDER/pipeline.py', '--cfg-path', '/tmp/tmpphghxkab']
[2026-02-26T03:09:57.340+0000] {standard_task_runner.py:88} INFO - Job 8: Subtask transform_and_load_to_processed
[2026-02-26T03:09:57.413+0000] {task_command.py:423} INFO - Running <TaskInstance: risk_analysis_v1.transform_and_load_to_processed manual__2026-02-26T03:06:30.911634+00:00 [running]> on host 84283308fd9b
[2026-02-26T03:09:57.519+0000] {taskinstance.py:2480} INFO - Exporting env vars: AIRFLOW_CTX_DAG_OWNER='***' AIRFLOW_CTX_DAG_ID='risk_analysis_v1' AIRFLOW_CTX_TASK_ID='transform_and_load_to_processed' AIRFLOW_CTX_EXECUTION_DATE='2026-02-26T03:06:30.911634+00:00' AIRFLOW_CTX_TRY_NUMBER='1' AIRFLOW_CTX_DAG_RUN_ID='manual__2026-02-26T03:06:30.911634+00:00'
[2026-02-26T03:09:57.523+0000] {gulia_part.py:196} INFO - Чтение сырых данных...
[2026-02-26T03:09:57.524+0000] {gulia_part.py:200} INFO - Поиск EM-DAT в S3...
[2026-02-26T03:09:57.923+0000] {s3_tools.py:68} INFO - Чтение CSV из s3://jasonstatham/raw/emdat.csv...
[2026-02-26T03:10:04.306+0000] {logging_mixin.py:188} INFO - ТАК ЗДЕСЬ ВРОДЕ ВСЕ НОРМ ЕСЛИ МЕНЯ НЕТУ ТЕБЕ ПИЗДЕС
[2026-02-26T03:10:04.310+0000] {gulia_part.py:208} INFO - Поиск GTD в S3...
[2026-02-26T03:10:04.325+0000] {s3_tools.py:68} INFO - Чтение CSV из s3://jasonstatham/raw/gtd.csv...
[2026-02-26T03:10:14.514+0000] {s3_tools.py:68} INFO - Чтение CSV из s3://jasonstatham/raw/noaa/earthquakes_raw.csv...
[2026-02-26T03:10:16.851+0000] {s3_tools.py:68} INFO - Чтение CSV из s3://jasonstatham/raw/noaa/tsunamis_raw.csv...
[2026-02-26T03:10:18.733+0000] {s3_tools.py:68} INFO - Чтение CSV из s3://jasonstatham/raw/noaa/volcanoes_raw.csv...
[2026-02-26T03:10:20.368+0000] {s3_tools.py:68} INFO - Чтение CSV из s3://jasonstatham/raw/aircraft/aviation_safety_raw.csv...
[2026-02-26T03:10:21.313+0000] {gulia_part.py:142} INFO - Трансформация данных GTD...
[2026-02-26T03:10:22.483+0000] {taskinstance.py:2698} ERROR - Task failed with exception
Traceback (most recent call last):
  File "/home/airflow/.local/lib/python3.8/site-packages/airflow/models/taskinstance.py", line 433, in _execute_task
    result = execute_callable(context=context, **execute_callable_kwargs)
  File "/home/airflow/.local/lib/python3.8/site-packages/airflow/operators/python.py", line 199, in execute
    return_value = self.execute_callable()
  File "/home/airflow/.local/lib/python3.8/site-packages/airflow/operators/python.py", line 216, in execute_callable
    return self.python_callable(*self.op_args, **self.op_kwargs)
  File "/opt/airflow/src/gulia_part.py", line 226, in transform_and_load_processed
    clean_avia = transform_aviation(raw_avia)
  File "/opt/airflow/src/gulia_part.py", line 185, in transform_aviation
    'Year': df['Date'].dt.year,
  File "/home/airflow/.local/lib/python3.8/site-packages/pandas/core/generic.py", line 5989, in __getattr__
    return object.__getattribute__(self, name)
  File "/home/airflow/.local/lib/python3.8/site-packages/pandas/core/accessor.py", line 224, in __get__
    accessor_obj = self._accessor(obj)
  File "/home/airflow/.local/lib/python3.8/site-packages/pandas/core/indexes/accessors.py", line 580, in __new__
    raise AttributeError("Can only use .dt accessor with datetimelike values")
AttributeError: Can only use .dt accessor with datetimelike values
[2026-02-26T03:10:22.509+0000] {taskinstance.py:1138} INFO - Marking task as FAILED. dag_id=risk_analysis_v1, task_id=transform_and_load_to_processed, execution_date=20260226T030630, start_date=20260226T030957, end_date=20260226T031022
[2026-02-26T03:10:22.538+0000] {standard_task_runner.py:107} ERROR - Failed to execute job 8 for task transform_and_load_to_processed (Can only use .dt accessor with datetimelike values; 435)
[2026-02-26T03:10:22.590+0000] {local_task_job_runner.py:234} INFO - Task exited with return code 1
[2026-02-26T03:10:22.632+0000] {taskinstance.py:3280} INFO - 0 downstream tasks scheduled from follow-on schedule check
