[2026-02-26T02:12:16.392+0000] {taskinstance.py:1956} INFO - Dependencies all met for dep_context=non-requeueable deps ti=<TaskInstance: risk_analysis_v1.extract_noaa_all manual__2026-02-26T02:12:13.179982+00:00 [queued]>
[2026-02-26T02:12:16.413+0000] {taskinstance.py:1956} INFO - Dependencies all met for dep_context=requeueable deps ti=<TaskInstance: risk_analysis_v1.extract_noaa_all manual__2026-02-26T02:12:13.179982+00:00 [queued]>
[2026-02-26T02:12:16.414+0000] {taskinstance.py:2170} INFO - Starting attempt 1 of 1
[2026-02-26T02:12:16.445+0000] {taskinstance.py:2191} INFO - Executing <Task(PythonOperator): extract_noaa_all> on 2026-02-26 02:12:13.179982+00:00
[2026-02-26T02:12:16.461+0000] {standard_task_runner.py:60} INFO - Started process 2630 to run task
[2026-02-26T02:12:16.468+0000] {standard_task_runner.py:87} INFO - Running: ['***', 'tasks', 'run', 'risk_analysis_v1', 'extract_noaa_all', 'manual__2026-02-26T02:12:13.179982+00:00', '--job-id', '4', '--raw', '--subdir', 'DAGS_FOLDER/pipeline.py', '--cfg-path', '/tmp/tmp4c3hnhk2']
[2026-02-26T02:12:16.477+0000] {standard_task_runner.py:88} INFO - Job 4: Subtask extract_noaa_all
[2026-02-26T02:12:16.569+0000] {task_command.py:423} INFO - Running <TaskInstance: risk_analysis_v1.extract_noaa_all manual__2026-02-26T02:12:13.179982+00:00 [running]> on host 9b4f5fd5f7ec
[2026-02-26T02:12:16.702+0000] {taskinstance.py:2480} INFO - Exporting env vars: AIRFLOW_CTX_DAG_OWNER='***' AIRFLOW_CTX_DAG_ID='risk_analysis_v1' AIRFLOW_CTX_TASK_ID='extract_noaa_all' AIRFLOW_CTX_EXECUTION_DATE='2026-02-26T02:12:13.179982+00:00' AIRFLOW_CTX_TRY_NUMBER='1' AIRFLOW_CTX_DAG_RUN_ID='manual__2026-02-26T02:12:13.179982+00:00'
[2026-02-26T02:12:16.705+0000] {gulia_part.py:30} INFO - Начинаем выгрузку NOAA: earthquake...
[2026-02-26T02:12:54.791+0000] {local_task_job_runner.py:121} ERROR - Received SIGTERM. Terminating subprocesses
[2026-02-26T02:12:54.797+0000] {process_utils.py:131} INFO - Sending 15 to group 2630. PIDs of all processes in the group: [2630]
[2026-02-26T02:12:54.799+0000] {process_utils.py:86} INFO - Sending the signal 15 to group 2630
[2026-02-26T02:12:54.801+0000] {taskinstance.py:2450} ERROR - Received SIGTERM. Terminating subprocesses.
[2026-02-26T02:12:54.843+0000] {taskinstance.py:2698} ERROR - Task failed with exception
Traceback (most recent call last):
  File "/home/airflow/.local/lib/python3.8/site-packages/airflow/models/taskinstance.py", line 433, in _execute_task
    result = execute_callable(context=context, **execute_callable_kwargs)
  File "/home/airflow/.local/lib/python3.8/site-packages/airflow/operators/python.py", line 199, in execute
    return_value = self.execute_callable()
  File "/home/airflow/.local/lib/python3.8/site-packages/airflow/operators/python.py", line 216, in execute_callable
    return self.python_callable(*self.op_args, **self.op_kwargs)
  File "/opt/airflow/src/gulia_part.py", line 47, in extract_all_noaa
    extract_noaa_generic('earthquake', 'earthquakes_raw')
  File "/opt/airflow/src/gulia_part.py", line 41, in extract_noaa_generic
    time.sleep(0.5)
  File "/home/airflow/.local/lib/python3.8/site-packages/airflow/models/taskinstance.py", line 2452, in signal_handler
    raise AirflowException("Task received SIGTERM signal")
airflow.exceptions.AirflowException: Task received SIGTERM signal
[2026-02-26T02:12:54.860+0000] {taskinstance.py:1138} INFO - Marking task as FAILED. dag_id=risk_analysis_v1, task_id=extract_noaa_all, execution_date=20260226T021213, start_date=20260226T021216, end_date=20260226T021254
[2026-02-26T02:12:54.900+0000] {standard_task_runner.py:107} ERROR - Failed to execute job 4 for task extract_noaa_all (Task received SIGTERM signal; 2630)
[2026-02-26T02:12:54.941+0000] {process_utils.py:79} INFO - Process psutil.Process(pid=2630, status='terminated', exitcode=1, started='02:12:15') (2630) terminated with exit code 1
[2026-02-26T02:12:54.954+0000] {local_task_job_runner.py:234} INFO - Task exited with return code 143
[2026-02-26T02:12:55.027+0000] {taskinstance.py:3280} INFO - 0 downstream tasks scheduled from follow-on schedule check
