[2026-02-26T08:13:09.999+0000] {taskinstance.py:1956} INFO - Dependencies all met for dep_context=non-requeueable deps ti=<TaskInstance: risk_analysis_v1.extract_aviation manual__2026-02-26T08:13:06.860929+00:00 [queued]>
[2026-02-26T08:13:10.015+0000] {taskinstance.py:1956} INFO - Dependencies all met for dep_context=requeueable deps ti=<TaskInstance: risk_analysis_v1.extract_aviation manual__2026-02-26T08:13:06.860929+00:00 [queued]>
[2026-02-26T08:13:10.017+0000] {taskinstance.py:2170} INFO - Starting attempt 1 of 1
[2026-02-26T08:13:10.054+0000] {taskinstance.py:2191} INFO - Executing <Task(PythonOperator): extract_aviation> on 2026-02-26 08:13:06.860929+00:00
[2026-02-26T08:13:10.070+0000] {standard_task_runner.py:60} INFO - Started process 170 to run task
[2026-02-26T08:13:10.077+0000] {standard_task_runner.py:87} INFO - Running: ['***', 'tasks', 'run', 'risk_analysis_v1', 'extract_aviation', 'manual__2026-02-26T08:13:06.860929+00:00', '--job-id', '3', '--raw', '--subdir', 'DAGS_FOLDER/pipeline.py', '--cfg-path', '/tmp/tmpq5c33gk9']
[2026-02-26T08:13:10.084+0000] {standard_task_runner.py:88} INFO - Job 3: Subtask extract_aviation
[2026-02-26T08:13:10.178+0000] {task_command.py:423} INFO - Running <TaskInstance: risk_analysis_v1.extract_aviation manual__2026-02-26T08:13:06.860929+00:00 [running]> on host 9398111d8ebf
[2026-02-26T08:13:10.320+0000] {taskinstance.py:2480} INFO - Exporting env vars: AIRFLOW_CTX_DAG_OWNER='***' AIRFLOW_CTX_DAG_ID='risk_analysis_v1' AIRFLOW_CTX_TASK_ID='extract_aviation' AIRFLOW_CTX_EXECUTION_DATE='2026-02-26T08:13:06.860929+00:00' AIRFLOW_CTX_TRY_NUMBER='1' AIRFLOW_CTX_DAG_RUN_ID='manual__2026-02-26T08:13:06.860929+00:00'
[2026-02-26T08:13:10.324+0000] {taskinstance.py:2698} ERROR - Task failed with exception
Traceback (most recent call last):
  File "/home/airflow/.local/lib/python3.8/site-packages/airflow/models/taskinstance.py", line 433, in _execute_task
    result = execute_callable(context=context, **execute_callable_kwargs)
  File "/home/airflow/.local/lib/python3.8/site-packages/airflow/operators/python.py", line 199, in execute
    return_value = self.execute_callable()
  File "/home/airflow/.local/lib/python3.8/site-packages/airflow/operators/python.py", line 216, in execute_callable
    return self.python_callable(*self.op_args, **self.op_kwargs)
  File "/opt/airflow/src/gulia_part.py", line 55, in extract_aviation
    end_year = datetime.now().year
AttributeError: module 'datetime' has no attribute 'now'
[2026-02-26T08:13:10.344+0000] {taskinstance.py:1138} INFO - Marking task as FAILED. dag_id=risk_analysis_v1, task_id=extract_aviation, execution_date=20260226T081306, start_date=20260226T081310, end_date=20260226T081310
[2026-02-26T08:13:10.362+0000] {standard_task_runner.py:107} ERROR - Failed to execute job 3 for task extract_aviation (module 'datetime' has no attribute 'now'; 170)
[2026-02-26T08:13:10.374+0000] {local_task_job_runner.py:234} INFO - Task exited with return code 1
[2026-02-26T08:13:10.413+0000] {taskinstance.py:3280} INFO - 0 downstream tasks scheduled from follow-on schedule check
