[2026-02-26T01:20:47.132+0000] {taskinstance.py:1956} INFO - Dependencies all met for dep_context=non-requeueable deps ti=<TaskInstance: risk_analysis_v1.train_logistic_regression manual__2026-02-26T01:20:32.731651+00:00 [queued]>
[2026-02-26T01:20:47.149+0000] {taskinstance.py:1956} INFO - Dependencies all met for dep_context=requeueable deps ti=<TaskInstance: risk_analysis_v1.train_logistic_regression manual__2026-02-26T01:20:32.731651+00:00 [queued]>
[2026-02-26T01:20:47.150+0000] {taskinstance.py:2170} INFO - Starting attempt 1 of 1
[2026-02-26T01:20:47.182+0000] {taskinstance.py:2191} INFO - Executing <Task(PythonOperator): train_logistic_regression> on 2026-02-26 01:20:32.731651+00:00
[2026-02-26T01:20:47.195+0000] {standard_task_runner.py:60} INFO - Started process 266 to run task
[2026-02-26T01:20:47.199+0000] {standard_task_runner.py:87} INFO - Running: ['***', 'tasks', 'run', 'risk_analysis_v1', 'train_logistic_regression', 'manual__2026-02-26T01:20:32.731651+00:00', '--job-id', '7', '--raw', '--subdir', 'DAGS_FOLDER/pipeline.py', '--cfg-path', '/tmp/tmptdx1g50_']
[2026-02-26T01:20:47.204+0000] {standard_task_runner.py:88} INFO - Job 7: Subtask train_logistic_regression
[2026-02-26T01:20:47.289+0000] {task_command.py:423} INFO - Running <TaskInstance: risk_analysis_v1.train_logistic_regression manual__2026-02-26T01:20:32.731651+00:00 [running]> on host f9e2b248ea9d
[2026-02-26T01:20:47.432+0000] {taskinstance.py:2480} INFO - Exporting env vars: AIRFLOW_CTX_DAG_OWNER='***' AIRFLOW_CTX_DAG_ID='risk_analysis_v1' AIRFLOW_CTX_TASK_ID='train_logistic_regression' AIRFLOW_CTX_EXECUTION_DATE='2026-02-26T01:20:32.731651+00:00' AIRFLOW_CTX_TRY_NUMBER='1' AIRFLOW_CTX_DAG_RUN_ID='manual__2026-02-26T01:20:32.731651+00:00'
[2026-02-26T01:20:47.435+0000] {etl_logic.py:24} INFO - Reading local CSV...
[2026-02-26T01:20:48.319+0000] {etl_logic.py:37} INFO - Fetching World Bank Data...
[2026-02-26T01:20:49.613+0000] {etl_logic.py:46} INFO - ETL Complete. Rows: 27508
[2026-02-26T01:20:49.620+0000] {ml_logic.py:15} INFO - Начинаем подготовку данных для модели: lr
[2026-02-26T01:20:49.678+0000] {ml_logic.py:44} INFO - Обучение модели...
[2026-02-26T01:20:51.304+0000] {ml_logic.py:52} INFO - ==========================================
[2026-02-26T01:20:51.321+0000] {ml_logic.py:53} INFO - РЕЗУЛЬТАТЫ МОДЕЛИ LR:
[2026-02-26T01:20:51.328+0000] {ml_logic.py:54} INFO - Точность (Accuracy): 86.90%
[2026-02-26T01:20:51.332+0000] {ml_logic.py:55} INFO - ==========================================
[2026-02-26T01:20:52.798+0000] {s3_tools.py:54} INFO - ✅ Uploaded model to s3://jasonstatham/models/lr_classifier.joblib
[2026-02-26T01:20:53.931+0000] {s3_tools.py:54} INFO - ✅ Uploaded model to s3://jasonstatham/models/lr_columns.joblib
[2026-02-26T01:20:53.939+0000] {python.py:201} INFO - Done. Returned value was: None
[2026-02-26T01:20:53.954+0000] {taskinstance.py:1138} INFO - Marking task as SUCCESS. dag_id=risk_analysis_v1, task_id=train_logistic_regression, execution_date=20260226T012032, start_date=20260226T012047, end_date=20260226T012053
[2026-02-26T01:20:54.007+0000] {local_task_job_runner.py:234} INFO - Task exited with return code 0
[2026-02-26T01:20:54.033+0000] {taskinstance.py:3280} INFO - 0 downstream tasks scheduled from follow-on schedule check
