[2026-02-26T07:22:14.075+0000] {taskinstance.py:1956} INFO - Dependencies all met for dep_context=non-requeueable deps ti=<TaskInstance: risk_analysis_v1.transform_and_load_to_processed manual__2026-02-26T07:19:49.898809+00:00 [queued]>
[2026-02-26T07:22:14.089+0000] {taskinstance.py:1956} INFO - Dependencies all met for dep_context=requeueable deps ti=<TaskInstance: risk_analysis_v1.transform_and_load_to_processed manual__2026-02-26T07:19:49.898809+00:00 [queued]>
[2026-02-26T07:22:14.091+0000] {taskinstance.py:2170} INFO - Starting attempt 1 of 1
[2026-02-26T07:22:14.116+0000] {taskinstance.py:2191} INFO - Executing <Task(PythonOperator): transform_and_load_to_processed> on 2026-02-26 07:19:49.898809+00:00
[2026-02-26T07:22:14.128+0000] {standard_task_runner.py:60} INFO - Started process 389 to run task
[2026-02-26T07:22:14.133+0000] {standard_task_runner.py:87} INFO - Running: ['***', 'tasks', 'run', 'risk_analysis_v1', 'transform_and_load_to_processed', 'manual__2026-02-26T07:19:49.898809+00:00', '--job-id', '8', '--raw', '--subdir', 'DAGS_FOLDER/pipeline.py', '--cfg-path', '/tmp/tmpjfd_lerh']
[2026-02-26T07:22:14.137+0000] {standard_task_runner.py:88} INFO - Job 8: Subtask transform_and_load_to_processed
[2026-02-26T07:22:14.229+0000] {task_command.py:423} INFO - Running <TaskInstance: risk_analysis_v1.transform_and_load_to_processed manual__2026-02-26T07:19:49.898809+00:00 [running]> on host 76b9c9e4c019
[2026-02-26T07:22:14.356+0000] {taskinstance.py:2480} INFO - Exporting env vars: AIRFLOW_CTX_DAG_OWNER='***' AIRFLOW_CTX_DAG_ID='risk_analysis_v1' AIRFLOW_CTX_TASK_ID='transform_and_load_to_processed' AIRFLOW_CTX_EXECUTION_DATE='2026-02-26T07:19:49.898809+00:00' AIRFLOW_CTX_TRY_NUMBER='1' AIRFLOW_CTX_DAG_RUN_ID='manual__2026-02-26T07:19:49.898809+00:00'
[2026-02-26T07:22:14.359+0000] {gulia_part.py:192} INFO - Чтение сырых данных...
[2026-02-26T07:22:14.360+0000] {gulia_part.py:195} INFO - Поиск EM-DAT в S3...
[2026-02-26T07:22:14.806+0000] {s3_tools.py:67} INFO - Чтение CSV из s3://jasonstatham/raw/emdat.csv...
[2026-02-26T07:22:28.356+0000] {logging_mixin.py:188} INFO - ТАК ЗДЕСЬ ВРОДЕ ВСЕ НОРМ ЕСЛИ МЕНЯ НЕТУ ТЕБЕ ПИЗДЕС
[2026-02-26T07:22:28.358+0000] {gulia_part.py:202} INFO - Поиск GTD в S3...
[2026-02-26T07:22:28.366+0000] {s3_tools.py:67} INFO - Чтение CSV из s3://jasonstatham/raw/gtd.csv...
[2026-02-26T07:22:36.913+0000] {s3_tools.py:67} INFO - Чтение CSV из s3://jasonstatham/raw/noaa/earthquakes_raw.csv...
[2026-02-26T07:22:39.608+0000] {s3_tools.py:67} INFO - Чтение CSV из s3://jasonstatham/raw/noaa/tsunamis_raw.csv...
[2026-02-26T07:22:41.712+0000] {s3_tools.py:67} INFO - Чтение CSV из s3://jasonstatham/raw/noaa/volcanoes_raw.csv...
[2026-02-26T07:22:43.092+0000] {s3_tools.py:67} INFO - Чтение CSV из s3://jasonstatham/raw/aircraft/aviation_safety_raw.csv...
[2026-02-26T07:22:44.338+0000] {gulia_part.py:131} INFO - Трансформация данных GTD...
[2026-02-26T07:22:45.512+0000] {gulia_part.py:163} INFO - Трансформация данных Aviation...
[2026-02-26T07:22:49.971+0000] {s3_tools.py:35} INFO - ✅ Uploaded Parquet to s3://jasonstatham/processed/global_risks_clean.parquet
[2026-02-26T07:22:49.975+0000] {gulia_part.py:231} INFO - ETL завершен! Собрано записей: 173339.
[2026-02-26T07:22:49.988+0000] {python.py:201} INFO - Done. Returned value was: None
[2026-02-26T07:22:50.005+0000] {taskinstance.py:1138} INFO - Marking task as SUCCESS. dag_id=risk_analysis_v1, task_id=transform_and_load_to_processed, execution_date=20260226T071949, start_date=20260226T072214, end_date=20260226T072250
[2026-02-26T07:22:50.068+0000] {local_task_job_runner.py:234} INFO - Task exited with return code 0
[2026-02-26T07:22:50.095+0000] {taskinstance.py:3280} INFO - 0 downstream tasks scheduled from follow-on schedule check
