[2026-02-19T11:04:18.564+0000] {taskinstance.py:1956} INFO - Dependencies all met for dep_context=non-requeueable deps ti=<TaskInstance: risk_analysis_v1.train_gradient_boosting manual__2026-02-19T11:04:11.035847+00:00 [queued]>
[2026-02-19T11:04:18.579+0000] {taskinstance.py:1956} INFO - Dependencies all met for dep_context=requeueable deps ti=<TaskInstance: risk_analysis_v1.train_gradient_boosting manual__2026-02-19T11:04:11.035847+00:00 [queued]>
[2026-02-19T11:04:18.580+0000] {taskinstance.py:2170} INFO - Starting attempt 1 of 1
[2026-02-19T11:04:18.600+0000] {taskinstance.py:2191} INFO - Executing <Task(PythonOperator): train_gradient_boosting> on 2026-02-19 11:04:11.035847+00:00
[2026-02-19T11:04:18.629+0000] {standard_task_runner.py:60} INFO - Started process 1557 to run task
[2026-02-19T11:04:18.637+0000] {standard_task_runner.py:87} INFO - Running: ['***', 'tasks', 'run', 'risk_analysis_v1', 'train_gradient_boosting', 'manual__2026-02-19T11:04:11.035847+00:00', '--job-id', '13', '--raw', '--subdir', 'DAGS_FOLDER/pipeline.py', '--cfg-path', '/tmp/tmpulp9p6vf']
[2026-02-19T11:04:18.642+0000] {standard_task_runner.py:88} INFO - Job 13: Subtask train_gradient_boosting
[2026-02-19T11:04:18.732+0000] {task_command.py:423} INFO - Running <TaskInstance: risk_analysis_v1.train_gradient_boosting manual__2026-02-19T11:04:11.035847+00:00 [running]> on host 134557eaf6ed
[2026-02-19T11:04:18.880+0000] {taskinstance.py:2480} INFO - Exporting env vars: AIRFLOW_CTX_DAG_OWNER='***' AIRFLOW_CTX_DAG_ID='risk_analysis_v1' AIRFLOW_CTX_TASK_ID='train_gradient_boosting' AIRFLOW_CTX_EXECUTION_DATE='2026-02-19T11:04:11.035847+00:00' AIRFLOW_CTX_TRY_NUMBER='1' AIRFLOW_CTX_DAG_RUN_ID='manual__2026-02-19T11:04:11.035847+00:00'
[2026-02-19T11:04:18.882+0000] {etl_logic.py:24} INFO - Reading local CSV...
[2026-02-19T11:04:18.926+0000] {etl_logic.py:37} INFO - Fetching World Bank Data...
[2026-02-19T11:04:19.875+0000] {etl_logic.py:46} INFO - ETL Complete. Rows: 6431
[2026-02-19T11:04:19.878+0000] {ml_logic.py:15} INFO - Начинаем подготовку данных для модели: gb
[2026-02-19T11:04:19.887+0000] {ml_logic.py:44} INFO - Обучение модели...
[2026-02-19T11:04:20.292+0000] {ml_logic.py:52} INFO - ==========================================
[2026-02-19T11:04:20.293+0000] {ml_logic.py:53} INFO - РЕЗУЛЬТАТЫ МОДЕЛИ GB:
[2026-02-19T11:04:20.293+0000] {ml_logic.py:54} INFO - Точность (Accuracy): 85.16%
[2026-02-19T11:04:20.294+0000] {ml_logic.py:55} INFO - ==========================================
[2026-02-19T11:04:22.590+0000] {s3_tools.py:38} INFO - Uploaded model models/gb_classifier.joblib
[2026-02-19T11:04:23.882+0000] {s3_tools.py:38} INFO - Uploaded model models/gb_columns.joblib
[2026-02-19T11:04:23.885+0000] {python.py:201} INFO - Done. Returned value was: None
[2026-02-19T11:04:23.896+0000] {taskinstance.py:1138} INFO - Marking task as SUCCESS. dag_id=risk_analysis_v1, task_id=train_gradient_boosting, execution_date=20260219T110411, start_date=20260219T110418, end_date=20260219T110423
[2026-02-19T11:04:23.955+0000] {local_task_job_runner.py:234} INFO - Task exited with return code 0
[2026-02-19T11:04:23.972+0000] {taskinstance.py:3280} INFO - 0 downstream tasks scheduled from follow-on schedule check
