[2026-02-26T08:53:15.995+0000] {taskinstance.py:1956} INFO - Dependencies all met for dep_context=non-requeueable deps ti=<TaskInstance: risk_analysis_v1.transform_and_load_to_processed manual__2026-02-26T08:50:06.954196+00:00 [queued]>
[2026-02-26T08:53:16.009+0000] {taskinstance.py:1956} INFO - Dependencies all met for dep_context=requeueable deps ti=<TaskInstance: risk_analysis_v1.transform_and_load_to_processed manual__2026-02-26T08:50:06.954196+00:00 [queued]>
[2026-02-26T08:53:16.010+0000] {taskinstance.py:2170} INFO - Starting attempt 1 of 1
[2026-02-26T08:53:16.033+0000] {taskinstance.py:2191} INFO - Executing <Task(PythonOperator): transform_and_load_to_processed> on 2026-02-26 08:50:06.954196+00:00
[2026-02-26T08:53:16.046+0000] {standard_task_runner.py:60} INFO - Started process 435 to run task
[2026-02-26T08:53:16.050+0000] {standard_task_runner.py:87} INFO - Running: ['***', 'tasks', 'run', 'risk_analysis_v1', 'transform_and_load_to_processed', 'manual__2026-02-26T08:50:06.954196+00:00', '--job-id', '8', '--raw', '--subdir', 'DAGS_FOLDER/pipeline.py', '--cfg-path', '/tmp/tmpij3na0p5']
[2026-02-26T08:53:16.054+0000] {standard_task_runner.py:88} INFO - Job 8: Subtask transform_and_load_to_processed
[2026-02-26T08:53:16.119+0000] {task_command.py:423} INFO - Running <TaskInstance: risk_analysis_v1.transform_and_load_to_processed manual__2026-02-26T08:50:06.954196+00:00 [running]> on host 4ebaa6433361
[2026-02-26T08:53:16.217+0000] {taskinstance.py:2480} INFO - Exporting env vars: AIRFLOW_CTX_DAG_OWNER='***' AIRFLOW_CTX_DAG_ID='risk_analysis_v1' AIRFLOW_CTX_TASK_ID='transform_and_load_to_processed' AIRFLOW_CTX_EXECUTION_DATE='2026-02-26T08:50:06.954196+00:00' AIRFLOW_CTX_TRY_NUMBER='1' AIRFLOW_CTX_DAG_RUN_ID='manual__2026-02-26T08:50:06.954196+00:00'
[2026-02-26T08:53:16.220+0000] {gulia_part.py:247} INFO - Чтение сырых данных...
[2026-02-26T08:53:16.221+0000] {gulia_part.py:250} INFO - Поиск EM-DAT в S3...
[2026-02-26T08:53:16.556+0000] {s3_tools.py:67} INFO - Чтение CSV из s3://jasonstatham/raw/emdat.csv...
[2026-02-26T08:53:26.227+0000] {logging_mixin.py:188} INFO - ТАК ЗДЕСЬ ВРОДЕ ВСЕ НОРМ ЕСЛИ МЕНЯ НЕТУ ТЕБЕ ПИЗДЕС
[2026-02-26T08:53:26.228+0000] {gulia_part.py:257} INFO - Поиск GTD в S3...
[2026-02-26T08:53:26.238+0000] {s3_tools.py:67} INFO - Чтение CSV из s3://jasonstatham/raw/gtd.csv...
[2026-02-26T08:53:33.580+0000] {s3_tools.py:67} INFO - Чтение CSV из s3://jasonstatham/raw/noaa/earthquakes_raw.csv...
[2026-02-26T08:53:36.405+0000] {s3_tools.py:67} INFO - Чтение CSV из s3://jasonstatham/raw/noaa/tsunamis_raw.csv...
[2026-02-26T08:53:38.518+0000] {s3_tools.py:67} INFO - Чтение CSV из s3://jasonstatham/raw/noaa/volcanoes_raw.csv...
[2026-02-26T08:53:40.137+0000] {s3_tools.py:67} INFO - Чтение CSV из s3://jasonstatham/raw/aircraft/aviation_safety_raw.csv...
[2026-02-26T08:53:45.570+0000] {gulia_part.py:182} INFO - Трансформация данных GTD...
[2026-02-26T08:53:46.763+0000] {gulia_part.py:215} INFO - Трансформация данных Aviation...
[2026-02-26T08:53:50.286+0000] {s3_tools.py:35} INFO - ✅ Uploaded Parquet to s3://jasonstatham/processed/global_risks_clean.parquet
[2026-02-26T08:53:50.291+0000] {gulia_part.py:285} INFO - ETL завершен! Собрано записей: 182923.
[2026-02-26T08:53:50.311+0000] {python.py:201} INFO - Done. Returned value was: None
[2026-02-26T08:53:50.337+0000] {taskinstance.py:1138} INFO - Marking task as SUCCESS. dag_id=risk_analysis_v1, task_id=transform_and_load_to_processed, execution_date=20260226T085006, start_date=20260226T085315, end_date=20260226T085350
[2026-02-26T08:53:50.431+0000] {local_task_job_runner.py:234} INFO - Task exited with return code 0
[2026-02-26T08:53:50.458+0000] {taskinstance.py:3280} INFO - 0 downstream tasks scheduled from follow-on schedule check
