[2026-02-26T08:17:14.384+0000] {taskinstance.py:1956} INFO - Dependencies all met for dep_context=non-requeueable deps ti=<TaskInstance: risk_analysis_v1.train_logistic_regression manual__2026-02-26T08:17:01.788320+00:00 [queued]>
[2026-02-26T08:17:14.399+0000] {taskinstance.py:1956} INFO - Dependencies all met for dep_context=requeueable deps ti=<TaskInstance: risk_analysis_v1.train_logistic_regression manual__2026-02-26T08:17:01.788320+00:00 [queued]>
[2026-02-26T08:17:14.401+0000] {taskinstance.py:2170} INFO - Starting attempt 1 of 1
[2026-02-26T08:17:14.428+0000] {taskinstance.py:2191} INFO - Executing <Task(PythonOperator): train_logistic_regression> on 2026-02-26 08:17:01.788320+00:00
[2026-02-26T08:17:14.440+0000] {standard_task_runner.py:60} INFO - Started process 222 to run task
[2026-02-26T08:17:14.444+0000] {standard_task_runner.py:87} INFO - Running: ['***', 'tasks', 'run', 'risk_analysis_v1', 'train_logistic_regression', 'manual__2026-02-26T08:17:01.788320+00:00', '--job-id', '6', '--raw', '--subdir', 'DAGS_FOLDER/pipeline.py', '--cfg-path', '/tmp/tmpfnkrb2h1']
[2026-02-26T08:17:14.449+0000] {standard_task_runner.py:88} INFO - Job 6: Subtask train_logistic_regression
[2026-02-26T08:17:14.550+0000] {task_command.py:423} INFO - Running <TaskInstance: risk_analysis_v1.train_logistic_regression manual__2026-02-26T08:17:01.788320+00:00 [running]> on host c52d17b382fd
[2026-02-26T08:17:14.696+0000] {taskinstance.py:2480} INFO - Exporting env vars: AIRFLOW_CTX_DAG_OWNER='***' AIRFLOW_CTX_DAG_ID='risk_analysis_v1' AIRFLOW_CTX_TASK_ID='train_logistic_regression' AIRFLOW_CTX_EXECUTION_DATE='2026-02-26T08:17:01.788320+00:00' AIRFLOW_CTX_TRY_NUMBER='1' AIRFLOW_CTX_DAG_RUN_ID='manual__2026-02-26T08:17:01.788320+00:00'
[2026-02-26T08:17:14.699+0000] {etl_logic.py:24} INFO - Reading local CSV...
[2026-02-26T08:17:15.515+0000] {etl_logic.py:37} INFO - Fetching World Bank Data...
[2026-02-26T08:17:17.138+0000] {etl_logic.py:46} INFO - ETL Complete. Rows: 27508
[2026-02-26T08:17:17.143+0000] {ml_logic.py:15} INFO - Начинаем подготовку данных для модели: lr
[2026-02-26T08:17:17.191+0000] {ml_logic.py:44} INFO - Обучение модели...
[2026-02-26T08:17:18.281+0000] {ml_logic.py:52} INFO - ==========================================
[2026-02-26T08:17:18.299+0000] {ml_logic.py:53} INFO - РЕЗУЛЬТАТЫ МОДЕЛИ LR:
[2026-02-26T08:17:18.302+0000] {ml_logic.py:54} INFO - Точность (Accuracy): 86.90%
[2026-02-26T08:17:18.303+0000] {ml_logic.py:55} INFO - ==========================================
[2026-02-26T08:17:19.557+0000] {s3_tools.py:53} INFO - ✅ Uploaded model to s3://jasonstatham/models/lr_classifier.joblib
[2026-02-26T08:17:20.690+0000] {s3_tools.py:53} INFO - ✅ Uploaded model to s3://jasonstatham/models/lr_columns.joblib
[2026-02-26T08:17:20.702+0000] {python.py:201} INFO - Done. Returned value was: None
[2026-02-26T08:17:20.720+0000] {taskinstance.py:1138} INFO - Marking task as SUCCESS. dag_id=risk_analysis_v1, task_id=train_logistic_regression, execution_date=20260226T081701, start_date=20260226T081714, end_date=20260226T081720
[2026-02-26T08:17:20.803+0000] {local_task_job_runner.py:234} INFO - Task exited with return code 0
[2026-02-26T08:17:20.825+0000] {taskinstance.py:3280} INFO - 0 downstream tasks scheduled from follow-on schedule check
