[2026-02-26T02:12:31.474+0000] {taskinstance.py:1956} INFO - Dependencies all met for dep_context=non-requeueable deps ti=<TaskInstance: risk_analysis_v1.transform_and_load_to_processed manual__2026-02-26T02:08:52.251963+00:00 [queued]>
[2026-02-26T02:12:31.488+0000] {taskinstance.py:1956} INFO - Dependencies all met for dep_context=requeueable deps ti=<TaskInstance: risk_analysis_v1.transform_and_load_to_processed manual__2026-02-26T02:08:52.251963+00:00 [queued]>
[2026-02-26T02:12:31.489+0000] {taskinstance.py:2170} INFO - Starting attempt 1 of 1
[2026-02-26T02:12:31.511+0000] {taskinstance.py:2191} INFO - Executing <Task(PythonOperator): transform_and_load_to_processed> on 2026-02-26 02:08:52.251963+00:00
[2026-02-26T02:12:31.522+0000] {standard_task_runner.py:60} INFO - Started process 434 to run task
[2026-02-26T02:12:31.526+0000] {standard_task_runner.py:87} INFO - Running: ['***', 'tasks', 'run', 'risk_analysis_v1', 'transform_and_load_to_processed', 'manual__2026-02-26T02:08:52.251963+00:00', '--job-id', '8', '--raw', '--subdir', 'DAGS_FOLDER/pipeline.py', '--cfg-path', '/tmp/tmp90zmwgcf']
[2026-02-26T02:12:31.531+0000] {standard_task_runner.py:88} INFO - Job 8: Subtask transform_and_load_to_processed
[2026-02-26T02:12:31.604+0000] {task_command.py:423} INFO - Running <TaskInstance: risk_analysis_v1.transform_and_load_to_processed manual__2026-02-26T02:08:52.251963+00:00 [running]> on host 41c66d2cfd7a
[2026-02-26T02:12:31.713+0000] {taskinstance.py:2480} INFO - Exporting env vars: AIRFLOW_CTX_DAG_OWNER='***' AIRFLOW_CTX_DAG_ID='risk_analysis_v1' AIRFLOW_CTX_TASK_ID='transform_and_load_to_processed' AIRFLOW_CTX_EXECUTION_DATE='2026-02-26T02:08:52.251963+00:00' AIRFLOW_CTX_TRY_NUMBER='1' AIRFLOW_CTX_DAG_RUN_ID='manual__2026-02-26T02:08:52.251963+00:00'
[2026-02-26T02:12:31.716+0000] {gulia_part.py:174} INFO - Чтение сырых данных...
[2026-02-26T02:12:31.717+0000] {gulia_part.py:178} INFO - Поиск EM-DAT в S3...
[2026-02-26T02:12:32.135+0000] {s3_tools.py:79} INFO - Чтение Excel из s3://jasonstatham/raw/emdat.csv...
[2026-02-26T02:12:48.605+0000] {gulia_part.py:181} WARNING - Файл EM-DAT в S3 не найден. Читаем локально: Excel file format cannot be determined, you must specify an engine manually.
[2026-02-26T02:12:48.610+0000] {taskinstance.py:2698} ERROR - Task failed with exception
Traceback (most recent call last):
  File "/opt/airflow/src/gulia_part.py", line 179, in transform_and_load_processed
    raw_emdat = read_excel_from_s3("raw/emdat.csv", skiprows=6)
  File "/opt/airflow/src/s3_tools.py", line 83, in read_excel_from_s3
    return pd.read_excel(io.BytesIO(file_obj), **kwargs)
  File "/home/airflow/.local/lib/python3.8/site-packages/pandas/io/excel/_base.py", line 478, in read_excel
    io = ExcelFile(io, storage_options=storage_options, engine=engine)
  File "/home/airflow/.local/lib/python3.8/site-packages/pandas/io/excel/_base.py", line 1500, in __init__
    raise ValueError(
ValueError: Excel file format cannot be determined, you must specify an engine manually.

During handling of the above exception, another exception occurred:

Traceback (most recent call last):
  File "/home/airflow/.local/lib/python3.8/site-packages/airflow/models/taskinstance.py", line 433, in _execute_task
    result = execute_callable(context=context, **execute_callable_kwargs)
  File "/home/airflow/.local/lib/python3.8/site-packages/airflow/operators/python.py", line 199, in execute
    return_value = self.execute_callable()
  File "/home/airflow/.local/lib/python3.8/site-packages/airflow/operators/python.py", line 216, in execute_callable
    return self.python_callable(*self.op_args, **self.op_kwargs)
  File "/opt/airflow/src/gulia_part.py", line 182, in transform_and_load_processed
    raw_emdat = pd.read_excel("/opt/airflow/data/emdat.csv", skiprows=6)
  File "/home/airflow/.local/lib/python3.8/site-packages/pandas/io/excel/_base.py", line 478, in read_excel
    io = ExcelFile(io, storage_options=storage_options, engine=engine)
  File "/home/airflow/.local/lib/python3.8/site-packages/pandas/io/excel/_base.py", line 1500, in __init__
    raise ValueError(
ValueError: Excel file format cannot be determined, you must specify an engine manually.
[2026-02-26T02:12:48.645+0000] {taskinstance.py:1138} INFO - Marking task as FAILED. dag_id=risk_analysis_v1, task_id=transform_and_load_to_processed, execution_date=20260226T020852, start_date=20260226T021231, end_date=20260226T021248
[2026-02-26T02:12:48.671+0000] {standard_task_runner.py:107} ERROR - Failed to execute job 8 for task transform_and_load_to_processed (Excel file format cannot be determined, you must specify an engine manually.; 434)
[2026-02-26T02:12:48.711+0000] {local_task_job_runner.py:234} INFO - Task exited with return code 1
[2026-02-26T02:12:48.744+0000] {taskinstance.py:3280} INFO - 0 downstream tasks scheduled from follow-on schedule check
