[2026-02-26T08:17:04.401+0000] {taskinstance.py:1956} INFO - Dependencies all met for dep_context=non-requeueable deps ti=<TaskInstance: risk_analysis_v1.extract_aviation manual__2026-02-26T08:17:01.788320+00:00 [queued]>
[2026-02-26T08:17:04.419+0000] {taskinstance.py:1956} INFO - Dependencies all met for dep_context=requeueable deps ti=<TaskInstance: risk_analysis_v1.extract_aviation manual__2026-02-26T08:17:01.788320+00:00 [queued]>
[2026-02-26T08:17:04.420+0000] {taskinstance.py:2170} INFO - Starting attempt 1 of 1
[2026-02-26T08:17:04.443+0000] {taskinstance.py:2191} INFO - Executing <Task(PythonOperator): extract_aviation> on 2026-02-26 08:17:01.788320+00:00
[2026-02-26T08:17:04.456+0000] {standard_task_runner.py:60} INFO - Started process 170 to run task
[2026-02-26T08:17:04.460+0000] {standard_task_runner.py:87} INFO - Running: ['***', 'tasks', 'run', 'risk_analysis_v1', 'extract_aviation', 'manual__2026-02-26T08:17:01.788320+00:00', '--job-id', '4', '--raw', '--subdir', 'DAGS_FOLDER/pipeline.py', '--cfg-path', '/tmp/tmpl2usgiap']
[2026-02-26T08:17:04.466+0000] {standard_task_runner.py:88} INFO - Job 4: Subtask extract_aviation
[2026-02-26T08:17:04.560+0000] {task_command.py:423} INFO - Running <TaskInstance: risk_analysis_v1.extract_aviation manual__2026-02-26T08:17:01.788320+00:00 [running]> on host c52d17b382fd
[2026-02-26T08:17:04.699+0000] {taskinstance.py:2480} INFO - Exporting env vars: AIRFLOW_CTX_DAG_OWNER='***' AIRFLOW_CTX_DAG_ID='risk_analysis_v1' AIRFLOW_CTX_TASK_ID='extract_aviation' AIRFLOW_CTX_EXECUTION_DATE='2026-02-26T08:17:01.788320+00:00' AIRFLOW_CTX_TRY_NUMBER='1' AIRFLOW_CTX_DAG_RUN_ID='manual__2026-02-26T08:17:01.788320+00:00'
[2026-02-26T08:17:04.701+0000] {logging_mixin.py:188} INFO - Парсинг: 1990 год, страница 1 (https://aviation-safety.net/database/year/1990/1)
[2026-02-26T08:17:06.379+0000] {logging_mixin.py:188} INFO - Парсинг: 1990 год, страница 2 (https://aviation-safety.net/database/year/1990/2)
[2026-02-26T08:17:07.486+0000] {logging_mixin.py:188} INFO - Парсинг: 1990 год, страница 3 (https://aviation-safety.net/database/year/1990/3)
[2026-02-26T08:17:08.610+0000] {logging_mixin.py:188} INFO - Парсинг: 1990 год, страница 4 (https://aviation-safety.net/database/year/1990/4)
[2026-02-26T08:17:09.741+0000] {logging_mixin.py:188} INFO - Парсинг: 1991 год, страница 1 (https://aviation-safety.net/database/year/1991/1)
[2026-02-26T08:17:11.047+0000] {logging_mixin.py:188} INFO - Парсинг: 1991 год, страница 2 (https://aviation-safety.net/database/year/1991/2)
[2026-02-26T08:17:12.316+0000] {logging_mixin.py:188} INFO - Парсинг: 1991 год, страница 3 (https://aviation-safety.net/database/year/1991/3)
[2026-02-26T08:17:13.275+0000] {logging_mixin.py:188} INFO - Парсинг: 1991 год, страница 4 (https://aviation-safety.net/database/year/1991/4)
[2026-02-26T08:17:14.350+0000] {logging_mixin.py:188} INFO - Парсинг: 1992 год, страница 1 (https://aviation-safety.net/database/year/1992/1)
[2026-02-26T08:17:15.484+0000] {logging_mixin.py:188} INFO - Парсинг: 1992 год, страница 2 (https://aviation-safety.net/database/year/1992/2)
[2026-02-26T08:17:16.774+0000] {logging_mixin.py:188} INFO - Парсинг: 1992 год, страница 3 (https://aviation-safety.net/database/year/1992/3)
[2026-02-26T08:17:18.358+0000] {logging_mixin.py:188} INFO - Парсинг: 1992 год, страница 4 (https://aviation-safety.net/database/year/1992/4)
[2026-02-26T08:17:19.494+0000] {logging_mixin.py:188} INFO - Парсинг: 1992 год, страница 5 (https://aviation-safety.net/database/year/1992/5)
[2026-02-26T08:17:20.696+0000] {logging_mixin.py:188} INFO - Парсинг: 1993 год, страница 1 (https://aviation-safety.net/database/year/1993/1)
[2026-02-26T08:17:21.820+0000] {logging_mixin.py:188} INFO - Парсинг: 1993 год, страница 2 (https://aviation-safety.net/database/year/1993/2)
[2026-02-26T08:17:23.048+0000] {logging_mixin.py:188} INFO - Парсинг: 1993 год, страница 3 (https://aviation-safety.net/database/year/1993/3)
[2026-02-26T08:17:23.894+0000] {logging_mixin.py:188} INFO - Парсинг: 1993 год, страница 4 (https://aviation-safety.net/database/year/1993/4)
[2026-02-26T08:17:24.747+0000] {logging_mixin.py:188} INFO - Парсинг: 1993 год, страница 5 (https://aviation-safety.net/database/year/1993/5)
[2026-02-26T08:17:25.715+0000] {logging_mixin.py:188} INFO - Парсинг: 1994 год, страница 1 (https://aviation-safety.net/database/year/1994/1)
[2026-02-26T08:17:26.664+0000] {logging_mixin.py:188} INFO - Парсинг: 1994 год, страница 2 (https://aviation-safety.net/database/year/1994/2)
[2026-02-26T08:17:27.788+0000] {logging_mixin.py:188} INFO - Парсинг: 1994 год, страница 3 (https://aviation-safety.net/database/year/1994/3)
[2026-02-26T08:17:28.807+0000] {logging_mixin.py:188} INFO - Парсинг: 1994 год, страница 4 (https://aviation-safety.net/database/year/1994/4)
[2026-02-26T08:17:29.814+0000] {logging_mixin.py:188} INFO - Парсинг: 1995 год, страница 1 (https://aviation-safety.net/database/year/1995/1)
[2026-02-26T08:17:30.885+0000] {logging_mixin.py:188} INFO - Парсинг: 1995 год, страница 2 (https://aviation-safety.net/database/year/1995/2)
[2026-02-26T08:17:32.252+0000] {logging_mixin.py:188} INFO - Парсинг: 1995 год, страница 3 (https://aviation-safety.net/database/year/1995/3)
[2026-02-26T08:17:34.404+0000] {logging_mixin.py:188} INFO - Парсинг: 1995 год, страница 4 (https://aviation-safety.net/database/year/1995/4)
[2026-02-26T08:17:35.402+0000] {logging_mixin.py:188} INFO - Парсинг: 1995 год, страница 5 (https://aviation-safety.net/database/year/1995/5)
[2026-02-26T08:17:36.707+0000] {logging_mixin.py:188} INFO - Парсинг: 1996 год, страница 1 (https://aviation-safety.net/database/year/1996/1)
[2026-02-26T08:17:38.077+0000] {logging_mixin.py:188} INFO - Парсинг: 1996 год, страница 2 (https://aviation-safety.net/database/year/1996/2)
[2026-02-26T08:17:39.137+0000] {logging_mixin.py:188} INFO - Парсинг: 1996 год, страница 3 (https://aviation-safety.net/database/year/1996/3)
[2026-02-26T08:17:39.983+0000] {logging_mixin.py:188} INFO - Парсинг: 1996 год, страница 4 (https://aviation-safety.net/database/year/1996/4)
[2026-02-26T08:17:41.245+0000] {logging_mixin.py:188} INFO - Парсинг: 1996 год, страница 5 (https://aviation-safety.net/database/year/1996/5)
[2026-02-26T08:17:42.176+0000] {logging_mixin.py:188} INFO - Парсинг: 1997 год, страница 1 (https://aviation-safety.net/database/year/1997/1)
[2026-02-26T08:17:43.321+0000] {logging_mixin.py:188} INFO - Парсинг: 1997 год, страница 2 (https://aviation-safety.net/database/year/1997/2)
[2026-02-26T08:17:44.514+0000] {logging_mixin.py:188} INFO - Парсинг: 1997 год, страница 3 (https://aviation-safety.net/database/year/1997/3)
[2026-02-26T08:17:45.748+0000] {logging_mixin.py:188} INFO - Парсинг: 1997 год, страница 4 (https://aviation-safety.net/database/year/1997/4)
[2026-02-26T08:17:46.590+0000] {logging_mixin.py:188} INFO - Парсинг: 1997 год, страница 5 (https://aviation-safety.net/database/year/1997/5)
[2026-02-26T08:17:47.483+0000] {logging_mixin.py:188} INFO - Парсинг: 1998 год, страница 1 (https://aviation-safety.net/database/year/1998/1)
[2026-02-26T08:17:49.006+0000] {logging_mixin.py:188} INFO - Парсинг: 1998 год, страница 2 (https://aviation-safety.net/database/year/1998/2)
[2026-02-26T08:17:50.203+0000] {logging_mixin.py:188} INFO - Парсинг: 1998 год, страница 3 (https://aviation-safety.net/database/year/1998/3)
[2026-02-26T08:17:51.295+0000] {logging_mixin.py:188} INFO - Парсинг: 1998 год, страница 4 (https://aviation-safety.net/database/year/1998/4)
[2026-02-26T08:17:52.262+0000] {logging_mixin.py:188} INFO - Парсинг: 1998 год, страница 5 (https://aviation-safety.net/database/year/1998/5)
[2026-02-26T08:17:53.386+0000] {logging_mixin.py:188} INFO - Парсинг: 1999 год, страница 1 (https://aviation-safety.net/database/year/1999/1)
[2026-02-26T08:17:54.599+0000] {logging_mixin.py:188} INFO - Парсинг: 1999 год, страница 2 (https://aviation-safety.net/database/year/1999/2)
[2026-02-26T08:17:55.426+0000] {logging_mixin.py:188} INFO - Парсинг: 1999 год, страница 3 (https://aviation-safety.net/database/year/1999/3)
[2026-02-26T08:17:56.513+0000] {logging_mixin.py:188} INFO - Парсинг: 1999 год, страница 4 (https://aviation-safety.net/database/year/1999/4)
[2026-02-26T08:17:57.456+0000] {logging_mixin.py:188} INFO - Парсинг: 1999 год, страница 5 (https://aviation-safety.net/database/year/1999/5)
[2026-02-26T08:17:58.758+0000] {logging_mixin.py:188} INFO - Парсинг: 2000 год, страница 1 (https://aviation-safety.net/database/year/2000/1)
[2026-02-26T08:17:59.959+0000] {logging_mixin.py:188} INFO - Парсинг: 2000 год, страница 2 (https://aviation-safety.net/database/year/2000/2)
[2026-02-26T08:18:01.336+0000] {logging_mixin.py:188} INFO - Парсинг: 2000 год, страница 3 (https://aviation-safety.net/database/year/2000/3)
[2026-02-26T08:18:02.961+0000] {logging_mixin.py:188} INFO - Парсинг: 2000 год, страница 4 (https://aviation-safety.net/database/year/2000/4)
[2026-02-26T08:18:03.955+0000] {logging_mixin.py:188} INFO - Парсинг: 2000 год, страница 5 (https://aviation-safety.net/database/year/2000/5)
[2026-02-26T08:18:05.141+0000] {logging_mixin.py:188} INFO - Парсинг: 2001 год, страница 1 (https://aviation-safety.net/database/year/2001/1)
[2026-02-26T08:18:06.261+0000] {logging_mixin.py:188} INFO - Парсинг: 2001 год, страница 2 (https://aviation-safety.net/database/year/2001/2)
[2026-02-26T08:18:07.450+0000] {logging_mixin.py:188} INFO - Парсинг: 2001 год, страница 3 (https://aviation-safety.net/database/year/2001/3)
[2026-02-26T08:18:08.539+0000] {logging_mixin.py:188} INFO - Парсинг: 2001 год, страница 4 (https://aviation-safety.net/database/year/2001/4)
[2026-02-26T08:18:09.793+0000] {logging_mixin.py:188} INFO - Парсинг: 2001 год, страница 5 (https://aviation-safety.net/database/year/2001/5)
[2026-02-26T08:18:10.742+0000] {logging_mixin.py:188} INFO - Парсинг: 2002 год, страница 1 (https://aviation-safety.net/database/year/2002/1)
[2026-02-26T08:18:11.929+0000] {logging_mixin.py:188} INFO - Парсинг: 2002 год, страница 2 (https://aviation-safety.net/database/year/2002/2)
[2026-02-26T08:18:12.871+0000] {logging_mixin.py:188} INFO - Парсинг: 2002 год, страница 3 (https://aviation-safety.net/database/year/2002/3)
[2026-02-26T08:18:14.039+0000] {logging_mixin.py:188} INFO - Парсинг: 2002 год, страница 4 (https://aviation-safety.net/database/year/2002/4)
[2026-02-26T08:18:15.182+0000] {logging_mixin.py:188} INFO - Парсинг: 2003 год, страница 1 (https://aviation-safety.net/database/year/2003/1)
[2026-02-26T08:18:16.468+0000] {logging_mixin.py:188} INFO - Парсинг: 2003 год, страница 2 (https://aviation-safety.net/database/year/2003/2)
[2026-02-26T08:18:17.481+0000] {logging_mixin.py:188} INFO - Парсинг: 2003 год, страница 3 (https://aviation-safety.net/database/year/2003/3)
[2026-02-26T08:18:18.591+0000] {logging_mixin.py:188} INFO - Парсинг: 2003 год, страница 4 (https://aviation-safety.net/database/year/2003/4)
[2026-02-26T08:18:19.528+0000] {logging_mixin.py:188} INFO - Парсинг: 2004 год, страница 1 (https://aviation-safety.net/database/year/2004/1)
[2026-02-26T08:18:21.232+0000] {logging_mixin.py:188} INFO - Парсинг: 2004 год, страница 2 (https://aviation-safety.net/database/year/2004/2)
[2026-02-26T08:18:22.263+0000] {logging_mixin.py:188} INFO - Парсинг: 2004 год, страница 3 (https://aviation-safety.net/database/year/2004/3)
[2026-02-26T08:18:23.466+0000] {logging_mixin.py:188} INFO - Парсинг: 2004 год, страница 4 (https://aviation-safety.net/database/year/2004/4)
[2026-02-26T08:18:24.500+0000] {logging_mixin.py:188} INFO - Парсинг: 2005 год, страница 1 (https://aviation-safety.net/database/year/2005/1)
[2026-02-26T08:18:25.762+0000] {logging_mixin.py:188} INFO - Парсинг: 2005 год, страница 2 (https://aviation-safety.net/database/year/2005/2)
[2026-02-26T08:18:26.753+0000] {logging_mixin.py:188} INFO - Парсинг: 2005 год, страница 3 (https://aviation-safety.net/database/year/2005/3)
[2026-02-26T08:18:28.063+0000] {logging_mixin.py:188} INFO - Парсинг: 2005 год, страница 4 (https://aviation-safety.net/database/year/2005/4)
[2026-02-26T08:18:29.209+0000] {logging_mixin.py:188} INFO - Парсинг: 2006 год, страница 1 (https://aviation-safety.net/database/year/2006/1)
[2026-02-26T08:18:30.247+0000] {logging_mixin.py:188} INFO - Парсинг: 2006 год, страница 2 (https://aviation-safety.net/database/year/2006/2)
[2026-02-26T08:18:31.453+0000] {logging_mixin.py:188} INFO - Парсинг: 2006 год, страница 3 (https://aviation-safety.net/database/year/2006/3)
[2026-02-26T08:18:32.604+0000] {logging_mixin.py:188} INFO - Парсинг: 2006 год, страница 4 (https://aviation-safety.net/database/year/2006/4)
[2026-02-26T08:18:33.314+0000] {logging_mixin.py:188} INFO - Парсинг: 2006 год, страница 5 (https://aviation-safety.net/database/year/2006/5)
[2026-02-26T08:18:34.129+0000] {logging_mixin.py:188} INFO - Парсинг: 2007 год, страница 1 (https://aviation-safety.net/database/year/2007/1)
[2026-02-26T08:18:35.092+0000] {logging_mixin.py:188} INFO - Парсинг: 2007 год, страница 2 (https://aviation-safety.net/database/year/2007/2)
[2026-02-26T08:18:36.271+0000] {logging_mixin.py:188} INFO - Парсинг: 2007 год, страница 3 (https://aviation-safety.net/database/year/2007/3)
[2026-02-26T08:18:37.484+0000] {logging_mixin.py:188} INFO - Парсинг: 2007 год, страница 4 (https://aviation-safety.net/database/year/2007/4)
[2026-02-26T08:18:38.343+0000] {logging_mixin.py:188} INFO - Парсинг: 2008 год, страница 1 (https://aviation-safety.net/database/year/2008/1)
[2026-02-26T08:18:39.413+0000] {logging_mixin.py:188} INFO - Парсинг: 2008 год, страница 2 (https://aviation-safety.net/database/year/2008/2)
[2026-02-26T08:18:40.724+0000] {logging_mixin.py:188} INFO - Парсинг: 2008 год, страница 3 (https://aviation-safety.net/database/year/2008/3)
[2026-02-26T08:18:42.101+0000] {logging_mixin.py:188} INFO - Парсинг: 2008 год, страница 4 (https://aviation-safety.net/database/year/2008/4)
[2026-02-26T08:18:43.029+0000] {logging_mixin.py:188} INFO - Парсинг: 2009 год, страница 1 (https://aviation-safety.net/database/year/2009/1)
[2026-02-26T08:18:44.417+0000] {logging_mixin.py:188} INFO - Парсинг: 2009 год, страница 2 (https://aviation-safety.net/database/year/2009/2)
[2026-02-26T08:18:45.426+0000] {logging_mixin.py:188} INFO - Парсинг: 2009 год, страница 3 (https://aviation-safety.net/database/year/2009/3)
[2026-02-26T08:18:46.267+0000] {logging_mixin.py:188} INFO - Парсинг: 2009 год, страница 4 (https://aviation-safety.net/database/year/2009/4)
[2026-02-26T08:18:47.245+0000] {logging_mixin.py:188} INFO - Парсинг: 2010 год, страница 1 (https://aviation-safety.net/database/year/2010/1)
[2026-02-26T08:18:48.415+0000] {logging_mixin.py:188} INFO - Парсинг: 2010 год, страница 2 (https://aviation-safety.net/database/year/2010/2)
[2026-02-26T08:18:49.713+0000] {logging_mixin.py:188} INFO - Парсинг: 2010 год, страница 3 (https://aviation-safety.net/database/year/2010/3)
[2026-02-26T08:18:51.025+0000] {logging_mixin.py:188} INFO - Парсинг: 2010 год, страница 4 (https://aviation-safety.net/database/year/2010/4)
[2026-02-26T08:18:51.881+0000] {logging_mixin.py:188} INFO - Парсинг: 2011 год, страница 1 (https://aviation-safety.net/database/year/2011/1)
[2026-02-26T08:18:53.084+0000] {logging_mixin.py:188} INFO - Парсинг: 2011 год, страница 2 (https://aviation-safety.net/database/year/2011/2)
[2026-02-26T08:18:53.987+0000] {logging_mixin.py:188} INFO - Парсинг: 2011 год, страница 3 (https://aviation-safety.net/database/year/2011/3)
[2026-02-26T08:18:55.001+0000] {logging_mixin.py:188} INFO - Парсинг: 2011 год, страница 4 (https://aviation-safety.net/database/year/2011/4)
[2026-02-26T08:18:56.244+0000] {logging_mixin.py:188} INFO - Парсинг: 2012 год, страница 1 (https://aviation-safety.net/database/year/2012/1)
[2026-02-26T08:18:57.396+0000] {logging_mixin.py:188} INFO - Парсинг: 2012 год, страница 2 (https://aviation-safety.net/database/year/2012/2)
[2026-02-26T08:18:58.389+0000] {logging_mixin.py:188} INFO - Парсинг: 2012 год, страница 3 (https://aviation-safety.net/database/year/2012/3)
[2026-02-26T08:18:59.273+0000] {logging_mixin.py:188} INFO - Парсинг: 2012 год, страница 4 (https://aviation-safety.net/database/year/2012/4)
[2026-02-26T08:19:00.433+0000] {logging_mixin.py:188} INFO - Парсинг: 2013 год, страница 1 (https://aviation-safety.net/database/year/2013/1)
[2026-02-26T08:19:01.394+0000] {logging_mixin.py:188} INFO - Парсинг: 2013 год, страница 2 (https://aviation-safety.net/database/year/2013/2)
[2026-02-26T08:19:02.632+0000] {logging_mixin.py:188} INFO - Парсинг: 2013 год, страница 3 (https://aviation-safety.net/database/year/2013/3)
[2026-02-26T08:19:03.439+0000] {logging_mixin.py:188} INFO - Парсинг: 2013 год, страница 4 (https://aviation-safety.net/database/year/2013/4)
[2026-02-26T08:19:04.684+0000] {logging_mixin.py:188} INFO - Парсинг: 2014 год, страница 1 (https://aviation-safety.net/database/year/2014/1)
[2026-02-26T08:19:05.673+0000] {logging_mixin.py:188} INFO - Парсинг: 2014 год, страница 2 (https://aviation-safety.net/database/year/2014/2)
[2026-02-26T08:19:06.765+0000] {logging_mixin.py:188} INFO - Парсинг: 2014 год, страница 3 (https://aviation-safety.net/database/year/2014/3)
[2026-02-26T08:19:07.952+0000] {logging_mixin.py:188} INFO - Парсинг: 2014 год, страница 4 (https://aviation-safety.net/database/year/2014/4)
[2026-02-26T08:19:08.802+0000] {logging_mixin.py:188} INFO - Парсинг: 2015 год, страница 1 (https://aviation-safety.net/database/year/2015/1)
[2026-02-26T08:19:10.204+0000] {logging_mixin.py:188} INFO - Парсинг: 2015 год, страница 2 (https://aviation-safety.net/database/year/2015/2)
[2026-02-26T08:19:11.129+0000] {logging_mixin.py:188} INFO - Парсинг: 2015 год, страница 3 (https://aviation-safety.net/database/year/2015/3)
[2026-02-26T08:19:12.029+0000] {logging_mixin.py:188} INFO - Парсинг: 2015 год, страница 4 (https://aviation-safety.net/database/year/2015/4)
[2026-02-26T08:19:13.084+0000] {logging_mixin.py:188} INFO - Парсинг: 2016 год, страница 1 (https://aviation-safety.net/database/year/2016/1)
[2026-02-26T08:19:14.297+0000] {logging_mixin.py:188} INFO - Парсинг: 2016 год, страница 2 (https://aviation-safety.net/database/year/2016/2)
[2026-02-26T08:19:15.671+0000] {logging_mixin.py:188} INFO - Парсинг: 2016 год, страница 3 (https://aviation-safety.net/database/year/2016/3)
[2026-02-26T08:19:16.731+0000] {logging_mixin.py:188} INFO - Парсинг: 2016 год, страница 4 (https://aviation-safety.net/database/year/2016/4)
[2026-02-26T08:19:17.645+0000] {logging_mixin.py:188} INFO - Парсинг: 2017 год, страница 1 (https://aviation-safety.net/database/year/2017/1)
[2026-02-26T08:19:18.881+0000] {logging_mixin.py:188} INFO - Парсинг: 2017 год, страница 2 (https://aviation-safety.net/database/year/2017/2)
[2026-02-26T08:19:20.012+0000] {logging_mixin.py:188} INFO - Парсинг: 2017 год, страница 3 (https://aviation-safety.net/database/year/2017/3)
[2026-02-26T08:19:21.078+0000] {logging_mixin.py:188} INFO - Парсинг: 2017 год, страница 4 (https://aviation-safety.net/database/year/2017/4)
[2026-02-26T08:19:21.940+0000] {logging_mixin.py:188} INFO - Парсинг: 2018 год, страница 1 (https://aviation-safety.net/database/year/2018/1)
[2026-02-26T08:19:23.159+0000] {logging_mixin.py:188} INFO - Парсинг: 2018 год, страница 2 (https://aviation-safety.net/database/year/2018/2)
[2026-02-26T08:19:24.630+0000] {logging_mixin.py:188} INFO - Парсинг: 2018 год, страница 3 (https://aviation-safety.net/database/year/2018/3)
[2026-02-26T08:19:25.789+0000] {logging_mixin.py:188} INFO - Парсинг: 2018 год, страница 4 (https://aviation-safety.net/database/year/2018/4)
[2026-02-26T08:19:26.959+0000] {logging_mixin.py:188} INFO - Парсинг: 2019 год, страница 1 (https://aviation-safety.net/database/year/2019/1)
[2026-02-26T08:19:27.871+0000] {logging_mixin.py:188} INFO - Парсинг: 2019 год, страница 2 (https://aviation-safety.net/database/year/2019/2)
[2026-02-26T08:19:28.814+0000] {logging_mixin.py:188} INFO - Парсинг: 2019 год, страница 3 (https://aviation-safety.net/database/year/2019/3)
[2026-02-26T08:19:30.169+0000] {logging_mixin.py:188} INFO - Парсинг: 2019 год, страница 4 (https://aviation-safety.net/database/year/2019/4)
[2026-02-26T08:19:31.154+0000] {logging_mixin.py:188} INFO - Парсинг: 2020 год, страница 1 (https://aviation-safety.net/database/year/2020/1)
[2026-02-26T08:19:32.537+0000] {logging_mixin.py:188} INFO - Парсинг: 2020 год, страница 2 (https://aviation-safety.net/database/year/2020/2)
[2026-02-26T08:19:33.409+0000] {logging_mixin.py:188} INFO - Парсинг: 2020 год, страница 3 (https://aviation-safety.net/database/year/2020/3)
[2026-02-26T08:19:34.939+0000] {logging_mixin.py:188} INFO - Парсинг: 2020 год, страница 4 (https://aviation-safety.net/database/year/2020/4)
[2026-02-26T08:19:36.525+0000] {logging_mixin.py:188} INFO - Парсинг: 2021 год, страница 1 (https://aviation-safety.net/database/year/2021/1)
[2026-02-26T08:19:37.848+0000] {logging_mixin.py:188} INFO - Парсинг: 2021 год, страница 2 (https://aviation-safety.net/database/year/2021/2)
[2026-02-26T08:19:39.074+0000] {logging_mixin.py:188} INFO - Парсинг: 2021 год, страница 3 (https://aviation-safety.net/database/year/2021/3)
[2026-02-26T08:19:40.097+0000] {logging_mixin.py:188} INFO - Парсинг: 2021 год, страница 4 (https://aviation-safety.net/database/year/2021/4)
[2026-02-26T08:19:41.292+0000] {logging_mixin.py:188} INFO - Парсинг: 2022 год, страница 1 (https://aviation-safety.net/database/year/2022/1)
[2026-02-26T08:19:42.771+0000] {logging_mixin.py:188} INFO - Парсинг: 2022 год, страница 2 (https://aviation-safety.net/database/year/2022/2)
[2026-02-26T08:19:43.876+0000] {logging_mixin.py:188} INFO - Парсинг: 2022 год, страница 3 (https://aviation-safety.net/database/year/2022/3)
[2026-02-26T08:19:44.849+0000] {logging_mixin.py:188} INFO - Парсинг: 2022 год, страница 4 (https://aviation-safety.net/database/year/2022/4)
[2026-02-26T08:19:46.005+0000] {logging_mixin.py:188} INFO - Парсинг: 2023 год, страница 1 (https://aviation-safety.net/database/year/2023/1)
[2026-02-26T08:19:47.292+0000] {logging_mixin.py:188} INFO - Парсинг: 2023 год, страница 2 (https://aviation-safety.net/database/year/2023/2)
[2026-02-26T08:19:48.489+0000] {logging_mixin.py:188} INFO - Парсинг: 2023 год, страница 3 (https://aviation-safety.net/database/year/2023/3)
[2026-02-26T08:19:49.476+0000] {logging_mixin.py:188} INFO - Парсинг: 2023 год, страница 4 (https://aviation-safety.net/database/year/2023/4)
[2026-02-26T08:19:50.643+0000] {logging_mixin.py:188} INFO - Парсинг: 2024 год, страница 1 (https://aviation-safety.net/database/year/2024/1)
[2026-02-26T08:19:51.907+0000] {logging_mixin.py:188} INFO - Парсинг: 2024 год, страница 2 (https://aviation-safety.net/database/year/2024/2)
[2026-02-26T08:19:53.080+0000] {logging_mixin.py:188} INFO - Парсинг: 2024 год, страница 3 (https://aviation-safety.net/database/year/2024/3)
[2026-02-26T08:19:54.379+0000] {logging_mixin.py:188} INFO - Парсинг: 2024 год, страница 4 (https://aviation-safety.net/database/year/2024/4)
[2026-02-26T08:19:55.218+0000] {logging_mixin.py:188} INFO - Парсинг: 2025 год, страница 1 (https://aviation-safety.net/database/year/2025/1)
[2026-02-26T08:19:56.187+0000] {logging_mixin.py:188} INFO - Парсинг: 2025 год, страница 2 (https://aviation-safety.net/database/year/2025/2)
[2026-02-26T08:19:57.542+0000] {logging_mixin.py:188} INFO - Парсинг: 2025 год, страница 3 (https://aviation-safety.net/database/year/2025/3)
[2026-02-26T08:19:58.454+0000] {logging_mixin.py:188} INFO - Парсинг: 2026 год, страница 1 (https://aviation-safety.net/database/year/2026/1)
[2026-02-26T08:19:59.349+0000] {logging_mixin.py:188} INFO - Парсинг: 2026 год, страница 2 (https://aviation-safety.net/database/year/2026/2)
[2026-02-26T08:19:59.957+0000] {python.py:201} INFO - Done. Returned value was:          acc. date                                    type  ...  Year       Date
0       2 Jan 1990        CASA/Nurtanio NC-212 Aviocar 200  ...  1990 1990-01-02
1       2 Jan 1990              McDonnell Douglas DC-10-10  ...  1990 1990-01-02
2       3 Jan 1990  Britten-Norman BN-2A Trislander Mk.III  ...  1990 1990-01-03
3       4 Jan 1990            Fairchild SA227-AC Metro III  ...  1990 1990-01-04
4       5 Jan 1990             Fokker F-28 Fellowship 4000  ...  1990 1990-01-05
...            ...                                     ...  ...   ...        ...
10018  13 Jan 2026                   Cessna 750 Citation X  ...  2026 2026-01-13
10019  10 Jan 2026            Cessna 208B Grand Caravan EX  ...  2026 2026-01-10
10020   6 Jan 2026               Cessna S550 Citation S/II  ...  2026 2026-01-06
10021   5 Jan 2026            Bombardier DHC-8-402Q Dash 8  ...  2026 2026-01-05
10022   2 Jan 2026                              ATR 72-500  ...  2026 2026-01-02

[10023 rows x 12 columns]
[2026-02-26T08:20:00.226+0000] {taskinstance.py:1138} INFO - Marking task as SUCCESS. dag_id=risk_analysis_v1, task_id=extract_aviation, execution_date=20260226T081701, start_date=20260226T081704, end_date=20260226T082000
[2026-02-26T08:20:00.270+0000] {local_task_job_runner.py:234} INFO - Task exited with return code 0
[2026-02-26T08:20:00.305+0000] {taskinstance.py:3280} INFO - 1 downstream tasks scheduled from follow-on schedule check
