[2026-02-26T01:53:04.140+0000] {taskinstance.py:1956} INFO - Dependencies all met for dep_context=non-requeueable deps ti=<TaskInstance: risk_analysis_v1.train_gradient_boosting manual__2026-02-26T01:50:50.734400+00:00 [queued]>
[2026-02-26T01:53:04.154+0000] {taskinstance.py:1956} INFO - Dependencies all met for dep_context=requeueable deps ti=<TaskInstance: risk_analysis_v1.train_gradient_boosting manual__2026-02-26T01:50:50.734400+00:00 [queued]>
[2026-02-26T01:53:04.155+0000] {taskinstance.py:2170} INFO - Starting attempt 1 of 1
[2026-02-26T01:53:04.180+0000] {taskinstance.py:2191} INFO - Executing <Task(PythonOperator): train_gradient_boosting> on 2026-02-26 01:50:50.734400+00:00
[2026-02-26T01:53:04.192+0000] {standard_task_runner.py:60} INFO - Started process 564 to run task
[2026-02-26T01:53:04.196+0000] {standard_task_runner.py:87} INFO - Running: ['***', 'tasks', 'run', 'risk_analysis_v1', 'train_gradient_boosting', 'manual__2026-02-26T01:50:50.734400+00:00', '--job-id', '13', '--raw', '--subdir', 'DAGS_FOLDER/pipeline.py', '--cfg-path', '/tmp/tmp_kj7v4oa']
[2026-02-26T01:53:04.203+0000] {standard_task_runner.py:88} INFO - Job 13: Subtask train_gradient_boosting
[2026-02-26T01:53:04.288+0000] {task_command.py:423} INFO - Running <TaskInstance: risk_analysis_v1.train_gradient_boosting manual__2026-02-26T01:50:50.734400+00:00 [running]> on host 7cb9054393e5
[2026-02-26T01:53:04.408+0000] {taskinstance.py:2480} INFO - Exporting env vars: AIRFLOW_CTX_DAG_OWNER='***' AIRFLOW_CTX_DAG_ID='risk_analysis_v1' AIRFLOW_CTX_TASK_ID='train_gradient_boosting' AIRFLOW_CTX_EXECUTION_DATE='2026-02-26T01:50:50.734400+00:00' AIRFLOW_CTX_TRY_NUMBER='1' AIRFLOW_CTX_DAG_RUN_ID='manual__2026-02-26T01:50:50.734400+00:00'
[2026-02-26T01:53:04.414+0000] {etl_logic.py:24} INFO - Reading local CSV...
[2026-02-26T01:53:05.276+0000] {etl_logic.py:37} INFO - Fetching World Bank Data...
[2026-02-26T01:53:07.004+0000] {etl_logic.py:46} INFO - ETL Complete. Rows: 27508
[2026-02-26T01:53:07.021+0000] {ml_logic.py:15} INFO - Начинаем подготовку данных для модели: gb
[2026-02-26T01:53:07.075+0000] {ml_logic.py:44} INFO - Обучение модели...
[2026-02-26T01:53:09.310+0000] {ml_logic.py:52} INFO - ==========================================
[2026-02-26T01:53:09.312+0000] {ml_logic.py:53} INFO - РЕЗУЛЬТАТЫ МОДЕЛИ GB:
[2026-02-26T01:53:09.312+0000] {ml_logic.py:54} INFO - Точность (Accuracy): 86.88%
[2026-02-26T01:53:09.313+0000] {ml_logic.py:55} INFO - ==========================================
[2026-02-26T01:53:11.148+0000] {s3_tools.py:54} INFO - ✅ Uploaded model to s3://jasonstatham/models/gb_classifier.joblib
[2026-02-26T01:53:12.209+0000] {s3_tools.py:54} INFO - ✅ Uploaded model to s3://jasonstatham/models/gb_columns.joblib
[2026-02-26T01:53:12.222+0000] {python.py:201} INFO - Done. Returned value was: None
[2026-02-26T01:53:12.242+0000] {taskinstance.py:1138} INFO - Marking task as SUCCESS. dag_id=risk_analysis_v1, task_id=train_gradient_boosting, execution_date=20260226T015050, start_date=20260226T015304, end_date=20260226T015312
[2026-02-26T01:53:12.304+0000] {local_task_job_runner.py:234} INFO - Task exited with return code 0
[2026-02-26T01:53:12.326+0000] {taskinstance.py:3280} INFO - 0 downstream tasks scheduled from follow-on schedule check
