[2026-02-26T03:26:14.234+0000] {taskinstance.py:1956} INFO - Dependencies all met for dep_context=non-requeueable deps ti=<TaskInstance: risk_analysis_v1.transform_and_load_to_processed manual__2026-02-26T03:20:44.531759+00:00 [queued]>
[2026-02-26T03:26:14.259+0000] {taskinstance.py:1956} INFO - Dependencies all met for dep_context=requeueable deps ti=<TaskInstance: risk_analysis_v1.transform_and_load_to_processed manual__2026-02-26T03:20:44.531759+00:00 [queued]>
[2026-02-26T03:26:14.260+0000] {taskinstance.py:2170} INFO - Starting attempt 1 of 1
[2026-02-26T03:26:14.292+0000] {taskinstance.py:2191} INFO - Executing <Task(PythonOperator): transform_and_load_to_processed> on 2026-02-26 03:20:44.531759+00:00
[2026-02-26T03:26:14.304+0000] {standard_task_runner.py:60} INFO - Started process 550 to run task
[2026-02-26T03:26:14.308+0000] {standard_task_runner.py:87} INFO - Running: ['***', 'tasks', 'run', 'risk_analysis_v1', 'transform_and_load_to_processed', 'manual__2026-02-26T03:20:44.531759+00:00', '--job-id', '8', '--raw', '--subdir', 'DAGS_FOLDER/pipeline.py', '--cfg-path', '/tmp/tmpr5mms5cq']
[2026-02-26T03:26:14.311+0000] {standard_task_runner.py:88} INFO - Job 8: Subtask transform_and_load_to_processed
[2026-02-26T03:26:14.415+0000] {task_command.py:423} INFO - Running <TaskInstance: risk_analysis_v1.transform_and_load_to_processed manual__2026-02-26T03:20:44.531759+00:00 [running]> on host 4fa3cfc6d596
[2026-02-26T03:26:14.587+0000] {taskinstance.py:2480} INFO - Exporting env vars: AIRFLOW_CTX_DAG_OWNER='***' AIRFLOW_CTX_DAG_ID='risk_analysis_v1' AIRFLOW_CTX_TASK_ID='transform_and_load_to_processed' AIRFLOW_CTX_EXECUTION_DATE='2026-02-26T03:20:44.531759+00:00' AIRFLOW_CTX_TRY_NUMBER='1' AIRFLOW_CTX_DAG_RUN_ID='manual__2026-02-26T03:20:44.531759+00:00'
[2026-02-26T03:26:14.590+0000] {gulia_part.py:213} INFO - Чтение сырых данных...
[2026-02-26T03:26:14.591+0000] {gulia_part.py:217} INFO - Поиск EM-DAT в S3...
[2026-02-26T03:26:15.070+0000] {s3_tools.py:68} INFO - Чтение CSV из s3://jasonstatham/raw/emdat.csv...
[2026-02-26T03:26:34.502+0000] {logging_mixin.py:188} INFO - ТАК ЗДЕСЬ ВРОДЕ ВСЕ НОРМ ЕСЛИ МЕНЯ НЕТУ ТЕБЕ ПИЗДЕС
[2026-02-26T03:26:34.504+0000] {gulia_part.py:225} INFO - Поиск GTD в S3...
[2026-02-26T03:26:34.515+0000] {s3_tools.py:68} INFO - Чтение CSV из s3://jasonstatham/raw/gtd.csv...
[2026-02-26T03:26:47.036+0000] {s3_tools.py:68} INFO - Чтение CSV из s3://jasonstatham/raw/noaa/earthquakes_raw.csv...
[2026-02-26T03:26:50.396+0000] {s3_tools.py:68} INFO - Чтение CSV из s3://jasonstatham/raw/noaa/tsunamis_raw.csv...
[2026-02-26T03:26:52.303+0000] {s3_tools.py:68} INFO - Чтение CSV из s3://jasonstatham/raw/noaa/volcanoes_raw.csv...
[2026-02-26T03:26:54.539+0000] {s3_tools.py:68} INFO - Чтение CSV из s3://jasonstatham/raw/aircraft/aviation_safety_raw.csv...
[2026-02-26T03:26:55.514+0000] {gulia_part.py:142} INFO - Трансформация данных GTD...
[2026-02-26T03:26:56.602+0000] {gulia_part.py:178} INFO - Трансформация данных Aviation...
[2026-02-26T03:26:59.685+0000] {s3_tools.py:36} INFO - ✅ Uploaded Parquet to s3://jasonstatham/processed/global_risks_clean.parquet
[2026-02-26T03:26:59.689+0000] {gulia_part.py:254} INFO - ETL завершен! Собрано записей: 173339.
[2026-02-26T03:26:59.708+0000] {python.py:201} INFO - Done. Returned value was: None
[2026-02-26T03:26:59.729+0000] {taskinstance.py:1138} INFO - Marking task as SUCCESS. dag_id=risk_analysis_v1, task_id=transform_and_load_to_processed, execution_date=20260226T032044, start_date=20260226T032614, end_date=20260226T032659
[2026-02-26T03:26:59.793+0000] {local_task_job_runner.py:234} INFO - Task exited with return code 0
[2026-02-26T03:26:59.820+0000] {taskinstance.py:3280} INFO - 0 downstream tasks scheduled from follow-on schedule check
