[2026-02-25T22:57:16.958+0000] {taskinstance.py:1956} INFO - Dependencies all met for dep_context=non-requeueable deps ti=<TaskInstance: risk_analysis_v1.train_random_forest manual__2026-02-25T22:57:06.642898+00:00 [queued]>
[2026-02-25T22:57:16.971+0000] {taskinstance.py:1956} INFO - Dependencies all met for dep_context=requeueable deps ti=<TaskInstance: risk_analysis_v1.train_random_forest manual__2026-02-25T22:57:06.642898+00:00 [queued]>
[2026-02-25T22:57:16.972+0000] {taskinstance.py:2170} INFO - Starting attempt 1 of 1
[2026-02-25T22:57:16.994+0000] {taskinstance.py:2191} INFO - Executing <Task(PythonOperator): train_random_forest> on 2026-02-25 22:57:06.642898+00:00
[2026-02-25T22:57:17.004+0000] {standard_task_runner.py:60} INFO - Started process 196 to run task
[2026-02-25T22:57:17.012+0000] {standard_task_runner.py:87} INFO - Running: ['***', 'tasks', 'run', 'risk_analysis_v1', 'train_random_forest', 'manual__2026-02-25T22:57:06.642898+00:00', '--job-id', '4', '--raw', '--subdir', 'DAGS_FOLDER/pipeline.py', '--cfg-path', '/tmp/tmp5xk1niho']
[2026-02-25T22:57:17.017+0000] {standard_task_runner.py:88} INFO - Job 4: Subtask train_random_forest
[2026-02-25T22:57:17.148+0000] {task_command.py:423} INFO - Running <TaskInstance: risk_analysis_v1.train_random_forest manual__2026-02-25T22:57:06.642898+00:00 [running]> on host 46a40825409e
[2026-02-25T22:57:17.321+0000] {taskinstance.py:2480} INFO - Exporting env vars: AIRFLOW_CTX_DAG_OWNER='***' AIRFLOW_CTX_DAG_ID='risk_analysis_v1' AIRFLOW_CTX_TASK_ID='train_random_forest' AIRFLOW_CTX_EXECUTION_DATE='2026-02-25T22:57:06.642898+00:00' AIRFLOW_CTX_TRY_NUMBER='1' AIRFLOW_CTX_DAG_RUN_ID='manual__2026-02-25T22:57:06.642898+00:00'
[2026-02-25T22:57:17.331+0000] {etl_logic.py:24} INFO - Reading local CSV...
[2026-02-25T22:57:17.443+0000] {etl_logic.py:37} INFO - Fetching World Bank Data...
[2026-02-25T22:57:18.652+0000] {etl_logic.py:46} INFO - ETL Complete. Rows: 6431
[2026-02-25T22:57:18.655+0000] {ml_logic.py:15} INFO - Начинаем подготовку данных для модели: rf
[2026-02-25T22:57:18.677+0000] {ml_logic.py:44} INFO - Обучение модели...
[2026-02-25T22:57:21.167+0000] {ml_logic.py:52} INFO - ==========================================
[2026-02-25T22:57:21.169+0000] {ml_logic.py:53} INFO - РЕЗУЛЬТАТЫ МОДЕЛИ RF:
[2026-02-25T22:57:21.170+0000] {ml_logic.py:54} INFO - Точность (Accuracy): 82.13%
[2026-02-25T22:57:21.172+0000] {ml_logic.py:55} INFO - ==========================================
[2026-02-25T22:57:27.464+0000] {s3_tools.py:38} INFO - Uploaded model models/rf_classifier.joblib
[2026-02-25T22:57:28.570+0000] {s3_tools.py:38} INFO - Uploaded model models/rf_columns.joblib
[2026-02-25T22:57:28.575+0000] {python.py:201} INFO - Done. Returned value was: None
[2026-02-25T22:57:28.592+0000] {taskinstance.py:1138} INFO - Marking task as SUCCESS. dag_id=risk_analysis_v1, task_id=train_random_forest, execution_date=20260225T225706, start_date=20260225T225716, end_date=20260225T225728
[2026-02-25T22:57:28.631+0000] {local_task_job_runner.py:234} INFO - Task exited with return code 0
[2026-02-25T22:57:28.652+0000] {taskinstance.py:3280} INFO - 0 downstream tasks scheduled from follow-on schedule check
