[2026-02-26T08:17:24.630+0000] {taskinstance.py:1956} INFO - Dependencies all met for dep_context=non-requeueable deps ti=<TaskInstance: risk_analysis_v1.train_random_forest manual__2026-02-26T08:17:01.788320+00:00 [queued]>
[2026-02-26T08:17:24.647+0000] {taskinstance.py:1956} INFO - Dependencies all met for dep_context=requeueable deps ti=<TaskInstance: risk_analysis_v1.train_random_forest manual__2026-02-26T08:17:01.788320+00:00 [queued]>
[2026-02-26T08:17:24.648+0000] {taskinstance.py:2170} INFO - Starting attempt 1 of 1
[2026-02-26T08:17:24.670+0000] {taskinstance.py:2191} INFO - Executing <Task(PythonOperator): train_random_forest> on 2026-02-26 08:17:01.788320+00:00
[2026-02-26T08:17:24.683+0000] {standard_task_runner.py:60} INFO - Started process 288 to run task
[2026-02-26T08:17:24.688+0000] {standard_task_runner.py:87} INFO - Running: ['***', 'tasks', 'run', 'risk_analysis_v1', 'train_random_forest', 'manual__2026-02-26T08:17:01.788320+00:00', '--job-id', '7', '--raw', '--subdir', 'DAGS_FOLDER/pipeline.py', '--cfg-path', '/tmp/tmphx8qf3js']
[2026-02-26T08:17:24.692+0000] {standard_task_runner.py:88} INFO - Job 7: Subtask train_random_forest
[2026-02-26T08:17:24.777+0000] {task_command.py:423} INFO - Running <TaskInstance: risk_analysis_v1.train_random_forest manual__2026-02-26T08:17:01.788320+00:00 [running]> on host c52d17b382fd
[2026-02-26T08:17:24.894+0000] {taskinstance.py:2480} INFO - Exporting env vars: AIRFLOW_CTX_DAG_OWNER='***' AIRFLOW_CTX_DAG_ID='risk_analysis_v1' AIRFLOW_CTX_TASK_ID='train_random_forest' AIRFLOW_CTX_EXECUTION_DATE='2026-02-26T08:17:01.788320+00:00' AIRFLOW_CTX_TRY_NUMBER='1' AIRFLOW_CTX_DAG_RUN_ID='manual__2026-02-26T08:17:01.788320+00:00'
[2026-02-26T08:17:24.897+0000] {etl_logic.py:24} INFO - Reading local CSV...
[2026-02-26T08:17:25.815+0000] {etl_logic.py:37} INFO - Fetching World Bank Data...
[2026-02-26T08:17:27.090+0000] {etl_logic.py:46} INFO - ETL Complete. Rows: 27508
[2026-02-26T08:17:27.095+0000] {ml_logic.py:15} INFO - Начинаем подготовку данных для модели: rf
[2026-02-26T08:17:27.144+0000] {ml_logic.py:44} INFO - Обучение модели...
[2026-02-26T08:17:30.147+0000] {ml_logic.py:52} INFO - ==========================================
[2026-02-26T08:17:30.148+0000] {ml_logic.py:53} INFO - РЕЗУЛЬТАТЫ МОДЕЛИ RF:
[2026-02-26T08:17:30.149+0000] {ml_logic.py:54} INFO - Точность (Accuracy): 86.35%
[2026-02-26T08:17:30.150+0000] {ml_logic.py:55} INFO - ==========================================
[2026-02-26T08:17:53.419+0000] {s3_tools.py:53} INFO - ✅ Uploaded model to s3://jasonstatham/models/rf_classifier.joblib
[2026-02-26T08:17:54.503+0000] {s3_tools.py:53} INFO - ✅ Uploaded model to s3://jasonstatham/models/rf_columns.joblib
[2026-02-26T08:17:54.525+0000] {python.py:201} INFO - Done. Returned value was: None
[2026-02-26T08:17:54.547+0000] {taskinstance.py:1138} INFO - Marking task as SUCCESS. dag_id=risk_analysis_v1, task_id=train_random_forest, execution_date=20260226T081701, start_date=20260226T081724, end_date=20260226T081754
[2026-02-26T08:17:54.614+0000] {local_task_job_runner.py:234} INFO - Task exited with return code 0
[2026-02-26T08:17:54.636+0000] {taskinstance.py:3280} INFO - 0 downstream tasks scheduled from follow-on schedule check
