[2026-02-26T01:53:04.137+0000] {taskinstance.py:1956} INFO - Dependencies all met for dep_context=non-requeueable deps ti=<TaskInstance: risk_analysis_v1.train_random_forest manual__2026-02-26T01:50:50.734400+00:00 [queued]>
[2026-02-26T01:53:04.151+0000] {taskinstance.py:1956} INFO - Dependencies all met for dep_context=requeueable deps ti=<TaskInstance: risk_analysis_v1.train_random_forest manual__2026-02-26T01:50:50.734400+00:00 [queued]>
[2026-02-26T01:53:04.153+0000] {taskinstance.py:2170} INFO - Starting attempt 1 of 1
[2026-02-26T01:53:04.177+0000] {taskinstance.py:2191} INFO - Executing <Task(PythonOperator): train_random_forest> on 2026-02-26 01:50:50.734400+00:00
[2026-02-26T01:53:04.193+0000] {standard_task_runner.py:60} INFO - Started process 565 to run task
[2026-02-26T01:53:04.198+0000] {standard_task_runner.py:87} INFO - Running: ['***', 'tasks', 'run', 'risk_analysis_v1', 'train_random_forest', 'manual__2026-02-26T01:50:50.734400+00:00', '--job-id', '12', '--raw', '--subdir', 'DAGS_FOLDER/pipeline.py', '--cfg-path', '/tmp/tmp9gncy76l']
[2026-02-26T01:53:04.203+0000] {standard_task_runner.py:88} INFO - Job 12: Subtask train_random_forest
[2026-02-26T01:53:04.289+0000] {task_command.py:423} INFO - Running <TaskInstance: risk_analysis_v1.train_random_forest manual__2026-02-26T01:50:50.734400+00:00 [running]> on host 7cb9054393e5
[2026-02-26T01:53:04.409+0000] {taskinstance.py:2480} INFO - Exporting env vars: AIRFLOW_CTX_DAG_OWNER='***' AIRFLOW_CTX_DAG_ID='risk_analysis_v1' AIRFLOW_CTX_TASK_ID='train_random_forest' AIRFLOW_CTX_EXECUTION_DATE='2026-02-26T01:50:50.734400+00:00' AIRFLOW_CTX_TRY_NUMBER='1' AIRFLOW_CTX_DAG_RUN_ID='manual__2026-02-26T01:50:50.734400+00:00'
[2026-02-26T01:53:04.413+0000] {etl_logic.py:24} INFO - Reading local CSV...
[2026-02-26T01:53:05.282+0000] {etl_logic.py:37} INFO - Fetching World Bank Data...
[2026-02-26T01:53:06.902+0000] {etl_logic.py:46} INFO - ETL Complete. Rows: 27508
[2026-02-26T01:53:06.907+0000] {ml_logic.py:15} INFO - Начинаем подготовку данных для модели: rf
[2026-02-26T01:53:06.962+0000] {ml_logic.py:44} INFO - Обучение модели...
[2026-02-26T01:53:10.298+0000] {ml_logic.py:52} INFO - ==========================================
[2026-02-26T01:53:10.300+0000] {ml_logic.py:53} INFO - РЕЗУЛЬТАТЫ МОДЕЛИ RF:
[2026-02-26T01:53:10.301+0000] {ml_logic.py:54} INFO - Точность (Accuracy): 85.13%
[2026-02-26T01:53:10.302+0000] {ml_logic.py:55} INFO - ==========================================
[2026-02-26T01:53:25.215+0000] {s3_tools.py:54} INFO - ✅ Uploaded model to s3://jasonstatham/models/rf_classifier.joblib
[2026-02-26T01:53:26.694+0000] {s3_tools.py:54} INFO - ✅ Uploaded model to s3://jasonstatham/models/rf_columns.joblib
[2026-02-26T01:53:26.706+0000] {python.py:201} INFO - Done. Returned value was: None
[2026-02-26T01:53:26.722+0000] {taskinstance.py:1138} INFO - Marking task as SUCCESS. dag_id=risk_analysis_v1, task_id=train_random_forest, execution_date=20260226T015050, start_date=20260226T015304, end_date=20260226T015326
[2026-02-26T01:53:26.788+0000] {local_task_job_runner.py:234} INFO - Task exited with return code 0
[2026-02-26T01:53:26.811+0000] {taskinstance.py:3280} INFO - 0 downstream tasks scheduled from follow-on schedule check
