[2026-02-26T02:12:16.324+0000] {taskinstance.py:1956} INFO - Dependencies all met for dep_context=non-requeueable deps ti=<TaskInstance: risk_analysis_v1.prep_map manual__2026-02-26T02:12:13.179982+00:00 [queued]>
[2026-02-26T02:12:16.340+0000] {taskinstance.py:1956} INFO - Dependencies all met for dep_context=requeueable deps ti=<TaskInstance: risk_analysis_v1.prep_map manual__2026-02-26T02:12:13.179982+00:00 [queued]>
[2026-02-26T02:12:16.342+0000] {taskinstance.py:2170} INFO - Starting attempt 1 of 1
[2026-02-26T02:12:16.387+0000] {taskinstance.py:2191} INFO - Executing <Task(PythonOperator): prep_map> on 2026-02-26 02:12:13.179982+00:00
[2026-02-26T02:12:16.412+0000] {standard_task_runner.py:60} INFO - Started process 2629 to run task
[2026-02-26T02:12:16.421+0000] {standard_task_runner.py:87} INFO - Running: ['***', 'tasks', 'run', 'risk_analysis_v1', 'prep_map', 'manual__2026-02-26T02:12:13.179982+00:00', '--job-id', '2', '--raw', '--subdir', 'DAGS_FOLDER/pipeline.py', '--cfg-path', '/tmp/tmp4o34dyqs']
[2026-02-26T02:12:16.430+0000] {standard_task_runner.py:88} INFO - Job 2: Subtask prep_map
[2026-02-26T02:12:16.521+0000] {task_command.py:423} INFO - Running <TaskInstance: risk_analysis_v1.prep_map manual__2026-02-26T02:12:13.179982+00:00 [running]> on host 9b4f5fd5f7ec
[2026-02-26T02:12:16.663+0000] {taskinstance.py:2480} INFO - Exporting env vars: AIRFLOW_CTX_DAG_OWNER='***' AIRFLOW_CTX_DAG_ID='risk_analysis_v1' AIRFLOW_CTX_TASK_ID='prep_map' AIRFLOW_CTX_EXECUTION_DATE='2026-02-26T02:12:13.179982+00:00' AIRFLOW_CTX_TRY_NUMBER='1' AIRFLOW_CTX_DAG_RUN_ID='manual__2026-02-26T02:12:13.179982+00:00'
[2026-02-26T02:12:16.665+0000] {etl_logic.py:24} INFO - Reading local CSV...
[2026-02-26T02:12:17.789+0000] {etl_logic.py:37} INFO - Fetching World Bank Data...
[2026-02-26T02:12:20.528+0000] {etl_logic.py:46} INFO - ETL Complete. Rows: 27508
[2026-02-26T02:12:21.908+0000] {taskinstance.py:2698} ERROR - Task failed with exception
Traceback (most recent call last):
  File "/home/airflow/.local/lib/python3.8/site-packages/airflow/models/taskinstance.py", line 433, in _execute_task
    result = execute_callable(context=context, **execute_callable_kwargs)
  File "/home/airflow/.local/lib/python3.8/site-packages/airflow/operators/python.py", line 199, in execute
    return_value = self.execute_callable()
  File "/home/airflow/.local/lib/python3.8/site-packages/airflow/operators/python.py", line 216, in execute_callable
    return self.python_callable(*self.op_args, **self.op_kwargs)
  File "/opt/airflow/dags/pipeline.py", line 17, in etl_for_map
    upload_df_parquet(df, 'data/processed_risk_data.parquet')
  File "/opt/airflow/src/s3_tools.py", line 34, in upload_df_parquet
    s3.upload_fileobj(buffer, bucket, key)
  File "/home/airflow/.local/lib/python3.8/site-packages/boto3/s3/inject.py", line 642, in upload_fileobj
    return future.result()
  File "/home/airflow/.local/lib/python3.8/site-packages/s3transfer/futures.py", line 103, in result
    return self._coordinator.result()
  File "/home/airflow/.local/lib/python3.8/site-packages/s3transfer/futures.py", line 266, in result
    raise self._exception
  File "/home/airflow/.local/lib/python3.8/site-packages/s3transfer/tasks.py", line 139, in __call__
    return self._execute_main(kwargs)
  File "/home/airflow/.local/lib/python3.8/site-packages/s3transfer/tasks.py", line 162, in _execute_main
    return_value = self._main(**kwargs)
  File "/home/airflow/.local/lib/python3.8/site-packages/s3transfer/upload.py", line 764, in _main
    client.put_object(Bucket=bucket, Key=key, Body=body, **extra_args)
  File "/home/airflow/.local/lib/python3.8/site-packages/botocore/client.py", line 553, in _api_call
    return self._make_api_call(operation_name, kwargs)
  File "/home/airflow/.local/lib/python3.8/site-packages/botocore/client.py", line 1009, in _make_api_call
    raise error_class(parsed_response, operation_name)
botocore.exceptions.ClientError: An error occurred (RequestTimeTooSkewed) when calling the PutObject operation: The difference between the request time and the current time is too large.
[2026-02-26T02:12:21.946+0000] {taskinstance.py:1138} INFO - Marking task as FAILED. dag_id=risk_analysis_v1, task_id=prep_map, execution_date=20260226T021213, start_date=20260226T021216, end_date=20260226T021221
[2026-02-26T02:12:21.966+0000] {standard_task_runner.py:107} ERROR - Failed to execute job 2 for task prep_map (An error occurred (RequestTimeTooSkewed) when calling the PutObject operation: The difference between the request time and the current time is too large.; 2629)
[2026-02-26T02:12:22.022+0000] {local_task_job_runner.py:234} INFO - Task exited with return code 1
[2026-02-26T02:12:22.058+0000] {taskinstance.py:3280} INFO - 0 downstream tasks scheduled from follow-on schedule check
