[2026-02-26T08:50:19.395+0000] {taskinstance.py:1956} INFO - Dependencies all met for dep_context=non-requeueable deps ti=<TaskInstance: risk_analysis_v1.train_random_forest manual__2026-02-26T08:50:06.954196+00:00 [queued]>
[2026-02-26T08:50:19.409+0000] {taskinstance.py:1956} INFO - Dependencies all met for dep_context=requeueable deps ti=<TaskInstance: risk_analysis_v1.train_random_forest manual__2026-02-26T08:50:06.954196+00:00 [queued]>
[2026-02-26T08:50:19.410+0000] {taskinstance.py:2170} INFO - Starting attempt 1 of 1
[2026-02-26T08:50:19.430+0000] {taskinstance.py:2191} INFO - Executing <Task(PythonOperator): train_random_forest> on 2026-02-26 08:50:06.954196+00:00
[2026-02-26T08:50:19.445+0000] {standard_task_runner.py:60} INFO - Started process 222 to run task
[2026-02-26T08:50:19.451+0000] {standard_task_runner.py:87} INFO - Running: ['***', 'tasks', 'run', 'risk_analysis_v1', 'train_random_forest', 'manual__2026-02-26T08:50:06.954196+00:00', '--job-id', '5', '--raw', '--subdir', 'DAGS_FOLDER/pipeline.py', '--cfg-path', '/tmp/tmpkczil68x']
[2026-02-26T08:50:19.462+0000] {standard_task_runner.py:88} INFO - Job 5: Subtask train_random_forest
[2026-02-26T08:50:19.548+0000] {task_command.py:423} INFO - Running <TaskInstance: risk_analysis_v1.train_random_forest manual__2026-02-26T08:50:06.954196+00:00 [running]> on host 4ebaa6433361
[2026-02-26T08:50:19.692+0000] {taskinstance.py:2480} INFO - Exporting env vars: AIRFLOW_CTX_DAG_OWNER='***' AIRFLOW_CTX_DAG_ID='risk_analysis_v1' AIRFLOW_CTX_TASK_ID='train_random_forest' AIRFLOW_CTX_EXECUTION_DATE='2026-02-26T08:50:06.954196+00:00' AIRFLOW_CTX_TRY_NUMBER='1' AIRFLOW_CTX_DAG_RUN_ID='manual__2026-02-26T08:50:06.954196+00:00'
[2026-02-26T08:50:19.697+0000] {etl_logic.py:24} INFO - Reading local CSV...
[2026-02-26T08:50:20.494+0000] {etl_logic.py:37} INFO - Fetching World Bank Data...
[2026-02-26T08:50:21.969+0000] {etl_logic.py:46} INFO - ETL Complete. Rows: 27508
[2026-02-26T08:50:21.976+0000] {ml_logic.py:15} INFO - Начинаем подготовку данных для модели: rf
[2026-02-26T08:50:22.035+0000] {ml_logic.py:44} INFO - Обучение модели...
[2026-02-26T08:50:24.953+0000] {ml_logic.py:52} INFO - ==========================================
[2026-02-26T08:50:24.954+0000] {ml_logic.py:53} INFO - РЕЗУЛЬТАТЫ МОДЕЛИ RF:
[2026-02-26T08:50:24.955+0000] {ml_logic.py:54} INFO - Точность (Accuracy): 86.35%
[2026-02-26T08:50:24.956+0000] {ml_logic.py:55} INFO - ==========================================
[2026-02-26T08:50:35.809+0000] {s3_tools.py:53} INFO - ✅ Uploaded model to s3://jasonstatham/models/rf_classifier.joblib
[2026-02-26T08:50:36.924+0000] {s3_tools.py:53} INFO - ✅ Uploaded model to s3://jasonstatham/models/rf_columns.joblib
[2026-02-26T08:50:36.937+0000] {python.py:201} INFO - Done. Returned value was: None
[2026-02-26T08:50:36.957+0000] {taskinstance.py:1138} INFO - Marking task as SUCCESS. dag_id=risk_analysis_v1, task_id=train_random_forest, execution_date=20260226T085006, start_date=20260226T085019, end_date=20260226T085036
[2026-02-26T08:50:37.054+0000] {local_task_job_runner.py:234} INFO - Task exited with return code 0
[2026-02-26T08:50:37.083+0000] {taskinstance.py:3280} INFO - 0 downstream tasks scheduled from follow-on schedule check
